/Users/leonardoiacussi/Desktop/PhD/Firmware/Projects/STM32L4R9ZI-STWIN/Applications/FP-AI-MONITOR1/mx/Src/dfsdm.c:31:6:MX_DFSDM1_Init	8	static
/Users/leonardoiacussi/Desktop/PhD/Firmware/Projects/STM32L4R9ZI-STWIN/Applications/FP-AI-MONITOR1/mx/Src/dfsdm.c:98:6:HAL_DFSDM_FilterMspInit	48	static
/Users/leonardoiacussi/Desktop/PhD/Firmware/Projects/STM32L4R9ZI-STWIN/Applications/FP-AI-MONITOR1/mx/Src/dfsdm.c:165:6:HAL_DFSDM_ChannelMspInit	48	static
/Users/leonardoiacussi/Desktop/PhD/Firmware/Projects/STM32L4R9ZI-STWIN/Applications/FP-AI-MONITOR1/mx/Src/dfsdm.c:208:6:HAL_DFSDM_FilterMspDeInit	16	static
/Users/leonardoiacussi/Desktop/PhD/Firmware/Projects/STM32L4R9ZI-STWIN/Applications/FP-AI-MONITOR1/mx/Src/dfsdm.c:239:6:HAL_DFSDM_ChannelMspDeInit	16	static
