/Users/leonardoiacussi/Desktop/PhD/Firmware/Projects/STM32L4R9ZI-STWIN/Applications/FP-AI-MONITOR1/mx/Src/spi.c:32:6:MX_SPI2_Init	8	static
/Users/leonardoiacussi/Desktop/PhD/Firmware/Projects/STM32L4R9ZI-STWIN/Applications/FP-AI-MONITOR1/mx/Src/spi.c:66:6:MX_SPI3_Init	8	static
/Users/leonardoiacussi/Desktop/PhD/Firmware/Projects/STM32L4R9ZI-STWIN/Applications/FP-AI-MONITOR1/mx/Src/spi.c:100:6:HAL_SPI_MspInit	56	static
/Users/leonardoiacussi/Desktop/PhD/Firmware/Projects/STM32L4R9ZI-STWIN/Applications/FP-AI-MONITOR1/mx/Src/spi.c:199:6:HAL_SPI_MspDeInit	16	static
