../Application/Startup/syscalls.c:54:6:initialise_monitor_handles	4	static
../Application/Startup/syscalls.c:58:5:_getpid	4	static
../Application/Startup/syscalls.c:63:5:_kill	16	static
../Application/Startup/syscalls.c:69:6:_exit	16	static
../Application/Startup/syscalls.c:75:27:_read	32	static
../Application/Startup/syscalls.c:87:27:_write	32	static
../Application/Startup/syscalls.c:127:5:_close	16	static
../Application/Startup/syscalls.c:133:5:_fstat	16	static
../Application/Startup/syscalls.c:139:5:_isatty	16	static
../Application/Startup/syscalls.c:144:5:_lseek	24	static
../Application/Startup/syscalls.c:149:5:_open	12	static
../Application/Startup/syscalls.c:155:5:_wait	16	static
../Application/Startup/syscalls.c:161:5:_unlink	16	static
../Application/Startup/syscalls.c:167:5:_times	16	static
../Application/Startup/syscalls.c:172:5:_stat	16	static
../Application/Startup/syscalls.c:178:5:_link	16	static
../Application/Startup/syscalls.c:184:5:_fork	8	static
../Application/Startup/syscalls.c:190:5:_execve	24	static
