/Users/leonardoiacussi/Desktop/PhD/Firmware/Projects/STM32L4R9ZI-STWIN/Applications/FP-AI-MONITOR1/DPU/Src/ADPU.c:66:18:ADPU_Init_vtbl	24	static
/Users/leonardoiacussi/Desktop/PhD/Firmware/Projects/STM32L4R9ZI-STWIN/Applications/FP-AI-MONITOR1/DPU/Src/ADPU.c:92:18:ADPU_AttachToSensor_vtbl	48	static
/Users/leonardoiacussi/Desktop/PhD/Firmware/Projects/STM32L4R9ZI-STWIN/Applications/FP-AI-MONITOR1/DPU/Src/ADPU.c:143:18:ADPU_DetachFromSensor_vtbl	32	static
/Users/leonardoiacussi/Desktop/PhD/Firmware/Projects/STM32L4R9ZI-STWIN/Applications/FP-AI-MONITOR1/DPU/Src/ADPU.c:184:18:ADPU_AttachInputADPU_vtbl	40	static
/Users/leonardoiacussi/Desktop/PhD/Firmware/Projects/STM32L4R9ZI-STWIN/Applications/FP-AI-MONITOR1/DPU/Src/ADPU.c:230:18:ADPU_DetachFromADPU_vtbl	24	static
/Users/leonardoiacussi/Desktop/PhD/Firmware/Projects/STM32L4R9ZI-STWIN/Applications/FP-AI-MONITOR1/DPU/Src/ADPU.c:253:18:ADPU_DispatchEvents_vtbl	24	static
/Users/leonardoiacussi/Desktop/PhD/Firmware/Projects/STM32L4R9ZI-STWIN/Applications/FP-AI-MONITOR1/DPU/Src/ADPU.c:280:25:ADPU_NotifyDPUDataReady_vtbl	32	static
/Users/leonardoiacussi/Desktop/PhD/Firmware/Projects/STM32L4R9ZI-STWIN/Applications/FP-AI-MONITOR1/DPU/Src/ADPU.c:319:18:ADPU_RegisterNotifyCallbacks_vtbl	32	static
/Users/leonardoiacussi/Desktop/PhD/Firmware/Projects/STM32L4R9ZI-STWIN/Applications/FP-AI-MONITOR1/DPU/Src/ADPU.c:334:6:ADPU_SetOwner_vtbl	24	static
/Users/leonardoiacussi/Desktop/PhD/Firmware/Projects/STM32L4R9ZI-STWIN/Applications/FP-AI-MONITOR1/DPU/Src/ADPU.c:343:7:ADPU_GetOwner_vtbl	24	static
/Users/leonardoiacussi/Desktop/PhD/Firmware/Projects/STM32L4R9ZI-STWIN/Applications/FP-AI-MONITOR1/DPU/Src/ADPU.c:354:18:ADP_OnNewDataReady_vtbl	32	static
/Users/leonardoiacussi/Desktop/PhD/Firmware/Projects/STM32L4R9ZI-STWIN/Applications/FP-AI-MONITOR1/DPU/Src/ADPU.c:404:17:ADPU_GetEventListenerIF	16	static
/Users/leonardoiacussi/Desktop/PhD/Firmware/Projects/STM32L4R9ZI-STWIN/Applications/FP-AI-MONITOR1/DPU/Src/ADPU.c:410:12:ADPU_GetEventSrcIF	16	static
/Users/leonardoiacussi/Desktop/PhD/Firmware/Projects/STM32L4R9ZI-STWIN/Applications/FP-AI-MONITOR1/DPU/Src/ADPU.c:416:18:ADPU_SetTag	16	static
/Users/leonardoiacussi/Desktop/PhD/Firmware/Projects/STM32L4R9ZI-STWIN/Applications/FP-AI-MONITOR1/DPU/Src/ADPU.c:422:10:ADPU_GetTag	16	static
/Users/leonardoiacussi/Desktop/PhD/Firmware/Projects/STM32L4R9ZI-STWIN/Applications/FP-AI-MONITOR1/DPU/Src/ADPU.c:428:18:ADPU_Reset	40	static
/Users/leonardoiacussi/Desktop/PhD/Firmware/Projects/STM32L4R9ZI-STWIN/Applications/FP-AI-MONITOR1/DPU/Src/ADPU.c:462:18:ADPU_Resume	24	static
/Users/leonardoiacussi/Desktop/PhD/Firmware/Projects/STM32L4R9ZI-STWIN/Applications/FP-AI-MONITOR1/DPU/Src/ADPU.c:471:18:ADPU_Suspend	24	static
/Users/leonardoiacussi/Desktop/PhD/Firmware/Projects/STM32L4R9ZI-STWIN/Applications/FP-AI-MONITOR1/DPU/Src/ADPU.c:480:6:ADPU_IsSuspended	24	static
/Users/leonardoiacussi/Desktop/PhD/Firmware/Projects/STM32L4R9ZI-STWIN/Applications/FP-AI-MONITOR1/DPU/Src/ADPU.c:491:25:CB_storing_int16_toInt16_helper	160	static
/Users/leonardoiacussi/Desktop/PhD/Firmware/Projects/STM32L4R9ZI-STWIN/Applications/FP-AI-MONITOR1/DPU/Src/ADPU.c:642:25:CB_storing_int16_toFloat_helper	160	static
/Users/leonardoiacussi/Desktop/PhD/Firmware/Projects/STM32L4R9ZI-STWIN/Applications/FP-AI-MONITOR1/DPU/Src/ADPU.c:790:25:CB_storing_float_toFloat_helper	160	static
/Users/leonardoiacussi/Desktop/PhD/Firmware/Projects/STM32L4R9ZI-STWIN/Applications/FP-AI-MONITOR1/DPU/Src/ADPU.c:927:21:GetSensor	16	static
/Users/leonardoiacussi/Desktop/PhD/Firmware/Projects/STM32L4R9ZI-STWIN/Applications/FP-AI-MONITOR1/DPU/Src/ADPU.c:933:13:SetNextDPU	16	static
