/Users/leonardoiacussi/Desktop/PhD/Firmware/Projects/STM32L4R9ZI-STWIN/Applications/FP-AI-MONITOR1/DPU/Src/CircularBuffer.c:124:17:CB_Alloc	24	static
/Users/leonardoiacussi/Desktop/PhD/Firmware/Projects/STM32L4R9ZI-STWIN/Applications/FP-AI-MONITOR1/DPU/Src/CircularBuffer.c:145:6:CB_Free	16	static
/Users/leonardoiacussi/Desktop/PhD/Firmware/Projects/STM32L4R9ZI-STWIN/Applications/FP-AI-MONITOR1/DPU/Src/CircularBuffer.c:153:10:CB_Init	40	static
/Users/leonardoiacussi/Desktop/PhD/Firmware/Projects/STM32L4R9ZI-STWIN/Applications/FP-AI-MONITOR1/DPU/Src/CircularBuffer.c:174:9:CB_IsEmpty	24	static
/Users/leonardoiacussi/Desktop/PhD/Firmware/Projects/STM32L4R9ZI-STWIN/Applications/FP-AI-MONITOR1/DPU/Src/CircularBuffer.c:186:9:CB_IsFull	24	static
/Users/leonardoiacussi/Desktop/PhD/Firmware/Projects/STM32L4R9ZI-STWIN/Applications/FP-AI-MONITOR1/DPU/Src/CircularBuffer.c:198:10:CB_GetUsedItemsCount	24	static
/Users/leonardoiacussi/Desktop/PhD/Firmware/Projects/STM32L4R9ZI-STWIN/Applications/FP-AI-MONITOR1/DPU/Src/CircularBuffer.c:220:10:CB_GetItemsCount	24	static
/Users/leonardoiacussi/Desktop/PhD/Firmware/Projects/STM32L4R9ZI-STWIN/Applications/FP-AI-MONITOR1/DPU/Src/CircularBuffer.c:232:10:CB_GetItemSize	24	static
/Users/leonardoiacussi/Desktop/PhD/Firmware/Projects/STM32L4R9ZI-STWIN/Applications/FP-AI-MONITOR1/DPU/Src/CircularBuffer.c:244:10:CB_GetFreeItemFromHead	24	static
/Users/leonardoiacussi/Desktop/PhD/Firmware/Projects/STM32L4R9ZI-STWIN/Applications/FP-AI-MONITOR1/DPU/Src/CircularBuffer.c:269:10:CB_GetReadyItemFromTail	24	static
/Users/leonardoiacussi/Desktop/PhD/Firmware/Projects/STM32L4R9ZI-STWIN/Applications/FP-AI-MONITOR1/DPU/Src/CircularBuffer.c:292:10:CB_ReleaseItem	24	static
/Users/leonardoiacussi/Desktop/PhD/Firmware/Projects/STM32L4R9ZI-STWIN/Applications/FP-AI-MONITOR1/DPU/Src/CircularBuffer.c:316:10:CB_SetItemReady	24	static
/Users/leonardoiacussi/Desktop/PhD/Firmware/Projects/STM32L4R9ZI-STWIN/Applications/FP-AI-MONITOR1/DPU/Src/CircularBuffer.c:340:7:CB_GetItemData	16	static
/Users/leonardoiacussi/Desktop/PhD/Firmware/Projects/STM32L4R9ZI-STWIN/Applications/FP-AI-MONITOR1/DPU/Src/CircularBuffer.c:347:7:CB_GetItemsBuffer	16	static
/Users/leonardoiacussi/Desktop/PhD/Firmware/Projects/STM32L4R9ZI-STWIN/Applications/FP-AI-MONITOR1/DPU/Src/CircularBuffer.c:354:9:CB_PeekNextItem	24	static
/Users/leonardoiacussi/Desktop/PhD/Firmware/Projects/STM32L4R9ZI-STWIN/Applications/FP-AI-MONITOR1/DPU/Src/CircularBuffer.c:386:20:CB_EnterCritical	16	static,ignoring_inline_asm
/Users/leonardoiacussi/Desktop/PhD/Firmware/Projects/STM32L4R9ZI-STWIN/Applications/FP-AI-MONITOR1/DPU/Src/CircularBuffer.c:398:20:CB_ExitCritical	16	static,ignoring_inline_asm
