../../DPU/Inc/NeaiDPU.h:186:13:NeaiDPUGetProcessingMode	24	static
../../DPU/Inc/NeaiDPU.h:204:7:NeaiDPUGetProcessResult	16	static
/Users/leonardoiacussi/Desktop/PhD/Firmware/Projects/STM32L4R9ZI-STWIN/Applications/FP-AI-MONITOR1/DPU/Src/NeaiDPU.c:80:7:NeaiDPUAlloc	16	static
/Users/leonardoiacussi/Desktop/PhD/Firmware/Projects/STM32L4R9ZI-STWIN/Applications/FP-AI-MONITOR1/DPU/Src/NeaiDPU.c:91:7:NeaiDPUStaticAlloc	24	static
/Users/leonardoiacussi/Desktop/PhD/Firmware/Projects/STM32L4R9ZI-STWIN/Applications/FP-AI-MONITOR1/DPU/Src/NeaiDPU.c:102:18:NeaiDPUSetProcessingMode	24	static
/Users/leonardoiacussi/Desktop/PhD/Firmware/Projects/STM32L4R9ZI-STWIN/Applications/FP-AI-MONITOR1/DPU/Src/NeaiDPU.c:123:10:NeaiDPUSetStreamsParam	24	static
/Users/leonardoiacussi/Desktop/PhD/Firmware/Projects/STM32L4R9ZI-STWIN/Applications/FP-AI-MONITOR1/DPU/Src/NeaiDPU.c:161:18:NeaiDPUPrepareToProcessData	24	static
/Users/leonardoiacussi/Desktop/PhD/Firmware/Projects/STM32L4R9ZI-STWIN/Applications/FP-AI-MONITOR1/DPU/Src/NeaiDPU.c:172:18:NeaiDPUSetSensitivity	24	static
/Users/leonardoiacussi/Desktop/PhD/Firmware/Projects/STM32L4R9ZI-STWIN/Applications/FP-AI-MONITOR1/DPU/Src/NeaiDPU.c:188:18:NeaiDPU_vtblInit	24	static
/Users/leonardoiacussi/Desktop/PhD/Firmware/Projects/STM32L4R9ZI-STWIN/Applications/FP-AI-MONITOR1/DPU/Src/NeaiDPU.c:210:18:NeaiDPU_vtblProcess	72	static
/Users/leonardoiacussi/Desktop/PhD/Firmware/Projects/STM32L4R9ZI-STWIN/Applications/FP-AI-MONITOR1/DPU/Src/NeaiDPU.c:273:25:NeaiDPUAreStreamsInitialized	16	static
