/Users/leonardoiacussi/Desktop/PhD/Firmware/Drivers/BSP/Components/iis3dwb/iis3dwb_reg.c:49:9:iis3dwb_read_reg	40	static
/Users/leonardoiacussi/Desktop/PhD/Firmware/Drivers/BSP/Components/iis3dwb/iis3dwb_reg.c:68:9:iis3dwb_write_reg	40	static
/Users/leonardoiacussi/Desktop/PhD/Firmware/Drivers/BSP/Components/iis3dwb/iis3dwb_reg.c:89:9:iis3dwb_from_fs2g_to_mg	16	static
/Users/leonardoiacussi/Desktop/PhD/Firmware/Drivers/BSP/Components/iis3dwb/iis3dwb_reg.c:94:9:iis3dwb_from_fs4g_to_mg	16	static
/Users/leonardoiacussi/Desktop/PhD/Firmware/Drivers/BSP/Components/iis3dwb/iis3dwb_reg.c:99:9:iis3dwb_from_fs8g_to_mg	16	static
/Users/leonardoiacussi/Desktop/PhD/Firmware/Drivers/BSP/Components/iis3dwb/iis3dwb_reg.c:104:9:iis3dwb_from_fs16g_to_mg	16	static
/Users/leonardoiacussi/Desktop/PhD/Firmware/Drivers/BSP/Components/iis3dwb/iis3dwb_reg.c:109:9:iis3dwb_from_lsb_to_celsius	16	static
/Users/leonardoiacussi/Desktop/PhD/Firmware/Drivers/BSP/Components/iis3dwb/iis3dwb_reg.c:114:9:iis3dwb_from_lsb_to_nsec	16	static
/Users/leonardoiacussi/Desktop/PhD/Firmware/Drivers/BSP/Components/iis3dwb/iis3dwb_reg.c:140:9:iis3dwb_xl_full_scale_set	24	static
/Users/leonardoiacussi/Desktop/PhD/Firmware/Drivers/BSP/Components/iis3dwb/iis3dwb_reg.c:165:9:iis3dwb_xl_full_scale_get	24	static
/Users/leonardoiacussi/Desktop/PhD/Firmware/Drivers/BSP/Components/iis3dwb/iis3dwb_reg.c:206:9:iis3dwb_xl_data_rate_set	24	static
/Users/leonardoiacussi/Desktop/PhD/Firmware/Drivers/BSP/Components/iis3dwb/iis3dwb_reg.c:231:9:iis3dwb_xl_data_rate_get	24	static
/Users/leonardoiacussi/Desktop/PhD/Firmware/Drivers/BSP/Components/iis3dwb/iis3dwb_reg.c:264:9:iis3dwb_block_data_update_set	24	static
/Users/leonardoiacussi/Desktop/PhD/Firmware/Drivers/BSP/Components/iis3dwb/iis3dwb_reg.c:286:9:iis3dwb_block_data_update_get	24	static
/Users/leonardoiacussi/Desktop/PhD/Firmware/Drivers/BSP/Components/iis3dwb/iis3dwb_reg.c:304:9:iis3dwb_xl_offset_weight_set	24	static
/Users/leonardoiacussi/Desktop/PhD/Firmware/Drivers/BSP/Components/iis3dwb/iis3dwb_reg.c:328:9:iis3dwb_xl_offset_weight_get	24	static
/Users/leonardoiacussi/Desktop/PhD/Firmware/Drivers/BSP/Components/iis3dwb/iis3dwb_reg.c:361:9:iis3dwb_xl_axis_selection_set	32	static
/Users/leonardoiacussi/Desktop/PhD/Firmware/Drivers/BSP/Components/iis3dwb/iis3dwb_reg.c:395:9:iis3dwb_xl_axis_selection_get	32	static
/Users/leonardoiacussi/Desktop/PhD/Firmware/Drivers/BSP/Components/iis3dwb/iis3dwb_reg.c:453:9:iis3dwb_all_sources_get	24	static
/Users/leonardoiacussi/Desktop/PhD/Firmware/Drivers/BSP/Components/iis3dwb/iis3dwb_reg.c:481:9:iis3dwb_status_reg_get	24	static
/Users/leonardoiacussi/Desktop/PhD/Firmware/Drivers/BSP/Components/iis3dwb/iis3dwb_reg.c:497:9:iis3dwb_xl_flag_data_ready_get	24	static
/Users/leonardoiacussi/Desktop/PhD/Firmware/Drivers/BSP/Components/iis3dwb/iis3dwb_reg.c:516:9:iis3dwb_temp_flag_data_ready_get	24	static
/Users/leonardoiacussi/Desktop/PhD/Firmware/Drivers/BSP/Components/iis3dwb/iis3dwb_reg.c:537:9:iis3dwb_xl_usr_offset_x_set	24	static
/Users/leonardoiacussi/Desktop/PhD/Firmware/Drivers/BSP/Components/iis3dwb/iis3dwb_reg.c:554:9:iis3dwb_xl_usr_offset_x_get	24	static
/Users/leonardoiacussi/Desktop/PhD/Firmware/Drivers/BSP/Components/iis3dwb/iis3dwb_reg.c:571:9:iis3dwb_xl_usr_offset_y_set	24	static
/Users/leonardoiacussi/Desktop/PhD/Firmware/Drivers/BSP/Components/iis3dwb/iis3dwb_reg.c:588:9:iis3dwb_xl_usr_offset_y_get	24	static
/Users/leonardoiacussi/Desktop/PhD/Firmware/Drivers/BSP/Components/iis3dwb/iis3dwb_reg.c:605:9:iis3dwb_xl_usr_offset_z_set	24	static
/Users/leonardoiacussi/Desktop/PhD/Firmware/Drivers/BSP/Components/iis3dwb/iis3dwb_reg.c:622:9:iis3dwb_xl_usr_offset_z_get	24	static
/Users/leonardoiacussi/Desktop/PhD/Firmware/Drivers/BSP/Components/iis3dwb/iis3dwb_reg.c:649:9:iis3dwb_timestamp_rst	24	static
/Users/leonardoiacussi/Desktop/PhD/Firmware/Drivers/BSP/Components/iis3dwb/iis3dwb_reg.c:663:9:iis3dwb_timestamp_set	24	static
/Users/leonardoiacussi/Desktop/PhD/Firmware/Drivers/BSP/Components/iis3dwb/iis3dwb_reg.c:687:9:iis3dwb_timestamp_get	24	static
/Users/leonardoiacussi/Desktop/PhD/Firmware/Drivers/BSP/Components/iis3dwb/iis3dwb_reg.c:707:9:iis3dwb_timestamp_raw_get	24	static
/Users/leonardoiacussi/Desktop/PhD/Firmware/Drivers/BSP/Components/iis3dwb/iis3dwb_reg.c:739:9:iis3dwb_rounding_mode_set	24	static
/Users/leonardoiacussi/Desktop/PhD/Firmware/Drivers/BSP/Components/iis3dwb/iis3dwb_reg.c:762:9:iis3dwb_rounding_mode_get	24	static
/Users/leonardoiacussi/Desktop/PhD/Firmware/Drivers/BSP/Components/iis3dwb/iis3dwb_reg.c:796:9:iis3dwb_temperature_raw_get	24	static
/Users/leonardoiacussi/Desktop/PhD/Firmware/Drivers/BSP/Components/iis3dwb/iis3dwb_reg.c:815:9:iis3dwb_acceleration_raw_get	32	static
/Users/leonardoiacussi/Desktop/PhD/Firmware/Drivers/BSP/Components/iis3dwb/iis3dwb_reg.c:837:9:iis3dwb_fifo_out_raw_get	24	static
/Users/leonardoiacussi/Desktop/PhD/Firmware/Drivers/BSP/Components/iis3dwb/iis3dwb_reg.c:866:9:iis3dwb_odr_cal_reg_set	24	static
/Users/leonardoiacussi/Desktop/PhD/Firmware/Drivers/BSP/Components/iis3dwb/iis3dwb_reg.c:892:9:iis3dwb_odr_cal_reg_get	24	static
/Users/leonardoiacussi/Desktop/PhD/Firmware/Drivers/BSP/Components/iis3dwb/iis3dwb_reg.c:911:9:iis3dwb_data_ready_mode_set	24	static
/Users/leonardoiacussi/Desktop/PhD/Firmware/Drivers/BSP/Components/iis3dwb/iis3dwb_reg.c:937:9:iis3dwb_data_ready_mode_get	24	static
/Users/leonardoiacussi/Desktop/PhD/Firmware/Drivers/BSP/Components/iis3dwb/iis3dwb_reg.c:970:9:iis3dwb_device_id_get	24	static
/Users/leonardoiacussi/Desktop/PhD/Firmware/Drivers/BSP/Components/iis3dwb/iis3dwb_reg.c:985:9:iis3dwb_reset_set	24	static
/Users/leonardoiacussi/Desktop/PhD/Firmware/Drivers/BSP/Components/iis3dwb/iis3dwb_reg.c:1007:9:iis3dwb_reset_get	24	static
/Users/leonardoiacussi/Desktop/PhD/Firmware/Drivers/BSP/Components/iis3dwb/iis3dwb_reg.c:1025:9:iis3dwb_auto_increment_set	24	static
/Users/leonardoiacussi/Desktop/PhD/Firmware/Drivers/BSP/Components/iis3dwb/iis3dwb_reg.c:1048:9:iis3dwb_auto_increment_get	24	static
/Users/leonardoiacussi/Desktop/PhD/Firmware/Drivers/BSP/Components/iis3dwb/iis3dwb_reg.c:1065:9:iis3dwb_boot_set	24	static
/Users/leonardoiacussi/Desktop/PhD/Firmware/Drivers/BSP/Components/iis3dwb/iis3dwb_reg.c:1087:9:iis3dwb_boot_get	24	static
/Users/leonardoiacussi/Desktop/PhD/Firmware/Drivers/BSP/Components/iis3dwb/iis3dwb_reg.c:1106:9:iis3dwb_xl_self_test_set	24	static
/Users/leonardoiacussi/Desktop/PhD/Firmware/Drivers/BSP/Components/iis3dwb/iis3dwb_reg.c:1129:9:iis3dwb_xl_self_test_get	24	static
/Users/leonardoiacussi/Desktop/PhD/Firmware/Drivers/BSP/Components/iis3dwb/iis3dwb_reg.c:1180:9:iis3dwb_xl_filter_lp2_set	24	static
/Users/leonardoiacussi/Desktop/PhD/Firmware/Drivers/BSP/Components/iis3dwb/iis3dwb_reg.c:1204:9:iis3dwb_xl_filter_lp2_get	24	static
/Users/leonardoiacussi/Desktop/PhD/Firmware/Drivers/BSP/Components/iis3dwb/iis3dwb_reg.c:1223:9:iis3dwb_filter_settling_mask_set	24	static
/Users/leonardoiacussi/Desktop/PhD/Firmware/Drivers/BSP/Components/iis3dwb/iis3dwb_reg.c:1247:9:iis3dwb_filter_settling_mask_get	24	static
/Users/leonardoiacussi/Desktop/PhD/Firmware/Drivers/BSP/Components/iis3dwb/iis3dwb_reg.c:1266:9:iis3dwb_xl_hp_path_on_out_set	32	static
/Users/leonardoiacussi/Desktop/PhD/Firmware/Drivers/BSP/Components/iis3dwb/iis3dwb_reg.c:1306:9:iis3dwb_xl_hp_path_on_out_get	32	static
/Users/leonardoiacussi/Desktop/PhD/Firmware/Drivers/BSP/Components/iis3dwb/iis3dwb_reg.c:1408:9:iis3dwb_xl_fast_settling_set	24	static
/Users/leonardoiacussi/Desktop/PhD/Firmware/Drivers/BSP/Components/iis3dwb/iis3dwb_reg.c:1434:9:iis3dwb_xl_fast_settling_get	24	static
/Users/leonardoiacussi/Desktop/PhD/Firmware/Drivers/BSP/Components/iis3dwb/iis3dwb_reg.c:1453:9:iis3dwb_xl_hp_path_internal_set	24	static
/Users/leonardoiacussi/Desktop/PhD/Firmware/Drivers/BSP/Components/iis3dwb/iis3dwb_reg.c:1479:9:iis3dwb_xl_hp_path_internal_get	24	static
/Users/leonardoiacussi/Desktop/PhD/Firmware/Drivers/BSP/Components/iis3dwb/iis3dwb_reg.c:1525:9:iis3dwb_sdo_sa0_mode_set	24	static
/Users/leonardoiacussi/Desktop/PhD/Firmware/Drivers/BSP/Components/iis3dwb/iis3dwb_reg.c:1550:9:iis3dwb_sdo_sa0_mode_get	24	static
/Users/leonardoiacussi/Desktop/PhD/Firmware/Drivers/BSP/Components/iis3dwb/iis3dwb_reg.c:1583:9:iis3dwb_spi_mode_set	24	static
/Users/leonardoiacussi/Desktop/PhD/Firmware/Drivers/BSP/Components/iis3dwb/iis3dwb_reg.c:1605:9:iis3dwb_spi_mode_get	24	static
/Users/leonardoiacussi/Desktop/PhD/Firmware/Drivers/BSP/Components/iis3dwb/iis3dwb_reg.c:1636:9:iis3dwb_i2c_interface_set	24	static
/Users/leonardoiacussi/Desktop/PhD/Firmware/Drivers/BSP/Components/iis3dwb/iis3dwb_reg.c:1659:9:iis3dwb_i2c_interface_get	24	static
/Users/leonardoiacussi/Desktop/PhD/Firmware/Drivers/BSP/Components/iis3dwb/iis3dwb_reg.c:1704:9:iis3dwb_pin_int1_route_set	32	static
/Users/leonardoiacussi/Desktop/PhD/Firmware/Drivers/BSP/Components/iis3dwb/iis3dwb_reg.c:1758:9:iis3dwb_pin_int1_route_get	32	static
/Users/leonardoiacussi/Desktop/PhD/Firmware/Drivers/BSP/Components/iis3dwb/iis3dwb_reg.c:1805:9:iis3dwb_pin_int2_route_set	32	static
/Users/leonardoiacussi/Desktop/PhD/Firmware/Drivers/BSP/Components/iis3dwb/iis3dwb_reg.c:1860:9:iis3dwb_pin_int2_route_get	32	static
/Users/leonardoiacussi/Desktop/PhD/Firmware/Drivers/BSP/Components/iis3dwb/iis3dwb_reg.c:1908:9:iis3dwb_pin_mode_set	24	static
/Users/leonardoiacussi/Desktop/PhD/Firmware/Drivers/BSP/Components/iis3dwb/iis3dwb_reg.c:1930:9:iis3dwb_pin_mode_get	24	static
/Users/leonardoiacussi/Desktop/PhD/Firmware/Drivers/BSP/Components/iis3dwb/iis3dwb_reg.c:1961:9:iis3dwb_pin_polarity_set	24	static
/Users/leonardoiacussi/Desktop/PhD/Firmware/Drivers/BSP/Components/iis3dwb/iis3dwb_reg.c:1984:9:iis3dwb_pin_polarity_get	24	static
/Users/leonardoiacussi/Desktop/PhD/Firmware/Drivers/BSP/Components/iis3dwb/iis3dwb_reg.c:2016:9:iis3dwb_all_on_int1_set	24	static
/Users/leonardoiacussi/Desktop/PhD/Firmware/Drivers/BSP/Components/iis3dwb/iis3dwb_reg.c:2038:9:iis3dwb_all_on_int1_get	24	static
/Users/leonardoiacussi/Desktop/PhD/Firmware/Drivers/BSP/Components/iis3dwb/iis3dwb_reg.c:2055:9:iis3dwb_int_notification_set	24	static
/Users/leonardoiacussi/Desktop/PhD/Firmware/Drivers/BSP/Components/iis3dwb/iis3dwb_reg.c:2080:9:iis3dwb_int_notification_get	24	static
/Users/leonardoiacussi/Desktop/PhD/Firmware/Drivers/BSP/Components/iis3dwb/iis3dwb_reg.c:2128:9:iis3dwb_wkup_ths_weight_set	24	static
/Users/leonardoiacussi/Desktop/PhD/Firmware/Drivers/BSP/Components/iis3dwb/iis3dwb_reg.c:2155:9:iis3dwb_wkup_ths_weight_get	24	static
/Users/leonardoiacussi/Desktop/PhD/Firmware/Drivers/BSP/Components/iis3dwb/iis3dwb_reg.c:2190:9:iis3dwb_wkup_threshold_set	32	static
/Users/leonardoiacussi/Desktop/PhD/Firmware/Drivers/BSP/Components/iis3dwb/iis3dwb_reg.c:2227:9:iis3dwb_wkup_threshold_get	24	static
/Users/leonardoiacussi/Desktop/PhD/Firmware/Drivers/BSP/Components/iis3dwb/iis3dwb_reg.c:2245:9:iis3dwb_xl_usr_offset_on_wkup_set	24	static
/Users/leonardoiacussi/Desktop/PhD/Firmware/Drivers/BSP/Components/iis3dwb/iis3dwb_reg.c:2270:9:iis3dwb_xl_usr_offset_on_wkup_get	24	static
/Users/leonardoiacussi/Desktop/PhD/Firmware/Drivers/BSP/Components/iis3dwb/iis3dwb_reg.c:2289:9:iis3dwb_wkup_dur_set	24	static
/Users/leonardoiacussi/Desktop/PhD/Firmware/Drivers/BSP/Components/iis3dwb/iis3dwb_reg.c:2313:9:iis3dwb_wkup_dur_get	24	static
/Users/leonardoiacussi/Desktop/PhD/Firmware/Drivers/BSP/Components/iis3dwb/iis3dwb_reg.c:2344:9:iis3dwb_act_sleep_dur_set	24	static
/Users/leonardoiacussi/Desktop/PhD/Firmware/Drivers/BSP/Components/iis3dwb/iis3dwb_reg.c:2368:9:iis3dwb_act_sleep_dur_get	24	static
/Users/leonardoiacussi/Desktop/PhD/Firmware/Drivers/BSP/Components/iis3dwb/iis3dwb_reg.c:2399:9:iis3dwb_fifo_watermark_set	32	static
/Users/leonardoiacussi/Desktop/PhD/Firmware/Drivers/BSP/Components/iis3dwb/iis3dwb_reg.c:2430:9:iis3dwb_fifo_watermark_get	32	static
/Users/leonardoiacussi/Desktop/PhD/Firmware/Drivers/BSP/Components/iis3dwb/iis3dwb_reg.c:2458:9:iis3dwb_fifo_stop_on_wtm_set	24	static
/Users/leonardoiacussi/Desktop/PhD/Firmware/Drivers/BSP/Components/iis3dwb/iis3dwb_reg.c:2483:9:iis3dwb_fifo_stop_on_wtm_get	24	static
/Users/leonardoiacussi/Desktop/PhD/Firmware/Drivers/BSP/Components/iis3dwb/iis3dwb_reg.c:2502:9:iis3dwb_fifo_xl_batch_set	24	static
/Users/leonardoiacussi/Desktop/PhD/Firmware/Drivers/BSP/Components/iis3dwb/iis3dwb_reg.c:2528:9:iis3dwb_fifo_xl_batch_get	24	static
/Users/leonardoiacussi/Desktop/PhD/Firmware/Drivers/BSP/Components/iis3dwb/iis3dwb_reg.c:2561:9:iis3dwb_fifo_mode_set	24	static
/Users/leonardoiacussi/Desktop/PhD/Firmware/Drivers/BSP/Components/iis3dwb/iis3dwb_reg.c:2586:9:iis3dwb_fifo_mode_get	24	static
/Users/leonardoiacussi/Desktop/PhD/Firmware/Drivers/BSP/Components/iis3dwb/iis3dwb_reg.c:2636:9:iis3dwb_fifo_temp_batch_set	24	static
/Users/leonardoiacussi/Desktop/PhD/Firmware/Drivers/BSP/Components/iis3dwb/iis3dwb_reg.c:2662:9:iis3dwb_fifo_temp_batch_get	24	static
/Users/leonardoiacussi/Desktop/PhD/Firmware/Drivers/BSP/Components/iis3dwb/iis3dwb_reg.c:2697:9:iis3dwb_fifo_timestamp_decimation_set	24	static
/Users/leonardoiacussi/Desktop/PhD/Firmware/Drivers/BSP/Components/iis3dwb/iis3dwb_reg.c:2725:9:iis3dwb_fifo_timestamp_decimation_get	24	static
/Users/leonardoiacussi/Desktop/PhD/Firmware/Drivers/BSP/Components/iis3dwb/iis3dwb_reg.c:2767:9:iis3dwb_rst_batch_counter_set	24	static
/Users/leonardoiacussi/Desktop/PhD/Firmware/Drivers/BSP/Components/iis3dwb/iis3dwb_reg.c:2792:9:iis3dwb_rst_batch_counter_get	24	static
/Users/leonardoiacussi/Desktop/PhD/Firmware/Drivers/BSP/Components/iis3dwb/iis3dwb_reg.c:2811:9:iis3dwb_batch_counter_threshold_set	32	static
/Users/leonardoiacussi/Desktop/PhD/Firmware/Drivers/BSP/Components/iis3dwb/iis3dwb_reg.c:2844:9:iis3dwb_batch_counter_threshold_get	32	static
/Users/leonardoiacussi/Desktop/PhD/Firmware/Drivers/BSP/Components/iis3dwb/iis3dwb_reg.c:2872:9:iis3dwb_fifo_data_level_get	32	static
/Users/leonardoiacussi/Desktop/PhD/Firmware/Drivers/BSP/Components/iis3dwb/iis3dwb_reg.c:2899:9:iis3dwb_fifo_status_get	24	static
/Users/leonardoiacussi/Desktop/PhD/Firmware/Drivers/BSP/Components/iis3dwb/iis3dwb_reg.c:2915:9:iis3dwb_fifo_full_flag_get	24	static
/Users/leonardoiacussi/Desktop/PhD/Firmware/Drivers/BSP/Components/iis3dwb/iis3dwb_reg.c:2934:9:iis3dwb_fifo_ovr_flag_get	24	static
/Users/leonardoiacussi/Desktop/PhD/Firmware/Drivers/BSP/Components/iis3dwb/iis3dwb_reg.c:2952:9:iis3dwb_fifo_wtm_flag_get	24	static
/Users/leonardoiacussi/Desktop/PhD/Firmware/Drivers/BSP/Components/iis3dwb/iis3dwb_reg.c:2970:9:iis3dwb_fifo_sensor_tag_get	24	static
