../Core/Src/main.c:119:5:__io_putchar	16	static
../Core/Src/main.c:130:5:main	16	static
../Core/Src/main.c:213:6:SystemClock_Config	128	static
../Core/Src/main.c:271:6:PeriphCommonClock_Config	208	static
../Core/Src/main.c:310:13:SystemPower_Config	8	static
../Core/Src/main.c:325:13:MX_ADC1_Init	8	static
../Core/Src/main.c:369:13:MX_ADF1_Init	8	static
../Core/Src/main.c:432:13:MX_MDF1_Init	8	static
../Core/Src/main.c:486:13:MX_DAC1_Init	64	static
../Core/Src/main.c:541:13:MX_GPDMA1_Init	16	static
../Core/Src/main.c:579:13:MX_I2C1_Init	8	static
../Core/Src/main.c:627:13:MX_I2C2_Init	8	static
../Core/Src/main.c:675:13:MX_I2C3_Init	8	static
../Core/Src/main.c:723:13:MX_ICACHE_Init	8	static
../Core/Src/main.c:755:13:MX_RTC_Init	40	static
../Core/Src/main.c:803:13:MX_SAI1_Init	8	static
../Core/Src/main.c:886:13:MX_SPI1_Init	24	static
../Core/Src/main.c:943:13:MX_SPI2_Init	24	static
../Core/Src/main.c:1000:13:MX_SPI3_Init	24	static
../Core/Src/main.c:1057:13:MX_TAMP_RTC_Init	72	static
../Core/Src/main.c:1106:13:MX_TIM3_Init	40	static
../Core/Src/main.c:1154:13:MX_USART2_UART_Init	8	static
../Core/Src/main.c:1202:13:MX_USART3_UART_Init	8	static
../Core/Src/main.c:1250:13:MX_USB_OTG_FS_PCD_Init	8	static
../Core/Src/main.c:1284:13:MX_GPIO_Init	64	static
../Core/Src/main.c:1496:13:MX_CRC_Init	8	static
../Core/Src/main.c:1527:6:Error_Handler	4	static,ignoring_inline_asm
