../Core/Src/stm32u5xx_it.c:82:6:NMI_Handler	4	static
../Core/Src/stm32u5xx_it.c:97:6:HardFault_Handler	4	static
../Core/Src/stm32u5xx_it.c:112:6:MemManage_Handler	4	static
../Core/Src/stm32u5xx_it.c:127:6:BusFault_Handler	4	static
../Core/Src/stm32u5xx_it.c:142:6:UsageFault_Handler	4	static
../Core/Src/stm32u5xx_it.c:157:6:SVC_Handler	4	static
../Core/Src/stm32u5xx_it.c:170:6:DebugMon_Handler	4	static
../Core/Src/stm32u5xx_it.c:183:6:PendSV_Handler	4	static
../Core/Src/stm32u5xx_it.c:196:6:SysTick_Handler	8	static
../Core/Src/stm32u5xx_it.c:217:6:EXTI0_IRQHandler	8	static
../Core/Src/stm32u5xx_it.c:231:6:EXTI1_IRQHandler	8	static
../Core/Src/stm32u5xx_it.c:245:6:EXTI2_IRQHandler	8	static
../Core/Src/stm32u5xx_it.c:259:6:EXTI3_IRQHandler	8	static
../Core/Src/stm32u5xx_it.c:273:6:EXTI4_IRQHandler	8	static
../Core/Src/stm32u5xx_it.c:287:6:EXTI5_IRQHandler	8	static
../Core/Src/stm32u5xx_it.c:301:6:EXTI6_IRQHandler	8	static
../Core/Src/stm32u5xx_it.c:315:6:EXTI7_IRQHandler	8	static
../Core/Src/stm32u5xx_it.c:343:6:EXTI9_IRQHandler	8	static
../Core/Src/stm32u5xx_it.c:357:6:EXTI10_IRQHandler	8	static
../Core/Src/stm32u5xx_it.c:371:6:EXTI11_IRQHandler	8	static
../Core/Src/stm32u5xx_it.c:385:6:EXTI13_IRQHandler	8	static
../Core/Src/stm32u5xx_it.c:399:6:EXTI14_IRQHandler	8	static
../Core/Src/stm32u5xx_it.c:413:6:GPDMA1_Channel0_IRQHandler	8	static
../Core/Src/stm32u5xx_it.c:427:6:GPDMA1_Channel1_IRQHandler	8	static
../Core/Src/stm32u5xx_it.c:441:6:GPDMA1_Channel2_IRQHandler	8	static
../Core/Src/stm32u5xx_it.c:455:6:GPDMA1_Channel3_IRQHandler	8	static
../Core/Src/stm32u5xx_it.c:469:6:GPDMA1_Channel4_IRQHandler	8	static
../Core/Src/stm32u5xx_it.c:483:6:GPDMA1_Channel5_IRQHandler	8	static
../Core/Src/stm32u5xx_it.c:497:6:SPI2_IRQHandler	8	static
../Core/Src/stm32u5xx_it.c:511:6:OTG_FS_IRQHandler	8	static
../Core/Src/stm32u5xx_it.c:523:6:EXTI8_IRQHandler	8	static
