/Users/leonardoiacussi/STM32CubeIDE/workspace_1.9.0/AI_STWIN_BM/USB_DEVICE/Target/usbd_conf.c:69:6:HAL_PCD_MspInit	200	static
/Users/leonardoiacussi/STM32CubeIDE/workspace_1.9.0/AI_STWIN_BM/USB_DEVICE/Target/usbd_conf.c:124:6:HAL_PCD_MspDeInit	16	static
/Users/leonardoiacussi/STM32CubeIDE/workspace_1.9.0/AI_STWIN_BM/USB_DEVICE/Target/usbd_conf.c:169:6:HAL_PCD_SetupStageCallback	0	static
/Users/leonardoiacussi/STM32CubeIDE/workspace_1.9.0/AI_STWIN_BM/USB_DEVICE/Target/usbd_conf.c:184:6:HAL_PCD_DataOutStageCallback	0	static
/Users/leonardoiacussi/STM32CubeIDE/workspace_1.9.0/AI_STWIN_BM/USB_DEVICE/Target/usbd_conf.c:199:6:HAL_PCD_DataInStageCallback	0	static
/Users/leonardoiacussi/STM32CubeIDE/workspace_1.9.0/AI_STWIN_BM/USB_DEVICE/Target/usbd_conf.c:213:6:HAL_PCD_SOFCallback	0	static
/Users/leonardoiacussi/STM32CubeIDE/workspace_1.9.0/AI_STWIN_BM/USB_DEVICE/Target/usbd_conf.c:227:6:HAL_PCD_ResetCallback	8	static
/Users/leonardoiacussi/STM32CubeIDE/workspace_1.9.0/AI_STWIN_BM/USB_DEVICE/Target/usbd_conf.c:252:6:HAL_PCD_SuspendCallback	8	static
/Users/leonardoiacussi/STM32CubeIDE/workspace_1.9.0/AI_STWIN_BM/USB_DEVICE/Target/usbd_conf.c:277:6:HAL_PCD_ResumeCallback	8	static
/Users/leonardoiacussi/STM32CubeIDE/workspace_1.9.0/AI_STWIN_BM/USB_DEVICE/Target/usbd_conf.c:302:6:HAL_PCD_ISOOUTIncompleteCallback	0	static
/Users/leonardoiacussi/STM32CubeIDE/workspace_1.9.0/AI_STWIN_BM/USB_DEVICE/Target/usbd_conf.c:317:6:HAL_PCD_ISOINIncompleteCallback	0	static
/Users/leonardoiacussi/STM32CubeIDE/workspace_1.9.0/AI_STWIN_BM/USB_DEVICE/Target/usbd_conf.c:331:6:HAL_PCD_ConnectCallback	0	static
/Users/leonardoiacussi/STM32CubeIDE/workspace_1.9.0/AI_STWIN_BM/USB_DEVICE/Target/usbd_conf.c:345:6:HAL_PCD_DisconnectCallback	0	static
/Users/leonardoiacussi/STM32CubeIDE/workspace_1.9.0/AI_STWIN_BM/USB_DEVICE/Target/usbd_conf.c:360:20:USBD_LL_Init	8	static
/Users/leonardoiacussi/STM32CubeIDE/workspace_1.9.0/AI_STWIN_BM/USB_DEVICE/Target/usbd_conf.c:410:20:USBD_LL_DeInit	8	static
/Users/leonardoiacussi/STM32CubeIDE/workspace_1.9.0/AI_STWIN_BM/USB_DEVICE/Target/usbd_conf.c:442:20:USBD_LL_Start	8	static
/Users/leonardoiacussi/STM32CubeIDE/workspace_1.9.0/AI_STWIN_BM/USB_DEVICE/Target/usbd_conf.c:474:20:USBD_LL_Stop	8	static
/Users/leonardoiacussi/STM32CubeIDE/workspace_1.9.0/AI_STWIN_BM/USB_DEVICE/Target/usbd_conf.c:509:20:USBD_LL_OpenEP	8	static
/Users/leonardoiacussi/STM32CubeIDE/workspace_1.9.0/AI_STWIN_BM/USB_DEVICE/Target/usbd_conf.c:542:20:USBD_LL_CloseEP	8	static
/Users/leonardoiacussi/STM32CubeIDE/workspace_1.9.0/AI_STWIN_BM/USB_DEVICE/Target/usbd_conf.c:575:20:USBD_LL_FlushEP	8	static
/Users/leonardoiacussi/STM32CubeIDE/workspace_1.9.0/AI_STWIN_BM/USB_DEVICE/Target/usbd_conf.c:608:20:USBD_LL_StallEP	8	static
/Users/leonardoiacussi/STM32CubeIDE/workspace_1.9.0/AI_STWIN_BM/USB_DEVICE/Target/usbd_conf.c:641:20:USBD_LL_ClearStallEP	8	static
/Users/leonardoiacussi/STM32CubeIDE/workspace_1.9.0/AI_STWIN_BM/USB_DEVICE/Target/usbd_conf.c:674:9:USBD_LL_IsStallEP	0	static
/Users/leonardoiacussi/STM32CubeIDE/workspace_1.9.0/AI_STWIN_BM/USB_DEVICE/Target/usbd_conf.c:694:20:USBD_LL_SetUSBAddress	8	static
/Users/leonardoiacussi/STM32CubeIDE/workspace_1.9.0/AI_STWIN_BM/USB_DEVICE/Target/usbd_conf.c:729:20:USBD_LL_Transmit	8	static
/Users/leonardoiacussi/STM32CubeIDE/workspace_1.9.0/AI_STWIN_BM/USB_DEVICE/Target/usbd_conf.c:764:20:USBD_LL_PrepareReceive	8	static
/Users/leonardoiacussi/STM32CubeIDE/workspace_1.9.0/AI_STWIN_BM/USB_DEVICE/Target/usbd_conf.c:797:10:USBD_LL_GetRxDataSize	0	static
/Users/leonardoiacussi/STM32CubeIDE/workspace_1.9.0/AI_STWIN_BM/USB_DEVICE/Target/usbd_conf.c:808:6:HAL_PCDEx_LPM_Callback	8	static
/Users/leonardoiacussi/STM32CubeIDE/workspace_1.9.0/AI_STWIN_BM/USB_DEVICE/Target/usbd_conf.c:843:6:USBD_LL_Delay	0	static
/Users/leonardoiacussi/STM32CubeIDE/workspace_1.9.0/AI_STWIN_BM/USB_DEVICE/Target/usbd_conf.c:853:7:USBD_static_malloc	0	static
/Users/leonardoiacussi/STM32CubeIDE/workspace_1.9.0/AI_STWIN_BM/USB_DEVICE/Target/usbd_conf.c:864:6:USBD_static_free	0	static
