../Drivers/STM32U5xx_HAL_Driver/Src/stm32u5xx_hal_sai.c:329:19:HAL_SAI_InitProtocol	32	static
../Drivers/STM32U5xx_HAL_Driver/Src/stm32u5xx_hal_sai.c:368:19:HAL_SAI_Init	48	static
../Drivers/STM32U5xx_HAL_Driver/Src/stm32u5xx_hal_sai.c:659:19:HAL_SAI_DeInit	16	static
../Drivers/STM32U5xx_HAL_Driver/Src/stm32u5xx_hal_sai.c:727:13:HAL_SAI_MspInit	16	static
../Drivers/STM32U5xx_HAL_Driver/Src/stm32u5xx_hal_sai.c:743:13:HAL_SAI_MspDeInit	16	static
../Drivers/STM32U5xx_HAL_Driver/Src/stm32u5xx_hal_sai.c:984:19:HAL_SAI_Transmit	32	static
../Drivers/STM32U5xx_HAL_Driver/Src/stm32u5xx_hal_sai.c:1097:19:HAL_SAI_Receive	32	static
../Drivers/STM32U5xx_HAL_Driver/Src/stm32u5xx_hal_sai.c:1207:19:HAL_SAI_Transmit_IT	24	static
../Drivers/STM32U5xx_HAL_Driver/Src/stm32u5xx_hal_sai.c:1269:19:HAL_SAI_Receive_IT	24	static
../Drivers/STM32U5xx_HAL_Driver/Src/stm32u5xx_hal_sai.c:1327:19:HAL_SAI_DMAPause	16	static
../Drivers/STM32U5xx_HAL_Driver/Src/stm32u5xx_hal_sai.c:1347:19:HAL_SAI_DMAResume	16	static
../Drivers/STM32U5xx_HAL_Driver/Src/stm32u5xx_hal_sai.c:1374:19:HAL_SAI_DMAStop	24	static
../Drivers/STM32U5xx_HAL_Driver/Src/stm32u5xx_hal_sai.c:1436:19:HAL_SAI_Abort	24	static
../Drivers/STM32U5xx_HAL_Driver/Src/stm32u5xx_hal_sai.c:1508:19:HAL_SAI_Transmit_DMA	40	static
../Drivers/STM32U5xx_HAL_Driver/Src/stm32u5xx_hal_sai.c:1639:19:HAL_SAI_Receive_DMA	32	static
../Drivers/STM32U5xx_HAL_Driver/Src/stm32u5xx_hal_sai.c:1752:19:HAL_SAI_EnableTxMuteMode	16	static
../Drivers/STM32U5xx_HAL_Driver/Src/stm32u5xx_hal_sai.c:1771:19:HAL_SAI_DisableTxMuteMode	16	static
../Drivers/STM32U5xx_HAL_Driver/Src/stm32u5xx_hal_sai.c:1789:19:HAL_SAI_EnableRxMuteMode	24	static
../Drivers/STM32U5xx_HAL_Driver/Src/stm32u5xx_hal_sai.c:1812:19:HAL_SAI_DisableRxMuteMode	16	static
../Drivers/STM32U5xx_HAL_Driver/Src/stm32u5xx_hal_sai.c:1831:6:HAL_SAI_IRQHandler	32	static
../Drivers/STM32U5xx_HAL_Driver/Src/stm32u5xx_hal_sai.c:2106:13:HAL_SAI_TxCpltCallback	16	static
../Drivers/STM32U5xx_HAL_Driver/Src/stm32u5xx_hal_sai.c:2122:13:HAL_SAI_TxHalfCpltCallback	16	static
../Drivers/STM32U5xx_HAL_Driver/Src/stm32u5xx_hal_sai.c:2138:13:HAL_SAI_RxCpltCallback	16	static
../Drivers/STM32U5xx_HAL_Driver/Src/stm32u5xx_hal_sai.c:2154:13:HAL_SAI_RxHalfCpltCallback	16	static
../Drivers/STM32U5xx_HAL_Driver/Src/stm32u5xx_hal_sai.c:2170:13:HAL_SAI_ErrorCallback	16	static
../Drivers/STM32U5xx_HAL_Driver/Src/stm32u5xx_hal_sai.c:2205:22:HAL_SAI_GetState	16	static
../Drivers/STM32U5xx_HAL_Driver/Src/stm32u5xx_hal_sai.c:2216:10:HAL_SAI_GetError	16	static
../Drivers/STM32U5xx_HAL_Driver/Src/stm32u5xx_hal_sai.c:2245:26:SAI_InitI2S	32	static
../Drivers/STM32U5xx_HAL_Driver/Src/stm32u5xx_hal_sai.c:2340:26:SAI_InitPCM	32	static
../Drivers/STM32U5xx_HAL_Driver/Src/stm32u5xx_hal_sai.c:2410:13:SAI_FillFifo	24	static
../Drivers/STM32U5xx_HAL_Driver/Src/stm32u5xx_hal_sai.c:2453:17:SAI_InterruptFlag	24	static
../Drivers/STM32U5xx_HAL_Driver/Src/stm32u5xx_hal_sai.c:2486:26:SAI_Disable	24	static
../Drivers/STM32U5xx_HAL_Driver/Src/stm32u5xx_hal_sai.c:2516:13:SAI_Transmit_IT8Bit	16	static
../Drivers/STM32U5xx_HAL_Driver/Src/stm32u5xx_hal_sai.c:2545:13:SAI_Transmit_IT16Bit	24	static
../Drivers/STM32U5xx_HAL_Driver/Src/stm32u5xx_hal_sai.c:2578:13:SAI_Transmit_IT32Bit	24	static
../Drivers/STM32U5xx_HAL_Driver/Src/stm32u5xx_hal_sai.c:2615:13:SAI_Receive_IT8Bit	16	static
../Drivers/STM32U5xx_HAL_Driver/Src/stm32u5xx_hal_sai.c:2646:13:SAI_Receive_IT16Bit	24	static
../Drivers/STM32U5xx_HAL_Driver/Src/stm32u5xx_hal_sai.c:2682:13:SAI_Receive_IT32Bit	24	static
../Drivers/STM32U5xx_HAL_Driver/Src/stm32u5xx_hal_sai.c:2722:13:SAI_DMATxCplt	24	static
../Drivers/STM32U5xx_HAL_Driver/Src/stm32u5xx_hal_sai.c:2753:13:SAI_DMATxHalfCplt	24	static
../Drivers/STM32U5xx_HAL_Driver/Src/stm32u5xx_hal_sai.c:2770:13:SAI_DMARxCplt	24	static
../Drivers/STM32U5xx_HAL_Driver/Src/stm32u5xx_hal_sai.c:2800:13:SAI_DMARxHalfCplt	24	static
../Drivers/STM32U5xx_HAL_Driver/Src/stm32u5xx_hal_sai.c:2817:13:SAI_DMAError	24	static
../Drivers/STM32U5xx_HAL_Driver/Src/stm32u5xx_hal_sai.c:2851:13:SAI_DMAAbort	24	static
