/Users/leonardoiacussi/STM32CubeIDE/workspace_1.9.0/AI_STWIN_BM/Core/pre_processing_library/Src/pre_processing_core.c:16:7:complex_abs	0	static
/Users/leonardoiacussi/STM32CubeIDE/workspace_1.9.0/AI_STWIN_BM/Core/pre_processing_library/Src/pre_processing_core.c:21:11:dot_product	32	dynamic
/Users/leonardoiacussi/STM32CubeIDE/workspace_1.9.0/AI_STWIN_BM/Core/pre_processing_library/Src/pre_processing_core.c:33:7:hz_to_mel	8	static
/Users/leonardoiacussi/STM32CubeIDE/workspace_1.9.0/AI_STWIN_BM/Core/pre_processing_library/Src/pre_processing_core.c:37:7:mel_to_hz	8	static
/Users/leonardoiacussi/STM32CubeIDE/workspace_1.9.0/AI_STWIN_BM/Core/pre_processing_library/Src/pre_processing_core.c:45:6:axis_selection	0	static
/Users/leonardoiacussi/STM32CubeIDE/workspace_1.9.0/AI_STWIN_BM/Core/pre_processing_library/Src/pre_processing_core.c:70:6:mean_removal	16	static
/Users/leonardoiacussi/STM32CubeIDE/workspace_1.9.0/AI_STWIN_BM/Core/pre_processing_library/Src/pre_processing_core.c:87:6:signal_normalization	40	static
/Users/leonardoiacussi/STM32CubeIDE/workspace_1.9.0/AI_STWIN_BM/Core/pre_processing_library/Src/pre_processing_core.c:104:6:hanning	32	static
/Users/leonardoiacussi/STM32CubeIDE/workspace_1.9.0/AI_STWIN_BM/Core/pre_processing_library/Src/pre_processing_core.c:116:6:fft	48	dynamic
/Users/leonardoiacussi/STM32CubeIDE/workspace_1.9.0/AI_STWIN_BM/Core/pre_processing_library/Src/pre_processing_core.c:151:6:triangular_filters_bank	40	static
/Users/leonardoiacussi/STM32CubeIDE/workspace_1.9.0/AI_STWIN_BM/Core/pre_processing_library/Src/pre_processing_core.c:185:6:triangular_filters_convolution	64	dynamic
/Users/leonardoiacussi/STM32CubeIDE/workspace_1.9.0/AI_STWIN_BM/Core/pre_processing_library/Src/pre_processing_core.c:212:6:mfcc	48	dynamic
