/Users/leonardoiacussi/STM32CubeIDE/workspace_1.9.0/AI_STWIN_BM/Drivers/BSP/STWIN/STWIN.c:135:9:BSP_ADC1_Initialization	16	static
/Users/leonardoiacussi/STM32CubeIDE/workspace_1.9.0/AI_STWIN_BM/Drivers/BSP/STWIN/STWIN.c:191:6:HAL_ADC_MspInit	24	static
/Users/leonardoiacussi/STM32CubeIDE/workspace_1.9.0/AI_STWIN_BM/Drivers/BSP/STWIN/STWIN.c:206:6:HAL_ADC_DeMspInit	16	static
/Users/leonardoiacussi/STM32CubeIDE/workspace_1.9.0/AI_STWIN_BM/Drivers/BSP/STWIN/STWIN.c:219:9:BSP_ADC1_DeInitialization	16	static
/Users/leonardoiacussi/STM32CubeIDE/workspace_1.9.0/AI_STWIN_BM/Drivers/BSP/STWIN/STWIN.c:240:6:BSP_PB_PWR_Init	32	static
/Users/leonardoiacussi/STM32CubeIDE/workspace_1.9.0/AI_STWIN_BM/Drivers/BSP/STWIN/STWIN.c:265:6:BSP_Enable_DCDC2	32	static
/Users/leonardoiacussi/STM32CubeIDE/workspace_1.9.0/AI_STWIN_BM/Drivers/BSP/STWIN/STWIN.c:287:6:BSP_Disable_DCDC2	8	static
/Users/leonardoiacussi/STM32CubeIDE/workspace_1.9.0/AI_STWIN_BM/Drivers/BSP/STWIN/STWIN.c:304:9:BSP_PB_Init	40	static
/Users/leonardoiacussi/STM32CubeIDE/workspace_1.9.0/AI_STWIN_BM/Drivers/BSP/STWIN/STWIN.c:343:9:BSP_PB_DeInit	40	static
/Users/leonardoiacussi/STM32CubeIDE/workspace_1.9.0/AI_STWIN_BM/Drivers/BSP/STWIN/STWIN.c:360:9:BSP_PB_GetState	16	static
/Users/leonardoiacussi/STM32CubeIDE/workspace_1.9.0/AI_STWIN_BM/Drivers/BSP/STWIN/STWIN.c:370:9:BSP_GetVersion	4	static
/Users/leonardoiacussi/STM32CubeIDE/workspace_1.9.0/AI_STWIN_BM/Drivers/BSP/STWIN/STWIN.c:383:9:BSP_LED_Init	48	static
/Users/leonardoiacussi/STM32CubeIDE/workspace_1.9.0/AI_STWIN_BM/Drivers/BSP/STWIN/STWIN.c:413:9:BSP_LED_DeInit	16	static
/Users/leonardoiacussi/STM32CubeIDE/workspace_1.9.0/AI_STWIN_BM/Drivers/BSP/STWIN/STWIN.c:427:9:BSP_LED_On	16	static
/Users/leonardoiacussi/STM32CubeIDE/workspace_1.9.0/AI_STWIN_BM/Drivers/BSP/STWIN/STWIN.c:441:9:BSP_LED_Off	16	static
/Users/leonardoiacussi/STM32CubeIDE/workspace_1.9.0/AI_STWIN_BM/Drivers/BSP/STWIN/STWIN.c:457:9:BSP_LED_Toggle	16	static
/Users/leonardoiacussi/STM32CubeIDE/workspace_1.9.0/AI_STWIN_BM/Drivers/BSP/STWIN/STWIN.c:472:9:BSP_COM_Init	16	static
/Users/leonardoiacussi/STM32CubeIDE/workspace_1.9.0/AI_STWIN_BM/Drivers/BSP/STWIN/STWIN.c:498:9:BSP_COM_DeInit	16	static
/Users/leonardoiacussi/STM32CubeIDE/workspace_1.9.0/AI_STWIN_BM/Drivers/BSP/STWIN/STWIN.c:526:26:MX_USART2_UART_Init	24	static
/Users/leonardoiacussi/STM32CubeIDE/workspace_1.9.0/AI_STWIN_BM/Drivers/BSP/STWIN/STWIN.c:570:13:USART2_MspInit	40	static
/Users/leonardoiacussi/STM32CubeIDE/workspace_1.9.0/AI_STWIN_BM/Drivers/BSP/STWIN/STWIN.c:591:13:USART2_MspDeInit	16	static
/Users/leonardoiacussi/STM32CubeIDE/workspace_1.9.0/AI_STWIN_BM/Drivers/BSP/STWIN/STWIN.c:672:9:Sensor_IO_SPI_CS_Init_All	40	static
