/Users/leonardoiacussi/STM32CubeIDE/workspace_1.9.0/AI_STWIN_BM/Drivers/STM32L4xx_HAL_Driver/Src/stm32l4xx_hal_smbus.c:2464:13:SMBUS_Disable_IRQ	12	static
/Users/leonardoiacussi/STM32CubeIDE/workspace_1.9.0/AI_STWIN_BM/Drivers/STM32L4xx_HAL_Driver/Src/stm32l4xx_hal_smbus.c:2681:13:SMBUS_Flush_TXDR	0	static
/Users/leonardoiacussi/STM32CubeIDE/workspace_1.9.0/AI_STWIN_BM/Drivers/STM32L4xx_HAL_Driver/Src/stm32l4xx_hal_smbus.c:2717:13:SMBUS_TransferConfig	12	static
/Users/leonardoiacussi/STM32CubeIDE/workspace_1.9.0/AI_STWIN_BM/Drivers/STM32L4xx_HAL_Driver/Src/stm32l4xx_hal_smbus.c:2740:13:SMBUS_ConvertOtherXferOptions	0	static
/Users/leonardoiacussi/STM32CubeIDE/workspace_1.9.0/AI_STWIN_BM/Drivers/STM32L4xx_HAL_Driver/Src/stm32l4xx_hal_smbus.c:2646:26:SMBUS_WaitOnFlagUntilTimeout.constprop	16	static
/Users/leonardoiacussi/STM32CubeIDE/workspace_1.9.0/AI_STWIN_BM/Drivers/STM32L4xx_HAL_Driver/Src/stm32l4xx_hal_smbus.c:459:13:HAL_SMBUS_MspInit	0	static
/Users/leonardoiacussi/STM32CubeIDE/workspace_1.9.0/AI_STWIN_BM/Drivers/STM32L4xx_HAL_Driver/Src/stm32l4xx_hal_smbus.c:289:19:HAL_SMBUS_Init	16	static
/Users/leonardoiacussi/STM32CubeIDE/workspace_1.9.0/AI_STWIN_BM/Drivers/STM32L4xx_HAL_Driver/Src/stm32l4xx_hal_smbus.c:475:13:HAL_SMBUS_MspDeInit	0	static
/Users/leonardoiacussi/STM32CubeIDE/workspace_1.9.0/AI_STWIN_BM/Drivers/STM32L4xx_HAL_Driver/Src/stm32l4xx_hal_smbus.c:414:19:HAL_SMBUS_DeInit	8	static
/Users/leonardoiacussi/STM32CubeIDE/workspace_1.9.0/AI_STWIN_BM/Drivers/STM32L4xx_HAL_Driver/Src/stm32l4xx_hal_smbus.c:494:19:HAL_SMBUS_ConfigAnalogFilter	8	static
/Users/leonardoiacussi/STM32CubeIDE/workspace_1.9.0/AI_STWIN_BM/Drivers/STM32L4xx_HAL_Driver/Src/stm32l4xx_hal_smbus.c:538:19:HAL_SMBUS_ConfigDigitalFilter	8	static
/Users/leonardoiacussi/STM32CubeIDE/workspace_1.9.0/AI_STWIN_BM/Drivers/STM32L4xx_HAL_Driver/Src/stm32l4xx_hal_smbus.c:938:19:HAL_SMBUS_Master_Transmit_IT	24	static
/Users/leonardoiacussi/STM32CubeIDE/workspace_1.9.0/AI_STWIN_BM/Drivers/STM32L4xx_HAL_Driver/Src/stm32l4xx_hal_smbus.c:1044:19:HAL_SMBUS_Master_Receive_IT	24	static
/Users/leonardoiacussi/STM32CubeIDE/workspace_1.9.0/AI_STWIN_BM/Drivers/STM32L4xx_HAL_Driver/Src/stm32l4xx_hal_smbus.c:1141:19:HAL_SMBUS_Master_Abort_IT	24	static
/Users/leonardoiacussi/STM32CubeIDE/workspace_1.9.0/AI_STWIN_BM/Drivers/STM32L4xx_HAL_Driver/Src/stm32l4xx_hal_smbus.c:1206:19:HAL_SMBUS_Slave_Transmit_IT	32	static
/Users/leonardoiacussi/STM32CubeIDE/workspace_1.9.0/AI_STWIN_BM/Drivers/STM32L4xx_HAL_Driver/Src/stm32l4xx_hal_smbus.c:1304:19:HAL_SMBUS_Slave_Receive_IT	32	static
/Users/leonardoiacussi/STM32CubeIDE/workspace_1.9.0/AI_STWIN_BM/Drivers/STM32L4xx_HAL_Driver/Src/stm32l4xx_hal_smbus.c:1384:19:HAL_SMBUS_EnableListen_IT	0	static
/Users/leonardoiacussi/STM32CubeIDE/workspace_1.9.0/AI_STWIN_BM/Drivers/STM32L4xx_HAL_Driver/Src/stm32l4xx_hal_smbus.c:1400:19:HAL_SMBUS_DisableListen_IT	8	static
/Users/leonardoiacussi/STM32CubeIDE/workspace_1.9.0/AI_STWIN_BM/Drivers/STM32L4xx_HAL_Driver/Src/stm32l4xx_hal_smbus.c:1424:19:HAL_SMBUS_EnableAlert_IT	0	static
/Users/leonardoiacussi/STM32CubeIDE/workspace_1.9.0/AI_STWIN_BM/Drivers/STM32L4xx_HAL_Driver/Src/stm32l4xx_hal_smbus.c:1443:19:HAL_SMBUS_DisableAlert_IT	8	static
/Users/leonardoiacussi/STM32CubeIDE/workspace_1.9.0/AI_STWIN_BM/Drivers/STM32L4xx_HAL_Driver/Src/stm32l4xx_hal_smbus.c:1464:19:HAL_SMBUS_IsDeviceReady	40	static
/Users/leonardoiacussi/STM32CubeIDE/workspace_1.9.0/AI_STWIN_BM/Drivers/STM32L4xx_HAL_Driver/Src/stm32l4xx_hal_smbus.c:1694:13:HAL_SMBUS_MasterTxCpltCallback	0	static
/Users/leonardoiacussi/STM32CubeIDE/workspace_1.9.0/AI_STWIN_BM/Drivers/STM32L4xx_HAL_Driver/Src/stm32l4xx_hal_smbus.c:1710:13:HAL_SMBUS_MasterRxCpltCallback	0	static
/Users/leonardoiacussi/STM32CubeIDE/workspace_1.9.0/AI_STWIN_BM/Drivers/STM32L4xx_HAL_Driver/Src/stm32l4xx_hal_smbus.c:1725:13:HAL_SMBUS_SlaveTxCpltCallback	0	static
/Users/leonardoiacussi/STM32CubeIDE/workspace_1.9.0/AI_STWIN_BM/Drivers/STM32L4xx_HAL_Driver/Src/stm32l4xx_hal_smbus.c:1741:13:HAL_SMBUS_SlaveRxCpltCallback	0	static
/Users/leonardoiacussi/STM32CubeIDE/workspace_1.9.0/AI_STWIN_BM/Drivers/STM32L4xx_HAL_Driver/Src/stm32l4xx_hal_smbus.c:1759:13:HAL_SMBUS_AddrCallback	0	static
/Users/leonardoiacussi/STM32CubeIDE/workspace_1.9.0/AI_STWIN_BM/Drivers/STM32L4xx_HAL_Driver/Src/stm32l4xx_hal_smbus.c:1778:13:HAL_SMBUS_ListenCpltCallback	0	static
/Users/leonardoiacussi/STM32CubeIDE/workspace_1.9.0/AI_STWIN_BM/Drivers/STM32L4xx_HAL_Driver/Src/stm32l4xx_hal_smbus.c:1794:13:HAL_SMBUS_ErrorCallback	0	static
/Users/leonardoiacussi/STM32CubeIDE/workspace_1.9.0/AI_STWIN_BM/Drivers/STM32L4xx_HAL_Driver/Src/stm32l4xx_hal_smbus.c:2536:13:SMBUS_ITErrorHandler	8	static
/Users/leonardoiacussi/STM32CubeIDE/workspace_1.9.0/AI_STWIN_BM/Drivers/STM32L4xx_HAL_Driver/Src/stm32l4xx_hal_smbus.c:1683:6:HAL_SMBUS_ER_IRQHandler	0	static
/Users/leonardoiacussi/STM32CubeIDE/workspace_1.9.0/AI_STWIN_BM/Drivers/STM32L4xx_HAL_Driver/Src/stm32l4xx_hal_smbus.c:2156:26:SMBUS_Slave_ISR.isra	32	static
/Users/leonardoiacussi/STM32CubeIDE/workspace_1.9.0/AI_STWIN_BM/Drivers/STM32L4xx_HAL_Driver/Src/stm32l4xx_hal_smbus.c:1866:26:SMBUS_Master_ISR.isra	32	static
/Users/leonardoiacussi/STM32CubeIDE/workspace_1.9.0/AI_STWIN_BM/Drivers/STM32L4xx_HAL_Driver/Src/stm32l4xx_hal_smbus.c:1605:6:HAL_SMBUS_EV_IRQHandler	16	static
/Users/leonardoiacussi/STM32CubeIDE/workspace_1.9.0/AI_STWIN_BM/Drivers/STM32L4xx_HAL_Driver/Src/stm32l4xx_hal_smbus.c:1829:10:HAL_SMBUS_GetState	0	static
/Users/leonardoiacussi/STM32CubeIDE/workspace_1.9.0/AI_STWIN_BM/Drivers/STM32L4xx_HAL_Driver/Src/stm32l4xx_hal_smbus.c:1841:10:HAL_SMBUS_GetError	0	static
