/Users/leonardoiacussi/STM32CubeIDE/workspace_1.9.0/AI_STWIN_BM/Drivers/STM32L4xx_HAL_Driver/Src/stm32l4xx_hal_sd.c:3907:17:SD_FindSCR	56	static
/Users/leonardoiacussi/STM32CubeIDE/workspace_1.9.0/AI_STWIN_BM/Drivers/STM32L4xx_HAL_Driver/Src/stm32l4xx_hal_sd.c:4208:17:SD_UltraHighSpeed	120	static
/Users/leonardoiacussi/STM32CubeIDE/workspace_1.9.0/AI_STWIN_BM/Drivers/STM32L4xx_HAL_Driver/Src/stm32l4xx_hal_sd.c:641:13:HAL_SD_MspInit	0	static
/Users/leonardoiacussi/STM32CubeIDE/workspace_1.9.0/AI_STWIN_BM/Drivers/STM32L4xx_HAL_Driver/Src/stm32l4xx_hal_sd.c:656:13:HAL_SD_MspDeInit	0	static
/Users/leonardoiacussi/STM32CubeIDE/workspace_1.9.0/AI_STWIN_BM/Drivers/STM32L4xx_HAL_Driver/Src/stm32l4xx_hal_sd.c:584:19:HAL_SD_DeInit	8	static
/Users/leonardoiacussi/STM32CubeIDE/workspace_1.9.0/AI_STWIN_BM/Drivers/STM32L4xx_HAL_Driver/Src/stm32l4xx_hal_sd.c:697:19:HAL_SD_ReadBlocks	64	static
/Users/leonardoiacussi/STM32CubeIDE/workspace_1.9.0/AI_STWIN_BM/Drivers/STM32L4xx_HAL_Driver/Src/stm32l4xx_hal_sd.c:920:19:HAL_SD_WriteBlocks	72	static
/Users/leonardoiacussi/STM32CubeIDE/workspace_1.9.0/AI_STWIN_BM/Drivers/STM32L4xx_HAL_Driver/Src/stm32l4xx_hal_sd.c:1114:19:HAL_SD_ReadBlocks_IT	48	static
/Users/leonardoiacussi/STM32CubeIDE/workspace_1.9.0/AI_STWIN_BM/Drivers/STM32L4xx_HAL_Driver/Src/stm32l4xx_hal_sd.c:1213:19:HAL_SD_WriteBlocks_IT	48	static
/Users/leonardoiacussi/STM32CubeIDE/workspace_1.9.0/AI_STWIN_BM/Drivers/STM32L4xx_HAL_Driver/Src/stm32l4xx_hal_sd.c:1321:19:HAL_SD_ReadBlocks_DMA	48	static
/Users/leonardoiacussi/STM32CubeIDE/workspace_1.9.0/AI_STWIN_BM/Drivers/STM32L4xx_HAL_Driver/Src/stm32l4xx_hal_sd.c:1452:19:HAL_SD_WriteBlocks_DMA	56	static
/Users/leonardoiacussi/STM32CubeIDE/workspace_1.9.0/AI_STWIN_BM/Drivers/STM32L4xx_HAL_Driver/Src/stm32l4xx_hal_sd.c:1590:19:HAL_SD_Erase	24	static
/Users/leonardoiacussi/STM32CubeIDE/workspace_1.9.0/AI_STWIN_BM/Drivers/STM32L4xx_HAL_Driver/Src/stm32l4xx_hal_sd.c:2001:21:HAL_SD_GetState	0	static
/Users/leonardoiacussi/STM32CubeIDE/workspace_1.9.0/AI_STWIN_BM/Drivers/STM32L4xx_HAL_Driver/Src/stm32l4xx_hal_sd.c:2012:10:HAL_SD_GetError	0	static
/Users/leonardoiacussi/STM32CubeIDE/workspace_1.9.0/AI_STWIN_BM/Drivers/STM32L4xx_HAL_Driver/Src/stm32l4xx_hal_sd.c:2022:13:HAL_SD_TxCpltCallback	0	static
/Users/leonardoiacussi/STM32CubeIDE/workspace_1.9.0/AI_STWIN_BM/Drivers/STM32L4xx_HAL_Driver/Src/stm32l4xx_hal_sd.c:2037:13:HAL_SD_RxCpltCallback	0	static
/Users/leonardoiacussi/STM32CubeIDE/workspace_1.9.0/AI_STWIN_BM/Drivers/STM32L4xx_HAL_Driver/Src/stm32l4xx_hal_sd.c:2052:13:HAL_SD_ErrorCallback	0	static
/Users/leonardoiacussi/STM32CubeIDE/workspace_1.9.0/AI_STWIN_BM/Drivers/STM32L4xx_HAL_Driver/Src/stm32l4xx_hal_sd.c:1692:6:HAL_SD_IRQHandler	32	static
/Users/leonardoiacussi/STM32CubeIDE/workspace_1.9.0/AI_STWIN_BM/Drivers/STM32L4xx_HAL_Driver/Src/stm32l4xx_hal_sd.c:2067:13:HAL_SD_AbortCallback	0	static
/Users/leonardoiacussi/STM32CubeIDE/workspace_1.9.0/AI_STWIN_BM/Drivers/STM32L4xx_HAL_Driver/Src/stm32l4xx_hal_sd.c:2384:19:HAL_SD_GetCardCID	8	static
/Users/leonardoiacussi/STM32CubeIDE/workspace_1.9.0/AI_STWIN_BM/Drivers/STM32L4xx_HAL_Driver/Src/stm32l4xx_hal_sd.c:2417:19:HAL_SD_GetCardCSD	8	static
/Users/leonardoiacussi/STM32CubeIDE/workspace_1.9.0/AI_STWIN_BM/Drivers/STM32L4xx_HAL_Driver/Src/stm32l4xx_hal_sd.c:484:19:HAL_SD_InitCard	128	static
/Users/leonardoiacussi/STM32CubeIDE/workspace_1.9.0/AI_STWIN_BM/Drivers/STM32L4xx_HAL_Driver/Src/stm32l4xx_hal_sd.c:2531:19:HAL_SD_GetCardStatus	112	static
/Users/leonardoiacussi/STM32CubeIDE/workspace_1.9.0/AI_STWIN_BM/Drivers/STM32L4xx_HAL_Driver/Src/stm32l4xx_hal_sd.c:2597:19:HAL_SD_GetCardInfo	0	static
/Users/leonardoiacussi/STM32CubeIDE/workspace_1.9.0/AI_STWIN_BM/Drivers/STM32L4xx_HAL_Driver/Src/stm32l4xx_hal_sd.c:2622:19:HAL_SD_ConfigWideBusOperation	56	static
/Users/leonardoiacussi/STM32CubeIDE/workspace_1.9.0/AI_STWIN_BM/Drivers/STM32L4xx_HAL_Driver/Src/stm32l4xx_hal_sd.c:3007:25:HAL_SD_GetCardState	8	static
/Users/leonardoiacussi/STM32CubeIDE/workspace_1.9.0/AI_STWIN_BM/Drivers/STM32L4xx_HAL_Driver/Src/stm32l4xx_hal_sd.c:357:19:HAL_SD_Init	40	static
/Users/leonardoiacussi/STM32CubeIDE/workspace_1.9.0/AI_STWIN_BM/Drivers/STM32L4xx_HAL_Driver/Src/stm32l4xx_hal_sd.c:3030:19:HAL_SD_Abort	8	static
/Users/leonardoiacussi/STM32CubeIDE/workspace_1.9.0/AI_STWIN_BM/Drivers/STM32L4xx_HAL_Driver/Src/stm32l4xx_hal_sd.c:3101:19:HAL_SD_Abort_IT	16	static
/Users/leonardoiacussi/STM32CubeIDE/workspace_1.9.0/AI_STWIN_BM/Drivers/STM32L4xx_HAL_Driver/Src/stm32l4xx_hal_sd.c:4099:10:SD_HighSpeed	120	static
/Users/leonardoiacussi/STM32CubeIDE/workspace_1.9.0/AI_STWIN_BM/Drivers/STM32L4xx_HAL_Driver/Src/stm32l4xx_hal_sd.c:2799:19:HAL_SD_ConfigSpeedBusOperation	120	static
