/Users/leonardoiacussi/STM32CubeIDE/workspace_1.9.0/AI_STWIN_BM/Drivers/STM32L4xx_HAL_Driver/Src/stm32l4xx_hal_pcd.c:296:13:HAL_PCD_MspInit	0	static
/Users/leonardoiacussi/STM32CubeIDE/workspace_1.9.0/AI_STWIN_BM/Drivers/STM32L4xx_HAL_Driver/Src/stm32l4xx_hal_pcd.c:130:19:HAL_PCD_Init	64	static
/Users/leonardoiacussi/STM32CubeIDE/workspace_1.9.0/AI_STWIN_BM/Drivers/STM32L4xx_HAL_Driver/Src/stm32l4xx_hal_pcd.c:311:13:HAL_PCD_MspDeInit	0	static
/Users/leonardoiacussi/STM32CubeIDE/workspace_1.9.0/AI_STWIN_BM/Drivers/STM32L4xx_HAL_Driver/Src/stm32l4xx_hal_pcd.c:257:19:HAL_PCD_DeInit	16	static
/Users/leonardoiacussi/STM32CubeIDE/workspace_1.9.0/AI_STWIN_BM/Drivers/STM32L4xx_HAL_Driver/Src/stm32l4xx_hal_pcd.c:1014:19:HAL_PCD_Start	8	static
/Users/leonardoiacussi/STM32CubeIDE/workspace_1.9.0/AI_STWIN_BM/Drivers/STM32L4xx_HAL_Driver/Src/stm32l4xx_hal_pcd.c:1040:19:HAL_PCD_Stop	16	static
/Users/leonardoiacussi/STM32CubeIDE/workspace_1.9.0/AI_STWIN_BM/Drivers/STM32L4xx_HAL_Driver/Src/stm32l4xx_hal_pcd.c:1665:13:HAL_PCD_DataOutStageCallback	0	static
/Users/leonardoiacussi/STM32CubeIDE/workspace_1.9.0/AI_STWIN_BM/Drivers/STM32L4xx_HAL_Driver/Src/stm32l4xx_hal_pcd.c:1682:13:HAL_PCD_DataInStageCallback	0	static
/Users/leonardoiacussi/STM32CubeIDE/workspace_1.9.0/AI_STWIN_BM/Drivers/STM32L4xx_HAL_Driver/Src/stm32l4xx_hal_pcd.c:1697:13:HAL_PCD_SetupStageCallback	0	static
/Users/leonardoiacussi/STM32CubeIDE/workspace_1.9.0/AI_STWIN_BM/Drivers/STM32L4xx_HAL_Driver/Src/stm32l4xx_hal_pcd.c:1712:13:HAL_PCD_SOFCallback	0	static
/Users/leonardoiacussi/STM32CubeIDE/workspace_1.9.0/AI_STWIN_BM/Drivers/STM32L4xx_HAL_Driver/Src/stm32l4xx_hal_pcd.c:1727:13:HAL_PCD_ResetCallback	0	static
/Users/leonardoiacussi/STM32CubeIDE/workspace_1.9.0/AI_STWIN_BM/Drivers/STM32L4xx_HAL_Driver/Src/stm32l4xx_hal_pcd.c:1742:13:HAL_PCD_SuspendCallback	0	static
/Users/leonardoiacussi/STM32CubeIDE/workspace_1.9.0/AI_STWIN_BM/Drivers/STM32L4xx_HAL_Driver/Src/stm32l4xx_hal_pcd.c:1757:13:HAL_PCD_ResumeCallback	0	static
/Users/leonardoiacussi/STM32CubeIDE/workspace_1.9.0/AI_STWIN_BM/Drivers/STM32L4xx_HAL_Driver/Src/stm32l4xx_hal_pcd.c:1773:13:HAL_PCD_ISOOUTIncompleteCallback	0	static
/Users/leonardoiacussi/STM32CubeIDE/workspace_1.9.0/AI_STWIN_BM/Drivers/STM32L4xx_HAL_Driver/Src/stm32l4xx_hal_pcd.c:1790:13:HAL_PCD_ISOINIncompleteCallback	0	static
/Users/leonardoiacussi/STM32CubeIDE/workspace_1.9.0/AI_STWIN_BM/Drivers/STM32L4xx_HAL_Driver/Src/stm32l4xx_hal_pcd.c:1806:13:HAL_PCD_ConnectCallback	0	static
/Users/leonardoiacussi/STM32CubeIDE/workspace_1.9.0/AI_STWIN_BM/Drivers/STM32L4xx_HAL_Driver/Src/stm32l4xx_hal_pcd.c:1821:13:HAL_PCD_DisconnectCallback	0	static
/Users/leonardoiacussi/STM32CubeIDE/workspace_1.9.0/AI_STWIN_BM/Drivers/STM32L4xx_HAL_Driver/Src/stm32l4xx_hal_pcd.c:1855:19:HAL_PCD_DevConnect	8	static
/Users/leonardoiacussi/STM32CubeIDE/workspace_1.9.0/AI_STWIN_BM/Drivers/STM32L4xx_HAL_Driver/Src/stm32l4xx_hal_pcd.c:1882:19:HAL_PCD_DevDisconnect	16	static
/Users/leonardoiacussi/STM32CubeIDE/workspace_1.9.0/AI_STWIN_BM/Drivers/STM32L4xx_HAL_Driver/Src/stm32l4xx_hal_pcd.c:1910:19:HAL_PCD_SetAddress	8	static
/Users/leonardoiacussi/STM32CubeIDE/workspace_1.9.0/AI_STWIN_BM/Drivers/STM32L4xx_HAL_Driver/Src/stm32l4xx_hal_pcd.c:1927:19:HAL_PCD_EP_Open	16	static
/Users/leonardoiacussi/STM32CubeIDE/workspace_1.9.0/AI_STWIN_BM/Drivers/STM32L4xx_HAL_Driver/Src/stm32l4xx_hal_pcd.c:1972:19:HAL_PCD_EP_Close	8	static
/Users/leonardoiacussi/STM32CubeIDE/workspace_1.9.0/AI_STWIN_BM/Drivers/STM32L4xx_HAL_Driver/Src/stm32l4xx_hal_pcd.c:2003:19:HAL_PCD_EP_Receive	16	static
/Users/leonardoiacussi/STM32CubeIDE/workspace_1.9.0/AI_STWIN_BM/Drivers/STM32L4xx_HAL_Driver/Src/stm32l4xx_hal_pcd.c:2034:10:HAL_PCD_EP_GetRxCount	0	static
/Users/leonardoiacussi/STM32CubeIDE/workspace_1.9.0/AI_STWIN_BM/Drivers/STM32L4xx_HAL_Driver/Src/stm32l4xx_hal_pcd.c:2046:19:HAL_PCD_EP_Transmit	16	static
/Users/leonardoiacussi/STM32CubeIDE/workspace_1.9.0/AI_STWIN_BM/Drivers/STM32L4xx_HAL_Driver/Src/stm32l4xx_hal_pcd.c:2081:19:HAL_PCD_EP_SetStall	16	static
/Users/leonardoiacussi/STM32CubeIDE/workspace_1.9.0/AI_STWIN_BM/Drivers/STM32L4xx_HAL_Driver/Src/stm32l4xx_hal_pcd.c:2124:19:HAL_PCD_EP_ClrStall	16	static
/Users/leonardoiacussi/STM32CubeIDE/workspace_1.9.0/AI_STWIN_BM/Drivers/STM32L4xx_HAL_Driver/Src/stm32l4xx_hal_pcd.c:2160:19:HAL_PCD_EP_Abort	0	static
/Users/leonardoiacussi/STM32CubeIDE/workspace_1.9.0/AI_STWIN_BM/Drivers/STM32L4xx_HAL_Driver/Src/stm32l4xx_hal_pcd.c:1071:6:HAL_PCD_IRQHandler	64	static
/Users/leonardoiacussi/STM32CubeIDE/workspace_1.9.0/AI_STWIN_BM/Drivers/STM32L4xx_HAL_Driver/Src/stm32l4xx_hal_pcd.c:2186:19:HAL_PCD_EP_Flush	8	static
/Users/leonardoiacussi/STM32CubeIDE/workspace_1.9.0/AI_STWIN_BM/Drivers/STM32L4xx_HAL_Driver/Src/stm32l4xx_hal_pcd.c:2209:19:HAL_PCD_ActivateRemoteWakeup	0	static
/Users/leonardoiacussi/STM32CubeIDE/workspace_1.9.0/AI_STWIN_BM/Drivers/STM32L4xx_HAL_Driver/Src/stm32l4xx_hal_pcd.c:2219:19:HAL_PCD_DeActivateRemoteWakeup	0	static
/Users/leonardoiacussi/STM32CubeIDE/workspace_1.9.0/AI_STWIN_BM/Drivers/STM32L4xx_HAL_Driver/Src/stm32l4xx_hal_pcd.c:2248:18:HAL_PCD_GetState	0	static
