../../../../../../Middlewares/ST/eLooM/Inc/services/IApplicationErrorDelegateVtbl.h:75:18:IAEDInit	16	static
../../../../../../Middlewares/ST/eLooM/Inc/services/IApplicationErrorDelegateVtbl.h:80:18:IAEDOnStartApplication	16	static
../../../../../../Middlewares/ST/eLooM/Inc/services/IApplicationErrorDelegateVtbl.h:85:18:IAEDProcessEvent	24	static
../../../../../../Middlewares/ST/eLooM/Inc/services/IApplicationErrorDelegateVtbl.h:90:18:IAEDOnNewErrEvent	16	static
../../../../../../Middlewares/ST/eLooM/Inc/services/IApplicationErrorDelegateVtbl.h:95:11:IAEDIsLastErrorPending	16	static
../../../../../../Middlewares/ST/eLooM/Inc/services/IApplicationErrorDelegateVtbl.h:100:18:IAEDAddFirstResponder	24	static
../../../../../../Middlewares/ST/eLooM/Inc/services/IApplicationErrorDelegateVtbl.h:105:18:IAEDRemoveFirstResponder	16	static
../../../../../../Middlewares/ST/eLooM/Inc/services/IApplicationErrorDelegateVtbl.h:110:9:IAEDGetMaxFirstResponderPriority	16	static
../../../../../../Middlewares/ST/eLooM/Inc/services/IApplicationErrorDelegateVtbl.h:115:6:IAEDResetCounter	16	static
