/Users/leonardoiacussi/eai-polimi/ai_dpu_stwin_box/Projects/STWIN.box/Applications/AiDpuDemo_prj/STM32CubeIDE/Startup/syscalls.c:54:6:initialise_monitor_handles	4	static
/Users/leonardoiacussi/eai-polimi/ai_dpu_stwin_box/Projects/STWIN.box/Applications/AiDpuDemo_prj/STM32CubeIDE/Startup/syscalls.c:58:5:_getpid	4	static
/Users/leonardoiacussi/eai-polimi/ai_dpu_stwin_box/Projects/STWIN.box/Applications/AiDpuDemo_prj/STM32CubeIDE/Startup/syscalls.c:63:5:_kill	16	static
/Users/leonardoiacussi/eai-polimi/ai_dpu_stwin_box/Projects/STWIN.box/Applications/AiDpuDemo_prj/STM32CubeIDE/Startup/syscalls.c:69:6:_exit	16	static
/Users/leonardoiacussi/eai-polimi/ai_dpu_stwin_box/Projects/STWIN.box/Applications/AiDpuDemo_prj/STM32CubeIDE/Startup/syscalls.c:75:27:_read	32	static
/Users/leonardoiacussi/eai-polimi/ai_dpu_stwin_box/Projects/STWIN.box/Applications/AiDpuDemo_prj/STM32CubeIDE/Startup/syscalls.c:87:27:_write	32	static
/Users/leonardoiacussi/eai-polimi/ai_dpu_stwin_box/Projects/STWIN.box/Applications/AiDpuDemo_prj/STM32CubeIDE/Startup/syscalls.c:126:5:_close	16	static
/Users/leonardoiacussi/eai-polimi/ai_dpu_stwin_box/Projects/STWIN.box/Applications/AiDpuDemo_prj/STM32CubeIDE/Startup/syscalls.c:132:5:_fstat	16	static
/Users/leonardoiacussi/eai-polimi/ai_dpu_stwin_box/Projects/STWIN.box/Applications/AiDpuDemo_prj/STM32CubeIDE/Startup/syscalls.c:138:5:_isatty	16	static
/Users/leonardoiacussi/eai-polimi/ai_dpu_stwin_box/Projects/STWIN.box/Applications/AiDpuDemo_prj/STM32CubeIDE/Startup/syscalls.c:143:5:_lseek	24	static
/Users/leonardoiacussi/eai-polimi/ai_dpu_stwin_box/Projects/STWIN.box/Applications/AiDpuDemo_prj/STM32CubeIDE/Startup/syscalls.c:148:5:_open	12	static
/Users/leonardoiacussi/eai-polimi/ai_dpu_stwin_box/Projects/STWIN.box/Applications/AiDpuDemo_prj/STM32CubeIDE/Startup/syscalls.c:154:5:_wait	16	static
/Users/leonardoiacussi/eai-polimi/ai_dpu_stwin_box/Projects/STWIN.box/Applications/AiDpuDemo_prj/STM32CubeIDE/Startup/syscalls.c:160:5:_unlink	16	static
/Users/leonardoiacussi/eai-polimi/ai_dpu_stwin_box/Projects/STWIN.box/Applications/AiDpuDemo_prj/STM32CubeIDE/Startup/syscalls.c:166:5:_times	16	static
/Users/leonardoiacussi/eai-polimi/ai_dpu_stwin_box/Projects/STWIN.box/Applications/AiDpuDemo_prj/STM32CubeIDE/Startup/syscalls.c:171:5:_stat	16	static
/Users/leonardoiacussi/eai-polimi/ai_dpu_stwin_box/Projects/STWIN.box/Applications/AiDpuDemo_prj/STM32CubeIDE/Startup/syscalls.c:177:5:_link	16	static
/Users/leonardoiacussi/eai-polimi/ai_dpu_stwin_box/Projects/STWIN.box/Applications/AiDpuDemo_prj/STM32CubeIDE/Startup/syscalls.c:183:5:_fork	8	static
/Users/leonardoiacussi/eai-polimi/ai_dpu_stwin_box/Projects/STWIN.box/Applications/AiDpuDemo_prj/STM32CubeIDE/Startup/syscalls.c:189:5:_execve	24	static
