/Users/leonardoiacussi/eai-polimi/ai_dpu_stwin_box/Projects/STWIN.box/Applications/AiDpuDemo_prj/mx/Src/i2c.c:35:6:MX_I2C1_Init	8	static
/Users/leonardoiacussi/eai-polimi/ai_dpu_stwin_box/Projects/STWIN.box/Applications/AiDpuDemo_prj/mx/Src/i2c.c:78:6:MX_I2C2_Init	8	static
/Users/leonardoiacussi/eai-polimi/ai_dpu_stwin_box/Projects/STWIN.box/Applications/AiDpuDemo_prj/mx/Src/i2c.c:121:6:MX_I2C3_Init	8	static
/Users/leonardoiacussi/eai-polimi/ai_dpu_stwin_box/Projects/STWIN.box/Applications/AiDpuDemo_prj/mx/Src/i2c.c:164:6:HAL_I2C_MspInit	272	static
/Users/leonardoiacussi/eai-polimi/ai_dpu_stwin_box/Projects/STWIN.box/Applications/AiDpuDemo_prj/mx/Src/i2c.c:334:6:HAL_I2C_MspDeInit	16	static
