../Drivers/BSP/STWIN.box/STWIN.box.c:173:6:BSP_Enable_DCDC2	32	static
../Drivers/BSP/STWIN.box/STWIN.box.c:196:6:BSP_Disable_DCDC2	8	static
../Drivers/BSP/STWIN.box/STWIN.box.c:206:6:BSP_Enable_LDO	32	static
../Drivers/BSP/STWIN.box/STWIN.box.c:228:6:BSP_Disable_LDO	8	static
../Drivers/BSP/STWIN.box/STWIN.box.c:246:9:BSP_PB_Init	48	static
../Drivers/BSP/STWIN.box/STWIN.box.c:294:9:BSP_PB_DeInit	40	static
../Drivers/BSP/STWIN.box/STWIN.box.c:311:9:BSP_PB_GetState	16	static
../Drivers/BSP/STWIN.box/STWIN.box.c:320:13:BUTTON_USER_EXTI_Callback	8	static
../Drivers/BSP/STWIN.box/STWIN.box.c:329:13:BUTTON_PWR_EXTI_Callback	8	static
../Drivers/BSP/STWIN.box/STWIN.box.c:339:9:BSP_GetVersion	4	static
../Drivers/BSP/STWIN.box/STWIN.box.c:351:9:BSP_LED_Init	48	static
../Drivers/BSP/STWIN.box/STWIN.box.c:378:9:BSP_LED_DeInit	16	static
../Drivers/BSP/STWIN.box/STWIN.box.c:392:9:BSP_LED_On	16	static
../Drivers/BSP/STWIN.box/STWIN.box.c:406:9:BSP_LED_Off	16	static
../Drivers/BSP/STWIN.box/STWIN.box.c:420:9:BSP_LED_Toggle	16	static
../Drivers/BSP/STWIN.box/STWIN.box.c:435:9:BSP_LED_GetState	16	static
../Drivers/BSP/STWIN.box/STWIN.box.c:462:9:BSP_COM_Init	16	static
../Drivers/BSP/STWIN.box/STWIN.box.c:488:9:BSP_COM_DeInit	16	static
../Drivers/BSP/STWIN.box/STWIN.box.c:516:26:MX_USART2_Init	24	static
../Drivers/BSP/STWIN.box/STWIN.box.c:561:13:USART2_MspInit	48	static
../Drivers/BSP/STWIN.box/STWIN.box.c:582:13:USART2_MspDeInit	16	static
../Drivers/BSP/STWIN.box/STWIN.box.c:662:9:BSP_COM_SelectLogPort	16	static
../Drivers/BSP/STWIN.box/STWIN.box.c:672:12:__io_putchar	16	static
../Drivers/BSP/STWIN.box/STWIN.box.c:688:9:Sensor_IO_SPI_CS_Init_All	48	static
../Drivers/BSP/STWIN.box/STWIN.box.c:732:13:BSP_PB_Callback	16	static
