../Drivers/BSP/STWIN.box/STWIN.box_bus.c:110:9:BSP_I2C1_Init	16	static
../Drivers/BSP/STWIN.box/STWIN.box_bus.c:154:9:BSP_I2C1_DeInit	16	static
../Drivers/BSP/STWIN.box/STWIN.box_bus.c:175:9:BSP_I2C1_IsReady	24	static
../Drivers/BSP/STWIN.box/STWIN.box_bus.c:194:9:BSP_I2C1_WriteReg	48	static
../Drivers/BSP/STWIN.box/STWIN.box_bus.c:212:9:BSP_I2C1_ReadReg	48	static
../Drivers/BSP/STWIN.box/STWIN.box_bus.c:233:9:BSP_I2C1_WriteReg16	48	static
../Drivers/BSP/STWIN.box/STWIN.box_bus.c:251:9:BSP_I2C1_ReadReg16	48	static
../Drivers/BSP/STWIN.box/STWIN.box_bus.c:272:9:BSP_I2C1_Send	32	static
../Drivers/BSP/STWIN.box/STWIN.box_bus.c:291:9:BSP_I2C1_Recv	32	static
../Drivers/BSP/STWIN.box/STWIN.box_bus.c:311:9:BSP_I2C1_SendRecv	32	static
../Drivers/BSP/STWIN.box/STWIN.box_bus.c:335:9:BSP_I2C2_Init	16	static
../Drivers/BSP/STWIN.box/STWIN.box_bus.c:380:9:BSP_I2C2_DeInit	16	static
../Drivers/BSP/STWIN.box/STWIN.box_bus.c:403:9:BSP_I2C2_IsReady	24	static
../Drivers/BSP/STWIN.box/STWIN.box_bus.c:422:9:BSP_I2C2_WriteReg	48	static
../Drivers/BSP/STWIN.box/STWIN.box_bus.c:440:9:BSP_I2C2_ReadReg	48	static
../Drivers/BSP/STWIN.box/STWIN.box_bus.c:461:9:BSP_I2C2_WriteReg16	48	static
../Drivers/BSP/STWIN.box/STWIN.box_bus.c:479:9:BSP_I2C2_ReadReg16	48	static
../Drivers/BSP/STWIN.box/STWIN.box_bus.c:500:9:BSP_I2C2_Send	32	static
../Drivers/BSP/STWIN.box/STWIN.box_bus.c:519:9:BSP_I2C2_Recv	32	static
../Drivers/BSP/STWIN.box/STWIN.box_bus.c:539:9:BSP_I2C2_SendRecv	32	static
../Drivers/BSP/STWIN.box/STWIN.box_bus.c:563:9:BSP_I2C3_Init	16	static
../Drivers/BSP/STWIN.box/STWIN.box_bus.c:608:9:BSP_I2C3_DeInit	16	static
../Drivers/BSP/STWIN.box/STWIN.box_bus.c:629:9:BSP_I2C3_IsReady	24	static
../Drivers/BSP/STWIN.box/STWIN.box_bus.c:648:9:BSP_I2C3_WriteReg	48	static
../Drivers/BSP/STWIN.box/STWIN.box_bus.c:666:9:BSP_I2C3_ReadReg	48	static
../Drivers/BSP/STWIN.box/STWIN.box_bus.c:687:9:BSP_I2C3_WriteReg16	48	static
../Drivers/BSP/STWIN.box/STWIN.box_bus.c:705:9:BSP_I2C3_ReadReg16	48	static
../Drivers/BSP/STWIN.box/STWIN.box_bus.c:726:9:BSP_I2C3_Send	32	static
../Drivers/BSP/STWIN.box/STWIN.box_bus.c:745:9:BSP_I2C3_Recv	32	static
../Drivers/BSP/STWIN.box/STWIN.box_bus.c:765:9:BSP_I2C3_SendRecv	32	static
../Drivers/BSP/STWIN.box/STWIN.box_bus.c:793:9:BSP_SPI1_Init	16	static
../Drivers/BSP/STWIN.box/STWIN.box_bus.c:828:9:BSP_SPI1_DeInit	16	static
../Drivers/BSP/STWIN.box/STWIN.box_bus.c:850:9:BSP_SPI1_Send	24	static
../Drivers/BSP/STWIN.box/STWIN.box_bus.c:867:9:BSP_SPI1_Recv	24	static
../Drivers/BSP/STWIN.box/STWIN.box_bus.c:884:9:BSP_SPI1_SendRecv	40	static
../Drivers/BSP/STWIN.box/STWIN.box_bus.c:900:9:BSP_SPI2_Init	16	static
../Drivers/BSP/STWIN.box/STWIN.box_bus.c:937:9:BSP_SPI2_DeInit	16	static
../Drivers/BSP/STWIN.box/STWIN.box_bus.c:959:9:BSP_SPI2_Send	24	static
../Drivers/BSP/STWIN.box/STWIN.box_bus.c:976:9:BSP_SPI2_Recv	24	static
../Drivers/BSP/STWIN.box/STWIN.box_bus.c:993:9:BSP_SPI2_SendRecv	40	static
../Drivers/BSP/STWIN.box/STWIN.box_bus.c:1009:9:BSP_SPI3_Init	16	static
../Drivers/BSP/STWIN.box/STWIN.box_bus.c:1044:9:BSP_SPI3_DeInit	16	static
../Drivers/BSP/STWIN.box/STWIN.box_bus.c:1066:9:BSP_SPI3_Send	24	static
../Drivers/BSP/STWIN.box/STWIN.box_bus.c:1083:9:BSP_SPI3_Recv	24	static
../Drivers/BSP/STWIN.box/STWIN.box_bus.c:1100:9:BSP_SPI3_SendRecv	40	static
../Drivers/BSP/STWIN.box/STWIN.box_bus.c:1121:9:BSP_USART3_Init	8	static
../Drivers/BSP/STWIN.box/STWIN.box_bus.c:1149:9:BSP_USART3_DeInit	16	static
../Drivers/BSP/STWIN.box/STWIN.box_bus.c:1491:9:BSP_GetTick	8	static
../Drivers/BSP/STWIN.box/STWIN.box_bus.c:1498:26:MX_SPI1_Init	32	static
../Drivers/BSP/STWIN.box/STWIN.box_bus.c:1549:13:SPI1_MspInit	48	static
../Drivers/BSP/STWIN.box/STWIN.box_bus.c:1576:13:SPI1_MspDeInit	16	static
../Drivers/BSP/STWIN.box/STWIN.box_bus.c:1593:26:MX_SPI2_Init	32	static
../Drivers/BSP/STWIN.box/STWIN.box_bus.c:1644:13:SPI2_MspInit	48	static
../Drivers/BSP/STWIN.box/STWIN.box_bus.c:1675:13:SPI2_MspDeInit	16	static
../Drivers/BSP/STWIN.box/STWIN.box_bus.c:1692:26:MX_SPI3_Init	32	static
../Drivers/BSP/STWIN.box/STWIN.box_bus.c:1745:13:SPI3_MspInit	256	static
../Drivers/BSP/STWIN.box/STWIN.box_bus.c:1788:13:SPI3_MspDeInit	16	static
../Drivers/BSP/STWIN.box/STWIN.box_bus.c:1806:26:MX_I2C1_Init	24	static
../Drivers/BSP/STWIN.box/STWIN.box_bus.c:1836:13:I2C1_MspInit	48	static
../Drivers/BSP/STWIN.box/STWIN.box_bus.c:1857:13:I2C1_MspDeInit	16	static
../Drivers/BSP/STWIN.box/STWIN.box_bus.c:1873:26:MX_I2C2_Init	24	static
../Drivers/BSP/STWIN.box/STWIN.box_bus.c:1904:13:I2C2_MspInit	256	static
../Drivers/BSP/STWIN.box/STWIN.box_bus.c:1955:13:I2C2_MspDeInit	16	static
../Drivers/BSP/STWIN.box/STWIN.box_bus.c:1971:26:MX_I2C3_Init	24	static
../Drivers/BSP/STWIN.box/STWIN.box_bus.c:2001:13:I2C3_MspInit	48	static
../Drivers/BSP/STWIN.box/STWIN.box_bus.c:2040:13:I2C3_MspDeInit	16	static
../Drivers/BSP/STWIN.box/STWIN.box_bus.c:2061:26:MX_USART3_UART_Init	24	static
../Drivers/BSP/STWIN.box/STWIN.box_bus.c:2101:6:USART3_MspInit	48	static
../Drivers/BSP/STWIN.box/STWIN.box_bus.c:2142:6:USART3_MspDeInit	16	static
