/Users/leonardoiacussi/eai-polimi/ai_dpu_stwin_box/Projects/STWIN.box/Applications/AiDpuDemo_prj/Core/Src/main.c:64:5:main	8	static
/Users/leonardoiacussi/eai-polimi/ai_dpu_stwin_box/Projects/STWIN.box/Applications/AiDpuDemo_prj/Core/Src/main.c:87:6:HAL_TIM_PeriodElapsedCallback	16	static
/Users/leonardoiacussi/eai-polimi/ai_dpu_stwin_box/Projects/STWIN.box/Applications/AiDpuDemo_prj/Core/Src/main.c:104:6:Error_Handler	4	static,ignoring_inline_asm
/Users/leonardoiacussi/eai-polimi/ai_dpu_stwin_box/Projects/STWIN.box/Applications/AiDpuDemo_prj/Core/Src/main.c:123:6:assert_failed	16	static
