/Users/leonardoiacussi/eai-polimi/ai_dpu_stwin_box/Projects/STWIN.box/Applications/AiDpuDemo_prj/Core/Src/stm32u5xx_it.c:71:6:ExtiDefISR	16	static
/Users/leonardoiacussi/eai-polimi/ai_dpu_stwin_box/Projects/STWIN.box/Applications/AiDpuDemo_prj/Core/Src/stm32u5xx_it.c:92:6:NMI_Handler	4	static
/Users/leonardoiacussi/eai-polimi/ai_dpu_stwin_box/Projects/STWIN.box/Applications/AiDpuDemo_prj/Core/Src/stm32u5xx_it.c:107:6:HardFault_Handler	4	static
/Users/leonardoiacussi/eai-polimi/ai_dpu_stwin_box/Projects/STWIN.box/Applications/AiDpuDemo_prj/Core/Src/stm32u5xx_it.c:122:6:MemManage_Handler	4	static
/Users/leonardoiacussi/eai-polimi/ai_dpu_stwin_box/Projects/STWIN.box/Applications/AiDpuDemo_prj/Core/Src/stm32u5xx_it.c:137:6:BusFault_Handler	4	static
/Users/leonardoiacussi/eai-polimi/ai_dpu_stwin_box/Projects/STWIN.box/Applications/AiDpuDemo_prj/Core/Src/stm32u5xx_it.c:152:6:UsageFault_Handler	4	static
/Users/leonardoiacussi/eai-polimi/ai_dpu_stwin_box/Projects/STWIN.box/Applications/AiDpuDemo_prj/Core/Src/stm32u5xx_it.c:167:6:DebugMon_Handler	4	static
/Users/leonardoiacussi/eai-polimi/ai_dpu_stwin_box/Projects/STWIN.box/Applications/AiDpuDemo_prj/Core/Src/stm32u5xx_it.c:187:6:TIM6_IRQHandler	8	static
/Users/leonardoiacussi/eai-polimi/ai_dpu_stwin_box/Projects/STWIN.box/Applications/AiDpuDemo_prj/Core/Src/stm32u5xx_it.c:201:6:EXTI0_IRQHandler	8	static
/Users/leonardoiacussi/eai-polimi/ai_dpu_stwin_box/Projects/STWIN.box/Applications/AiDpuDemo_prj/Core/Src/stm32u5xx_it.c:209:6:EXTI8_IRQHandler	8	static
/Users/leonardoiacussi/eai-polimi/ai_dpu_stwin_box/Projects/STWIN.box/Applications/AiDpuDemo_prj/Core/Src/stm32u5xx_it.c:217:6:EXTI15_IRQHandler	8	static
/Users/leonardoiacussi/eai-polimi/ai_dpu_stwin_box/Projects/STWIN.box/Applications/AiDpuDemo_prj/Core/Src/stm32u5xx_it.c:227:6:GPDMA1_Channel0_IRQHandler	8	static
/Users/leonardoiacussi/eai-polimi/ai_dpu_stwin_box/Projects/STWIN.box/Applications/AiDpuDemo_prj/Core/Src/stm32u5xx_it.c:241:6:GPDMA1_Channel1_IRQHandler	8	static
/Users/leonardoiacussi/eai-polimi/ai_dpu_stwin_box/Projects/STWIN.box/Applications/AiDpuDemo_prj/Core/Src/stm32u5xx_it.c:253:6:SPI2_IRQHandler	8	static
