../Drivers/BSP/Components/iis2iclx/iis2iclx_reg.c:49:9:iis2iclx_read_reg	40	static
../Drivers/BSP/Components/iis2iclx/iis2iclx_reg.c:70:9:iis2iclx_write_reg	40	static
../Drivers/BSP/Components/iis2iclx/iis2iclx_reg.c:93:9:iis2iclx_from_fs500mg_to_mg	16	static
../Drivers/BSP/Components/iis2iclx/iis2iclx_reg.c:98:9:iis2iclx_from_fs1g_to_mg	16	static
../Drivers/BSP/Components/iis2iclx/iis2iclx_reg.c:103:9:iis2iclx_from_fs2g_to_mg	16	static
../Drivers/BSP/Components/iis2iclx/iis2iclx_reg.c:108:9:iis2iclx_from_fs3g_to_mg	16	static
../Drivers/BSP/Components/iis2iclx/iis2iclx_reg.c:113:9:iis2iclx_from_lsb_to_celsius	16	static
../Drivers/BSP/Components/iis2iclx/iis2iclx_reg.c:118:9:iis2iclx_from_lsb_to_nsec	16	static
../Drivers/BSP/Components/iis2iclx/iis2iclx_reg.c:144:9:iis2iclx_xl_full_scale_set	24	static
../Drivers/BSP/Components/iis2iclx/iis2iclx_reg.c:170:9:iis2iclx_xl_full_scale_get	24	static
../Drivers/BSP/Components/iis2iclx/iis2iclx_reg.c:212:9:iis2iclx_xl_data_rate_set	48	static
../Drivers/BSP/Components/iis2iclx/iis2iclx_reg.c:521:9:iis2iclx_xl_data_rate_get	24	static
../Drivers/BSP/Components/iis2iclx/iis2iclx_reg.c:579:9:iis2iclx_block_data_update_set	24	static
../Drivers/BSP/Components/iis2iclx/iis2iclx_reg.c:603:9:iis2iclx_block_data_update_get	24	static
../Drivers/BSP/Components/iis2iclx/iis2iclx_reg.c:624:9:iis2iclx_xl_offset_weight_set	24	static
../Drivers/BSP/Components/iis2iclx/iis2iclx_reg.c:650:9:iis2iclx_xl_offset_weight_get	24	static
../Drivers/BSP/Components/iis2iclx/iis2iclx_reg.c:686:9:iis2iclx_all_sources_get	24	static
../Drivers/BSP/Components/iis2iclx/iis2iclx_reg.c:757:9:iis2iclx_status_reg_get	24	static
../Drivers/BSP/Components/iis2iclx/iis2iclx_reg.c:775:9:iis2iclx_xl_flag_data_ready_get	24	static
../Drivers/BSP/Components/iis2iclx/iis2iclx_reg.c:796:9:iis2iclx_temp_flag_data_ready_get	24	static
../Drivers/BSP/Components/iis2iclx/iis2iclx_reg.c:819:9:iis2iclx_xl_usr_offset_x_set	24	static
../Drivers/BSP/Components/iis2iclx/iis2iclx_reg.c:838:9:iis2iclx_xl_usr_offset_x_get	24	static
../Drivers/BSP/Components/iis2iclx/iis2iclx_reg.c:857:9:iis2iclx_xl_usr_offset_y_set	24	static
../Drivers/BSP/Components/iis2iclx/iis2iclx_reg.c:876:9:iis2iclx_xl_usr_offset_y_get	24	static
../Drivers/BSP/Components/iis2iclx/iis2iclx_reg.c:893:9:iis2iclx_xl_usr_offset_set	24	static
../Drivers/BSP/Components/iis2iclx/iis2iclx_reg.c:917:9:iis2iclx_xl_usr_offset_get	24	static
../Drivers/BSP/Components/iis2iclx/iis2iclx_reg.c:949:9:iis2iclx_timestamp_set	24	static
../Drivers/BSP/Components/iis2iclx/iis2iclx_reg.c:974:9:iis2iclx_timestamp_get	24	static
../Drivers/BSP/Components/iis2iclx/iis2iclx_reg.c:995:9:iis2iclx_timestamp_raw_get	24	static
../Drivers/BSP/Components/iis2iclx/iis2iclx_reg.c:1031:9:iis2iclx_temperature_raw_get	24	static
../Drivers/BSP/Components/iis2iclx/iis2iclx_reg.c:1052:9:iis2iclx_acceleration_raw_get	24	static
../Drivers/BSP/Components/iis2iclx/iis2iclx_reg.c:1074:9:iis2iclx_fifo_out_raw_get	24	static
../Drivers/BSP/Components/iis2iclx/iis2iclx_reg.c:1103:9:iis2iclx_device_conf_set	24	static
../Drivers/BSP/Components/iis2iclx/iis2iclx_reg.c:1127:9:iis2iclx_device_conf_get	24	static
../Drivers/BSP/Components/iis2iclx/iis2iclx_reg.c:1148:9:iis2iclx_odr_cal_reg_set	24	static
../Drivers/BSP/Components/iis2iclx/iis2iclx_reg.c:1176:9:iis2iclx_odr_cal_reg_get	24	static
../Drivers/BSP/Components/iis2iclx/iis2iclx_reg.c:1197:9:iis2iclx_mem_bank_set	24	static
../Drivers/BSP/Components/iis2iclx/iis2iclx_reg.c:1225:9:iis2iclx_mem_bank_get	24	static
../Drivers/BSP/Components/iis2iclx/iis2iclx_reg.c:1265:9:iis2iclx_ln_pg_write_byte	40	static
../Drivers/BSP/Components/iis2iclx/iis2iclx_reg.c:1340:9:iis2iclx_ln_pg_write	40	static
../Drivers/BSP/Components/iis2iclx/iis2iclx_reg.c:1450:9:iis2iclx_ln_pg_read_byte	40	static
../Drivers/BSP/Components/iis2iclx/iis2iclx_reg.c:1524:9:iis2iclx_data_ready_mode_set	24	static
../Drivers/BSP/Components/iis2iclx/iis2iclx_reg.c:1552:9:iis2iclx_data_ready_mode_get	24	static
../Drivers/BSP/Components/iis2iclx/iis2iclx_reg.c:1587:9:iis2iclx_device_id_get	24	static
../Drivers/BSP/Components/iis2iclx/iis2iclx_reg.c:1604:9:iis2iclx_reset_set	24	static
../Drivers/BSP/Components/iis2iclx/iis2iclx_reg.c:1628:9:iis2iclx_reset_get	24	static
../Drivers/BSP/Components/iis2iclx/iis2iclx_reg.c:1648:9:iis2iclx_auto_increment_set	24	static
../Drivers/BSP/Components/iis2iclx/iis2iclx_reg.c:1673:9:iis2iclx_auto_increment_get	24	static
../Drivers/BSP/Components/iis2iclx/iis2iclx_reg.c:1692:9:iis2iclx_boot_set	24	static
../Drivers/BSP/Components/iis2iclx/iis2iclx_reg.c:1716:9:iis2iclx_boot_get	24	static
../Drivers/BSP/Components/iis2iclx/iis2iclx_reg.c:1737:9:iis2iclx_xl_self_test_set	24	static
../Drivers/BSP/Components/iis2iclx/iis2iclx_reg.c:1762:9:iis2iclx_xl_self_test_get	24	static
../Drivers/BSP/Components/iis2iclx/iis2iclx_reg.c:1813:9:iis2iclx_xl_filter_lp2_set	24	static
../Drivers/BSP/Components/iis2iclx/iis2iclx_reg.c:1838:9:iis2iclx_xl_filter_lp2_get	24	static
../Drivers/BSP/Components/iis2iclx/iis2iclx_reg.c:1858:9:iis2iclx_filter_settling_mask_set	24	static
../Drivers/BSP/Components/iis2iclx/iis2iclx_reg.c:1884:9:iis2iclx_filter_settling_mask_get	24	static
../Drivers/BSP/Components/iis2iclx/iis2iclx_reg.c:1905:9:iis2iclx_xl_hp_path_on_out_set	24	static
../Drivers/BSP/Components/iis2iclx/iis2iclx_reg.c:1934:9:iis2iclx_xl_hp_path_on_out_get	24	static
../Drivers/BSP/Components/iis2iclx/iis2iclx_reg.c:2056:9:iis2iclx_xl_fast_settling_set	24	static
../Drivers/BSP/Components/iis2iclx/iis2iclx_reg.c:2083:9:iis2iclx_xl_fast_settling_get	24	static
../Drivers/BSP/Components/iis2iclx/iis2iclx_reg.c:2103:9:iis2iclx_xl_hp_path_internal_set	24	static
../Drivers/BSP/Components/iis2iclx/iis2iclx_reg.c:2130:9:iis2iclx_xl_hp_path_internal_get	24	static
../Drivers/BSP/Components/iis2iclx/iis2iclx_reg.c:2177:9:iis2iclx_sdo_sa0_mode_set	24	static
../Drivers/BSP/Components/iis2iclx/iis2iclx_reg.c:2202:9:iis2iclx_sdo_sa0_mode_get	24	static
../Drivers/BSP/Components/iis2iclx/iis2iclx_reg.c:2236:9:iis2iclx_spi_mode_set	24	static
../Drivers/BSP/Components/iis2iclx/iis2iclx_reg.c:2260:9:iis2iclx_spi_mode_get	24	static
../Drivers/BSP/Components/iis2iclx/iis2iclx_reg.c:2293:9:iis2iclx_i2c_interface_set	24	static
../Drivers/BSP/Components/iis2iclx/iis2iclx_reg.c:2318:9:iis2iclx_i2c_interface_get	24	static
../Drivers/BSP/Components/iis2iclx/iis2iclx_reg.c:2366:9:iis2iclx_pin_int1_route_set	32	static
../Drivers/BSP/Components/iis2iclx/iis2iclx_reg.c:2509:9:iis2iclx_pin_int1_route_get	24	static
../Drivers/BSP/Components/iis2iclx/iis2iclx_reg.c:2569:9:iis2iclx_pin_int2_route_set	32	static
../Drivers/BSP/Components/iis2iclx/iis2iclx_reg.c:2711:9:iis2iclx_pin_int2_route_get	24	static
../Drivers/BSP/Components/iis2iclx/iis2iclx_reg.c:2770:9:iis2iclx_pin_mode_set	24	static
../Drivers/BSP/Components/iis2iclx/iis2iclx_reg.c:2794:9:iis2iclx_pin_mode_get	24	static
../Drivers/BSP/Components/iis2iclx/iis2iclx_reg.c:2828:9:iis2iclx_pin_polarity_set	24	static
../Drivers/BSP/Components/iis2iclx/iis2iclx_reg.c:2853:9:iis2iclx_pin_polarity_get	24	static
../Drivers/BSP/Components/iis2iclx/iis2iclx_reg.c:2887:9:iis2iclx_all_on_int1_set	24	static
../Drivers/BSP/Components/iis2iclx/iis2iclx_reg.c:2911:9:iis2iclx_all_on_int1_get	24	static
../Drivers/BSP/Components/iis2iclx/iis2iclx_reg.c:2930:9:iis2iclx_int_notification_set	32	static
../Drivers/BSP/Components/iis2iclx/iis2iclx_reg.c:2979:9:iis2iclx_int_notification_get	32	static
../Drivers/BSP/Components/iis2iclx/iis2iclx_reg.c:3053:9:iis2iclx_wkup_ths_weight_set	24	static
../Drivers/BSP/Components/iis2iclx/iis2iclx_reg.c:3082:9:iis2iclx_wkup_ths_weight_get	24	static
../Drivers/BSP/Components/iis2iclx/iis2iclx_reg.c:3118:9:iis2iclx_wkup_threshold_set	24	static
../Drivers/BSP/Components/iis2iclx/iis2iclx_reg.c:3145:9:iis2iclx_wkup_threshold_get	24	static
../Drivers/BSP/Components/iis2iclx/iis2iclx_reg.c:3165:9:iis2iclx_xl_usr_offset_on_wkup_set	24	static
../Drivers/BSP/Components/iis2iclx/iis2iclx_reg.c:3192:9:iis2iclx_xl_usr_offset_on_wkup_get	24	static
../Drivers/BSP/Components/iis2iclx/iis2iclx_reg.c:3213:9:iis2iclx_wkup_dur_set	24	static
../Drivers/BSP/Components/iis2iclx/iis2iclx_reg.c:3239:9:iis2iclx_wkup_dur_get	24	static
../Drivers/BSP/Components/iis2iclx/iis2iclx_reg.c:3274:9:iis2iclx_act_pin_notification_set	24	static
../Drivers/BSP/Components/iis2iclx/iis2iclx_reg.c:3302:9:iis2iclx_act_pin_notification_get	24	static
../Drivers/BSP/Components/iis2iclx/iis2iclx_reg.c:3336:9:iis2iclx_act_sleep_dur_set	24	static
../Drivers/BSP/Components/iis2iclx/iis2iclx_reg.c:3362:9:iis2iclx_act_sleep_dur_get	24	static
../Drivers/BSP/Components/iis2iclx/iis2iclx_reg.c:3395:9:iis2iclx_tap_detection_on_y_set	24	static
../Drivers/BSP/Components/iis2iclx/iis2iclx_reg.c:3421:9:iis2iclx_tap_detection_on_y_get	24	static
../Drivers/BSP/Components/iis2iclx/iis2iclx_reg.c:3441:9:iis2iclx_tap_detection_on_x_set	24	static
../Drivers/BSP/Components/iis2iclx/iis2iclx_reg.c:3467:9:iis2iclx_tap_detection_on_x_get	24	static
../Drivers/BSP/Components/iis2iclx/iis2iclx_reg.c:3487:9:iis2iclx_tap_threshold_x_set	24	static
../Drivers/BSP/Components/iis2iclx/iis2iclx_reg.c:3512:9:iis2iclx_tap_threshold_x_get	24	static
../Drivers/BSP/Components/iis2iclx/iis2iclx_reg.c:3531:9:iis2iclx_tap_axis_priority_set	24	static
../Drivers/BSP/Components/iis2iclx/iis2iclx_reg.c:3556:9:iis2iclx_tap_axis_priority_get	24	static
../Drivers/BSP/Components/iis2iclx/iis2iclx_reg.c:3590:9:iis2iclx_tap_threshold_y_set	24	static
../Drivers/BSP/Components/iis2iclx/iis2iclx_reg.c:3615:9:iis2iclx_tap_threshold_y_get	24	static
../Drivers/BSP/Components/iis2iclx/iis2iclx_reg.c:3638:9:iis2iclx_tap_shock_set	24	static
../Drivers/BSP/Components/iis2iclx/iis2iclx_reg.c:3667:9:iis2iclx_tap_shock_get	24	static
../Drivers/BSP/Components/iis2iclx/iis2iclx_reg.c:3690:9:iis2iclx_tap_quiet_set	24	static
../Drivers/BSP/Components/iis2iclx/iis2iclx_reg.c:3719:9:iis2iclx_tap_quiet_get	24	static
../Drivers/BSP/Components/iis2iclx/iis2iclx_reg.c:3744:9:iis2iclx_tap_dur_set	24	static
../Drivers/BSP/Components/iis2iclx/iis2iclx_reg.c:3773:9:iis2iclx_tap_dur_get	24	static
../Drivers/BSP/Components/iis2iclx/iis2iclx_reg.c:3792:9:iis2iclx_tap_mode_set	24	static
../Drivers/BSP/Components/iis2iclx/iis2iclx_reg.c:3819:9:iis2iclx_tap_mode_get	24	static
../Drivers/BSP/Components/iis2iclx/iis2iclx_reg.c:3867:9:iis2iclx_fifo_watermark_set	32	static
../Drivers/BSP/Components/iis2iclx/iis2iclx_reg.c:3901:9:iis2iclx_fifo_watermark_get	32	static
../Drivers/BSP/Components/iis2iclx/iis2iclx_reg.c:3931:9:iis2iclx_fifo_virtual_sens_odr_chg_set	24	static
../Drivers/BSP/Components/iis2iclx/iis2iclx_reg.c:3958:9:iis2iclx_fifo_virtual_sens_odr_chg_get	24	static
../Drivers/BSP/Components/iis2iclx/iis2iclx_reg.c:3980:9:iis2iclx_fifo_stop_on_wtm_set	24	static
../Drivers/BSP/Components/iis2iclx/iis2iclx_reg.c:4007:9:iis2iclx_fifo_stop_on_wtm_get	24	static
../Drivers/BSP/Components/iis2iclx/iis2iclx_reg.c:4028:9:iis2iclx_fifo_xl_batch_set	24	static
../Drivers/BSP/Components/iis2iclx/iis2iclx_reg.c:4056:9:iis2iclx_fifo_xl_batch_get	24	static
../Drivers/BSP/Components/iis2iclx/iis2iclx_reg.c:4119:9:iis2iclx_fifo_mode_set	24	static
../Drivers/BSP/Components/iis2iclx/iis2iclx_reg.c:4146:9:iis2iclx_fifo_mode_get	24	static
../Drivers/BSP/Components/iis2iclx/iis2iclx_reg.c:4198:9:iis2iclx_fifo_temp_batch_set	24	static
../Drivers/BSP/Components/iis2iclx/iis2iclx_reg.c:4226:9:iis2iclx_fifo_temp_batch_get	24	static
../Drivers/BSP/Components/iis2iclx/iis2iclx_reg.c:4271:9:iis2iclx_fifo_timestamp_decimation_set	24	static
../Drivers/BSP/Components/iis2iclx/iis2iclx_reg.c:4301:9:iis2iclx_fifo_timestamp_decimation_get	24	static
../Drivers/BSP/Components/iis2iclx/iis2iclx_reg.c:4345:9:iis2iclx_rst_batch_counter_set	24	static
../Drivers/BSP/Components/iis2iclx/iis2iclx_reg.c:4372:9:iis2iclx_rst_batch_counter_get	24	static
../Drivers/BSP/Components/iis2iclx/iis2iclx_reg.c:4394:9:iis2iclx_batch_counter_threshold_set	32	static
../Drivers/BSP/Components/iis2iclx/iis2iclx_reg.c:4430:9:iis2iclx_batch_counter_threshold_get	32	static
../Drivers/BSP/Components/iis2iclx/iis2iclx_reg.c:4461:9:iis2iclx_fifo_data_level_get	32	static
../Drivers/BSP/Components/iis2iclx/iis2iclx_reg.c:4490:9:iis2iclx_fifo_status_get	24	static
../Drivers/BSP/Components/iis2iclx/iis2iclx_reg.c:4508:9:iis2iclx_fifo_full_flag_get	24	static
../Drivers/BSP/Components/iis2iclx/iis2iclx_reg.c:4529:9:iis2iclx_fifo_ovr_flag_get	24	static
../Drivers/BSP/Components/iis2iclx/iis2iclx_reg.c:4549:9:iis2iclx_fifo_wtm_flag_get	24	static
../Drivers/BSP/Components/iis2iclx/iis2iclx_reg.c:4569:9:iis2iclx_fifo_sensor_tag_get	24	static
../Drivers/BSP/Components/iis2iclx/iis2iclx_reg.c:4632:9:iis2iclx_sh_batch_slave_0_set	24	static
../Drivers/BSP/Components/iis2iclx/iis2iclx_reg.c:4669:9:iis2iclx_sh_batch_slave_0_get	24	static
../Drivers/BSP/Components/iis2iclx/iis2iclx_reg.c:4700:9:iis2iclx_sh_batch_slave_1_set	24	static
../Drivers/BSP/Components/iis2iclx/iis2iclx_reg.c:4737:9:iis2iclx_sh_batch_slave_1_get	24	static
../Drivers/BSP/Components/iis2iclx/iis2iclx_reg.c:4768:9:iis2iclx_sh_batch_slave_2_set	24	static
../Drivers/BSP/Components/iis2iclx/iis2iclx_reg.c:4805:9:iis2iclx_sh_batch_slave_2_get	24	static
../Drivers/BSP/Components/iis2iclx/iis2iclx_reg.c:4836:9:iis2iclx_sh_batch_slave_3_set	24	static
../Drivers/BSP/Components/iis2iclx/iis2iclx_reg.c:4873:9:iis2iclx_sh_batch_slave_3_get	24	static
../Drivers/BSP/Components/iis2iclx/iis2iclx_reg.c:4916:9:iis2iclx_den_mode_set	32	static
../Drivers/BSP/Components/iis2iclx/iis2iclx_reg.c:4954:9:iis2iclx_den_mode_get	32	static
../Drivers/BSP/Components/iis2iclx/iis2iclx_reg.c:5006:9:iis2iclx_den_polarity_set	24	static
../Drivers/BSP/Components/iis2iclx/iis2iclx_reg.c:5032:9:iis2iclx_den_polarity_get	24	static
../Drivers/BSP/Components/iis2iclx/iis2iclx_reg.c:5066:9:iis2iclx_den_mark_axis_y_set	24	static
../Drivers/BSP/Components/iis2iclx/iis2iclx_reg.c:5091:9:iis2iclx_den_mark_axis_y_get	24	static
../Drivers/BSP/Components/iis2iclx/iis2iclx_reg.c:5110:9:iis2iclx_den_mark_axis_x_set	24	static
../Drivers/BSP/Components/iis2iclx/iis2iclx_reg.c:5134:9:iis2iclx_den_mark_axis_x_get	24	static
../Drivers/BSP/Components/iis2iclx/iis2iclx_reg.c:5167:9:iis2iclx_long_cnt_flag_data_ready_get	24	static
../Drivers/BSP/Components/iis2iclx/iis2iclx_reg.c:5198:9:iis2iclx_emb_fsm_en_set	24	static
../Drivers/BSP/Components/iis2iclx/iis2iclx_reg.c:5234:9:iis2iclx_emb_fsm_en_get	24	static
../Drivers/BSP/Components/iis2iclx/iis2iclx_reg.c:5270:9:iis2iclx_fsm_enable_set	24	static
../Drivers/BSP/Components/iis2iclx/iis2iclx_reg.c:5346:9:iis2iclx_fsm_enable_get	24	static
../Drivers/BSP/Components/iis2iclx/iis2iclx_reg.c:5382:9:iis2iclx_long_cnt_set	24	static
../Drivers/BSP/Components/iis2iclx/iis2iclx_reg.c:5413:9:iis2iclx_long_cnt_get	24	static
../Drivers/BSP/Components/iis2iclx/iis2iclx_reg.c:5444:9:iis2iclx_long_clr_set	24	static
../Drivers/BSP/Components/iis2iclx/iis2iclx_reg.c:5481:9:iis2iclx_long_clr_get	24	static
../Drivers/BSP/Components/iis2iclx/iis2iclx_reg.c:5530:9:iis2iclx_fsm_out_get	24	static
../Drivers/BSP/Components/iis2iclx/iis2iclx_reg.c:5559:9:iis2iclx_fsm_data_rate_set	24	static
../Drivers/BSP/Components/iis2iclx/iis2iclx_reg.c:5598:9:iis2iclx_fsm_data_rate_get	24	static
../Drivers/BSP/Components/iis2iclx/iis2iclx_reg.c:5651:9:iis2iclx_fsm_init_set	24	static
../Drivers/BSP/Components/iis2iclx/iis2iclx_reg.c:5687:9:iis2iclx_fsm_init_get	24	static
../Drivers/BSP/Components/iis2iclx/iis2iclx_reg.c:5720:9:iis2iclx_long_cnt_int_value_set	24	static
../Drivers/BSP/Components/iis2iclx/iis2iclx_reg.c:5751:9:iis2iclx_long_cnt_int_value_get	24	static
../Drivers/BSP/Components/iis2iclx/iis2iclx_reg.c:5779:9:iis2iclx_fsm_number_of_programs_set	24	static
../Drivers/BSP/Components/iis2iclx/iis2iclx_reg.c:5803:9:iis2iclx_fsm_number_of_programs_get	24	static
../Drivers/BSP/Components/iis2iclx/iis2iclx_reg.c:5822:9:iis2iclx_fsm_start_address_set	24	static
../Drivers/BSP/Components/iis2iclx/iis2iclx_reg.c:5851:9:iis2iclx_fsm_start_address_get	24	static
../Drivers/BSP/Components/iis2iclx/iis2iclx_reg.c:5893:9:iis2iclx_mlc_set	24	static
../Drivers/BSP/Components/iis2iclx/iis2iclx_reg.c:5940:9:iis2iclx_mlc_get	24	static
../Drivers/BSP/Components/iis2iclx/iis2iclx_reg.c:5968:9:iis2iclx_mlc_status_get	16	static
../Drivers/BSP/Components/iis2iclx/iis2iclx_reg.c:5983:9:iis2iclx_mlc_data_rate_set	24	static
../Drivers/BSP/Components/iis2iclx/iis2iclx_reg.c:6020:9:iis2iclx_mlc_data_rate_get	24	static
../Drivers/BSP/Components/iis2iclx/iis2iclx_reg.c:6072:9:iis2iclx_mlc_out_get	24	static
../Drivers/BSP/Components/iis2iclx/iis2iclx_reg.c:6112:9:iis2iclx_sh_read_data_raw_get	24	static
../Drivers/BSP/Components/iis2iclx/iis2iclx_reg.c:6141:9:iis2iclx_sh_slave_connected_set	24	static
../Drivers/BSP/Components/iis2iclx/iis2iclx_reg.c:6178:9:iis2iclx_sh_slave_connected_get	24	static
../Drivers/BSP/Components/iis2iclx/iis2iclx_reg.c:6231:9:iis2iclx_sh_master_set	24	static
../Drivers/BSP/Components/iis2iclx/iis2iclx_reg.c:6267:9:iis2iclx_sh_master_get	24	static
../Drivers/BSP/Components/iis2iclx/iis2iclx_reg.c:6297:9:iis2iclx_sh_pin_mode_set	24	static
../Drivers/BSP/Components/iis2iclx/iis2iclx_reg.c:6334:9:iis2iclx_sh_pin_mode_get	24	static
../Drivers/BSP/Components/iis2iclx/iis2iclx_reg.c:6379:9:iis2iclx_sh_pass_through_set	24	static
../Drivers/BSP/Components/iis2iclx/iis2iclx_reg.c:6415:9:iis2iclx_sh_pass_through_get	24	static
../Drivers/BSP/Components/iis2iclx/iis2iclx_reg.c:6445:9:iis2iclx_sh_syncro_mode_set	24	static
../Drivers/BSP/Components/iis2iclx/iis2iclx_reg.c:6482:9:iis2iclx_sh_syncro_mode_get	24	static
../Drivers/BSP/Components/iis2iclx/iis2iclx_reg.c:6528:9:iis2iclx_sh_write_mode_set	24	static
../Drivers/BSP/Components/iis2iclx/iis2iclx_reg.c:6566:9:iis2iclx_sh_write_mode_get	24	static
../Drivers/BSP/Components/iis2iclx/iis2iclx_reg.c:6610:9:iis2iclx_sh_reset_set	24	static
../Drivers/BSP/Components/iis2iclx/iis2iclx_reg.c:6653:9:iis2iclx_sh_reset_get	24	static
../Drivers/BSP/Components/iis2iclx/iis2iclx_reg.c:6683:9:iis2iclx_sh_data_rate_set	24	static
../Drivers/BSP/Components/iis2iclx/iis2iclx_reg.c:6720:9:iis2iclx_sh_data_rate_get	24	static
../Drivers/BSP/Components/iis2iclx/iis2iclx_reg.c:6776:9:iis2iclx_sh_cfg_write	24	static
../Drivers/BSP/Components/iis2iclx/iis2iclx_reg.c:6823:9:iis2iclx_sh_slv0_cfg_read	32	static
../Drivers/BSP/Components/iis2iclx/iis2iclx_reg.c:6878:9:iis2iclx_sh_slv1_cfg_read	32	static
../Drivers/BSP/Components/iis2iclx/iis2iclx_reg.c:6932:9:iis2iclx_sh_slv2_cfg_read	32	static
../Drivers/BSP/Components/iis2iclx/iis2iclx_reg.c:6987:9:iis2iclx_sh_slv3_cfg_read	32	static
../Drivers/BSP/Components/iis2iclx/iis2iclx_reg.c:7039:9:iis2iclx_sh_status_get	24	static
../Drivers/BSP/Components/iis2iclx/iis2iclx_reg.c:7059:9:iis2iclx_bus_mode_set	32	static
../Drivers/BSP/Components/iis2iclx/iis2iclx_reg.c:7100:9:iis2iclx_bus_mode_get	32	static
