../../../../../../Middlewares/ST/eLooM/Inc/services/AManagedTask_vtbl.h:201:12:AMTGetTaskPowerMode	32	static
../../../../../../Middlewares/ST/eLooM/Inc/services/AManagedTaskEx_vtbl.h:142:18:AMTInitEx	16	static
../../../../../../Middlewares/ST/eLooM/Inc/services/AManagedTaskEx_vtbl.h:165:18:AMTExSetInactiveState	16	static
../../../../../../Middlewares/ST/eLooM/Inc/services/AManagedTaskEx_vtbl.h:174:11:AMTExIsTaskInactive	16	static
../../../../../../Middlewares/ST/eLooM/Inc/events/IEvent.h:74:18:IEventInit	16	static
../../../../../../Middlewares/ST/eLooM/Inc/events/IEventSrc_vtbl.h:66:18:IEventSrcInit	16	static
../../../../../../Middlewares/ST/eLooM/Inc/events/IEventSrc_vtbl.h:86:18:IEventSrcSendEvent	24	static
../../../../../../Middlewares/ST/eLooM/Inc/events/ISourceObservable_vtbl.h:69:23:ISourceGetId	16	static
../../../../../../Projects/eLooM_Components/SensorManager/Inc/events/SensorEvent.h:98:18:SensorEventInit	32	static
/Users/leonardoiacussi/eai-polimi/ai_dpu_stwin_box/Projects/eLooM_Components/SensorManager/Src/IIS3DWBTask.c:371:20:IIS3DWBTaskGetAccSensorIF	16	static
/Users/leonardoiacussi/eai-polimi/ai_dpu_stwin_box/Projects/eLooM_Components/SensorManager/Src/IIS3DWBTask.c:376:17:IIS3DWBTaskAlloc	24	static
/Users/leonardoiacussi/eai-polimi/ai_dpu_stwin_box/Projects/eLooM_Components/SensorManager/Src/IIS3DWBTask.c:396:9:IIS3DWBTaskGetSensorIF	16	static
/Users/leonardoiacussi/eai-polimi/ai_dpu_stwin_box/Projects/eLooM_Components/SensorManager/Src/IIS3DWBTask.c:403:12:IIS3DWBTaskGetEventSrcIF	16	static
/Users/leonardoiacussi/eai-polimi/ai_dpu_stwin_box/Projects/eLooM_Components/SensorManager/Src/IIS3DWBTask.c:413:18:IIS3DWBTask_vtblHardwareInit	24	static
/Users/leonardoiacussi/eai-polimi/ai_dpu_stwin_box/Projects/eLooM_Components/SensorManager/Src/IIS3DWBTask.c:428:18:IIS3DWBTask_vtblOnCreateTask	56	static
/Users/leonardoiacussi/eai-polimi/ai_dpu_stwin_box/Projects/eLooM_Components/SensorManager/Src/IIS3DWBTask.c:557:18:IIS3DWBTask_vtblDoEnterPowerMode	48	static
/Users/leonardoiacussi/eai-polimi/ai_dpu_stwin_box/Projects/eLooM_Components/SensorManager/Src/IIS3DWBTask.c:632:18:IIS3DWBTask_vtblHandleError	24	static
/Users/leonardoiacussi/eai-polimi/ai_dpu_stwin_box/Projects/eLooM_Components/SensorManager/Src/IIS3DWBTask.c:641:18:IIS3DWBTask_vtblOnEnterTaskControlLoop	24	static
/Users/leonardoiacussi/eai-polimi/ai_dpu_stwin_box/Projects/eLooM_Components/SensorManager/Src/IIS3DWBTask.c:654:18:IIS3DWBTask_vtblForceExecuteStep	72	static
/Users/leonardoiacussi/eai-polimi/ai_dpu_stwin_box/Projects/eLooM_Components/SensorManager/Src/IIS3DWBTask.c:693:18:IIS3DWBTask_vtblOnEnterPowerMode	24	static
/Users/leonardoiacussi/eai-polimi/ai_dpu_stwin_box/Projects/eLooM_Components/SensorManager/Src/IIS3DWBTask.c:705:9:IIS3DWBTask_vtblAccGetId	24	static
/Users/leonardoiacussi/eai-polimi/ai_dpu_stwin_box/Projects/eLooM_Components/SensorManager/Src/IIS3DWBTask.c:714:12:IIS3DWBTask_vtblGetEventSourceIF	24	static
/Users/leonardoiacussi/eai-polimi/ai_dpu_stwin_box/Projects/eLooM_Components/SensorManager/Src/IIS3DWBTask.c:722:18:IIS3DWBTask_vtblAccGetODR	32	static
/Users/leonardoiacussi/eai-polimi/ai_dpu_stwin_box/Projects/eLooM_Components/SensorManager/Src/IIS3DWBTask.c:744:7:IIS3DWBTask_vtblAccGetFS	24	static
/Users/leonardoiacussi/eai-polimi/ai_dpu_stwin_box/Projects/eLooM_Components/SensorManager/Src/IIS3DWBTask.c:753:7:IIS3DWBTask_vtblAccGetSensitivity	24	static
/Users/leonardoiacussi/eai-polimi/ai_dpu_stwin_box/Projects/eLooM_Components/SensorManager/Src/IIS3DWBTask.c:762:9:IIS3DWBTask_vtblAccGetDataType	24	static
/Users/leonardoiacussi/eai-polimi/ai_dpu_stwin_box/Projects/eLooM_Components/SensorManager/Src/IIS3DWBTask.c:771:10:IIS3DWBTask_vtblAccGetDimensions	24	static
/Users/leonardoiacussi/eai-polimi/ai_dpu_stwin_box/Projects/eLooM_Components/SensorManager/Src/IIS3DWBTask.c:780:18:IIS3DWBTask_vtblSensorSetODR	48	static
/Users/leonardoiacussi/eai-polimi/ai_dpu_stwin_box/Projects/eLooM_Components/SensorManager/Src/IIS3DWBTask.c:809:18:IIS3DWBTask_vtblSensorSetFS	48	static
/Users/leonardoiacussi/eai-polimi/ai_dpu_stwin_box/Projects/eLooM_Components/SensorManager/Src/IIS3DWBTask.c:839:18:IIS3DWBTask_vtblSensorEnable	48	static
/Users/leonardoiacussi/eai-polimi/ai_dpu_stwin_box/Projects/eLooM_Components/SensorManager/Src/IIS3DWBTask.c:867:18:IIS3DWBTask_vtblSensorDisable	48	static
/Users/leonardoiacussi/eai-polimi/ai_dpu_stwin_box/Projects/eLooM_Components/SensorManager/Src/IIS3DWBTask.c:895:11:IIS3DWBTask_vtblSensorIsEnabled	24	static
/Users/leonardoiacussi/eai-polimi/ai_dpu_stwin_box/Projects/eLooM_Components/SensorManager/Src/IIS3DWBTask.c:907:20:IIS3DWBTask_vtblSensorGetDescription	24	static
/Users/leonardoiacussi/eai-polimi/ai_dpu_stwin_box/Projects/eLooM_Components/SensorManager/Src/IIS3DWBTask.c:915:16:IIS3DWBTask_vtblSensorGetStatus	32	static
/Users/leonardoiacussi/eai-polimi/ai_dpu_stwin_box/Projects/eLooM_Components/SensorManager/Src/IIS3DWBTask.c:926:25:IIS3DWBTaskExecuteStepState1	48	static,ignoring_inline_asm
/Users/leonardoiacussi/eai-polimi/ai_dpu_stwin_box/Projects/eLooM_Components/SensorManager/Src/IIS3DWBTask.c:990:25:IIS3DWBTaskExecuteStepDatalog	168	static,ignoring_inline_asm
/Users/leonardoiacussi/eai-polimi/ai_dpu_stwin_box/Projects/eLooM_Components/SensorManager/Src/IIS3DWBTask.c:1129:32:IIS3DWBTaskPostReportToFront	24	static
/Users/leonardoiacussi/eai-polimi/ai_dpu_stwin_box/Projects/eLooM_Components/SensorManager/Src/IIS3DWBTask.c:1155:32:IIS3DWBTaskPostReportToBack	24	static
/Users/leonardoiacussi/eai-polimi/ai_dpu_stwin_box/Projects/eLooM_Components/SensorManager/Src/IIS3DWBTask.c:1181:25:IIS3DWBTaskSensorInit	32	static
/Users/leonardoiacussi/eai-polimi/ai_dpu_stwin_box/Projects/eLooM_Components/SensorManager/Src/IIS3DWBTask.c:1269:25:IIS3DWBTaskSensorReadData	40	static
/Users/leonardoiacussi/eai-polimi/ai_dpu_stwin_box/Projects/eLooM_Components/SensorManager/Src/IIS3DWBTask.c:1318:25:IIS3DWBTaskSensorRegister	24	static
/Users/leonardoiacussi/eai-polimi/ai_dpu_stwin_box/Projects/eLooM_Components/SensorManager/Src/IIS3DWBTask.c:1329:25:IIS3DWBTaskSensorInitTaskParams	24	static
/Users/leonardoiacussi/eai-polimi/ai_dpu_stwin_box/Projects/eLooM_Components/SensorManager/Src/IIS3DWBTask.c:1353:25:IIS3DWBTaskSensorSetODR	32	static
/Users/leonardoiacussi/eai-polimi/ai_dpu_stwin_box/Projects/eLooM_Components/SensorManager/Src/IIS3DWBTask.c:1380:25:IIS3DWBTaskSensorSetFS	32	static
/Users/leonardoiacussi/eai-polimi/ai_dpu_stwin_box/Projects/eLooM_Components/SensorManager/Src/IIS3DWBTask.c:1426:25:IIS3DWBTaskSensorEnable	24	static
/Users/leonardoiacussi/eai-polimi/ai_dpu_stwin_box/Projects/eLooM_Components/SensorManager/Src/IIS3DWBTask.c:1441:25:IIS3DWBTaskSensorDisable	24	static
/Users/leonardoiacussi/eai-polimi/ai_dpu_stwin_box/Projects/eLooM_Components/SensorManager/Src/IIS3DWBTask.c:1456:18:IIS3DWBTaskSensorIsActive	16	static
/Users/leonardoiacussi/eai-polimi/ai_dpu_stwin_box/Projects/eLooM_Components/SensorManager/Src/IIS3DWBTask.c:1462:25:IIS3DWBTaskEnterLowPowerMode	24	static
/Users/leonardoiacussi/eai-polimi/ai_dpu_stwin_box/Projects/eLooM_Components/SensorManager/Src/IIS3DWBTask.c:1477:25:IIS3DWBTaskConfigureIrqPin	40	static
/Users/leonardoiacussi/eai-polimi/ai_dpu_stwin_box/Projects/eLooM_Components/SensorManager/Src/IIS3DWBTask.c:1504:13:IIS3DWBTaskTimerCallbackFunction	32	static
/Users/leonardoiacussi/eai-polimi/ai_dpu_stwin_box/Projects/eLooM_Components/SensorManager/Src/IIS3DWBTask.c:1525:6:IIS3DWBTask_EXTI_Callback	32	static
