../../../../../../Middlewares/ST/eLooM/Inc/services/AManagedTask_vtbl.h:201:12:AMTGetTaskPowerMode	32	static
../../../../../../Middlewares/ST/eLooM/Inc/services/AManagedTaskEx_vtbl.h:142:18:AMTInitEx	16	static
../../../../../../Middlewares/ST/eLooM/Inc/services/AManagedTaskEx_vtbl.h:165:18:AMTExSetInactiveState	16	static
../../../../../../Middlewares/ST/eLooM/Inc/services/AManagedTaskEx_vtbl.h:174:11:AMTExIsTaskInactive	16	static
../../../../../../Middlewares/ST/eLooM/Inc/events/IEvent.h:74:18:IEventInit	16	static
../../../../../../Middlewares/ST/eLooM/Inc/events/IEventSrc_vtbl.h:66:18:IEventSrcInit	16	static
../../../../../../Middlewares/ST/eLooM/Inc/events/IEventSrc_vtbl.h:86:18:IEventSrcSendEvent	24	static
../../../../../../Middlewares/ST/eLooM/Inc/events/ISourceObservable_vtbl.h:69:23:ISourceGetId	16	static
../../../../../../Projects/eLooM_Components/SensorManager/Inc/events/SensorEvent.h:98:18:SensorEventInit	32	static
/Users/leonardoiacussi/eai-polimi/ai_dpu_stwin_box/Projects/eLooM_Components/SensorManager/Src/ISM330DHCXTask.c:621:20:ISM330DHCXTaskGetAccSensorIF	16	static
/Users/leonardoiacussi/eai-polimi/ai_dpu_stwin_box/Projects/eLooM_Components/SensorManager/Src/ISM330DHCXTask.c:626:20:ISM330DHCXTaskGetGyroSensorIF	16	static
/Users/leonardoiacussi/eai-polimi/ai_dpu_stwin_box/Projects/eLooM_Components/SensorManager/Src/ISM330DHCXTask.c:631:20:ISM330DHCXTaskGetMlcFakeSensorIF	16	static
/Users/leonardoiacussi/eai-polimi/ai_dpu_stwin_box/Projects/eLooM_Components/SensorManager/Src/ISM330DHCXTask.c:636:15:ISM330DHCXTaskGetMlcSensorIF	16	static
/Users/leonardoiacussi/eai-polimi/ai_dpu_stwin_box/Projects/eLooM_Components/SensorManager/Src/ISM330DHCXTask.c:641:17:ISM330DHCXTaskAlloc	24	static
/Users/leonardoiacussi/eai-polimi/ai_dpu_stwin_box/Projects/eLooM_Components/SensorManager/Src/ISM330DHCXTask.c:667:9:ISM330DHCXTaskGetSensorIF	16	static
/Users/leonardoiacussi/eai-polimi/ai_dpu_stwin_box/Projects/eLooM_Components/SensorManager/Src/ISM330DHCXTask.c:674:12:ISM330DHCXTaskGetAccEventSrcIF	16	static
/Users/leonardoiacussi/eai-polimi/ai_dpu_stwin_box/Projects/eLooM_Components/SensorManager/Src/ISM330DHCXTask.c:681:12:ISM330DHCXTaskGetGyroEventSrcIF	16	static
/Users/leonardoiacussi/eai-polimi/ai_dpu_stwin_box/Projects/eLooM_Components/SensorManager/Src/ISM330DHCXTask.c:688:12:ISM330DHCXTaskGetMlcEventSrcIF	16	static
/Users/leonardoiacussi/eai-polimi/ai_dpu_stwin_box/Projects/eLooM_Components/SensorManager/Src/ISM330DHCXTask.c:698:18:ISM330DHCXTask_vtblHardwareInit	24	static
/Users/leonardoiacussi/eai-polimi/ai_dpu_stwin_box/Projects/eLooM_Components/SensorManager/Src/ISM330DHCXTask.c:713:18:ISM330DHCXTask_vtblOnCreateTask	56	static
/Users/leonardoiacussi/eai-polimi/ai_dpu_stwin_box/Projects/eLooM_Components/SensorManager/Src/ISM330DHCXTask.c:881:18:ISM330DHCXTask_vtblDoEnterPowerMode	48	static
/Users/leonardoiacussi/eai-polimi/ai_dpu_stwin_box/Projects/eLooM_Components/SensorManager/Src/ISM330DHCXTask.c:968:18:ISM330DHCXTask_vtblHandleError	24	static
/Users/leonardoiacussi/eai-polimi/ai_dpu_stwin_box/Projects/eLooM_Components/SensorManager/Src/ISM330DHCXTask.c:976:18:ISM330DHCXTask_vtblOnEnterTaskControlLoop	24	static
/Users/leonardoiacussi/eai-polimi/ai_dpu_stwin_box/Projects/eLooM_Components/SensorManager/Src/ISM330DHCXTask.c:989:18:ISM330DHCXTask_vtblForceExecuteStep	72	static
/Users/leonardoiacussi/eai-polimi/ai_dpu_stwin_box/Projects/eLooM_Components/SensorManager/Src/ISM330DHCXTask.c:1028:18:ISM330DHCXTask_vtblOnEnterPowerMode	24	static
/Users/leonardoiacussi/eai-polimi/ai_dpu_stwin_box/Projects/eLooM_Components/SensorManager/Src/ISM330DHCXTask.c:1040:9:ISM330DHCXTask_vtblAccGetId	24	static
/Users/leonardoiacussi/eai-polimi/ai_dpu_stwin_box/Projects/eLooM_Components/SensorManager/Src/ISM330DHCXTask.c:1049:9:ISM330DHCXTask_vtblGyroGetId	24	static
/Users/leonardoiacussi/eai-polimi/ai_dpu_stwin_box/Projects/eLooM_Components/SensorManager/Src/ISM330DHCXTask.c:1058:9:ISM330DHCXTask_vtblMlcGetId	24	static
/Users/leonardoiacussi/eai-polimi/ai_dpu_stwin_box/Projects/eLooM_Components/SensorManager/Src/ISM330DHCXTask.c:1067:12:ISM330DHCXTask_vtblAccGetEventSourceIF	24	static
/Users/leonardoiacussi/eai-polimi/ai_dpu_stwin_box/Projects/eLooM_Components/SensorManager/Src/ISM330DHCXTask.c:1075:12:ISM330DHCXTask_vtblGyroGetEventSourceIF	24	static
/Users/leonardoiacussi/eai-polimi/ai_dpu_stwin_box/Projects/eLooM_Components/SensorManager/Src/ISM330DHCXTask.c:1082:12:ISM330DHCXTask_vtblMlcGetEventSourceIF	24	static
/Users/leonardoiacussi/eai-polimi/ai_dpu_stwin_box/Projects/eLooM_Components/SensorManager/Src/ISM330DHCXTask.c:1089:18:ISM330DHCXTask_vtblAccGetODR	32	static
/Users/leonardoiacussi/eai-polimi/ai_dpu_stwin_box/Projects/eLooM_Components/SensorManager/Src/ISM330DHCXTask.c:1111:7:ISM330DHCXTask_vtblAccGetFS	24	static
/Users/leonardoiacussi/eai-polimi/ai_dpu_stwin_box/Projects/eLooM_Components/SensorManager/Src/ISM330DHCXTask.c:1120:7:ISM330DHCXTask_vtblAccGetSensitivity	24	static
/Users/leonardoiacussi/eai-polimi/ai_dpu_stwin_box/Projects/eLooM_Components/SensorManager/Src/ISM330DHCXTask.c:1129:9:ISM330DHCXTask_vtblAccGetDataType	24	static
/Users/leonardoiacussi/eai-polimi/ai_dpu_stwin_box/Projects/eLooM_Components/SensorManager/Src/ISM330DHCXTask.c:1138:10:ISM330DHCXTask_vtblAccGetDimensions	24	static
/Users/leonardoiacussi/eai-polimi/ai_dpu_stwin_box/Projects/eLooM_Components/SensorManager/Src/ISM330DHCXTask.c:1147:18:ISM330DHCXTask_vtblGyroGetODR	32	static
/Users/leonardoiacussi/eai-polimi/ai_dpu_stwin_box/Projects/eLooM_Components/SensorManager/Src/ISM330DHCXTask.c:1169:7:ISM330DHCXTask_vtblGyroGetFS	24	static
/Users/leonardoiacussi/eai-polimi/ai_dpu_stwin_box/Projects/eLooM_Components/SensorManager/Src/ISM330DHCXTask.c:1178:7:ISM330DHCXTask_vtblGyroGetSensitivity	24	static
/Users/leonardoiacussi/eai-polimi/ai_dpu_stwin_box/Projects/eLooM_Components/SensorManager/Src/ISM330DHCXTask.c:1187:9:ISM330DHCXTask_vtblGyroGetDataType	24	static
/Users/leonardoiacussi/eai-polimi/ai_dpu_stwin_box/Projects/eLooM_Components/SensorManager/Src/ISM330DHCXTask.c:1196:10:ISM330DHCXTask_vtblGyroGetDimensions	24	static
/Users/leonardoiacussi/eai-polimi/ai_dpu_stwin_box/Projects/eLooM_Components/SensorManager/Src/ISM330DHCXTask.c:1205:18:ISM330DHCXTask_vtblMlcGetODR	32	static
/Users/leonardoiacussi/eai-polimi/ai_dpu_stwin_box/Projects/eLooM_Components/SensorManager/Src/ISM330DHCXTask.c:1227:18:ISM330DHCXTask_vtblSensorSetODR	48	static
/Users/leonardoiacussi/eai-polimi/ai_dpu_stwin_box/Projects/eLooM_Components/SensorManager/Src/ISM330DHCXTask.c:1256:18:ISM330DHCXTask_vtblSensorSetFS	48	static
/Users/leonardoiacussi/eai-polimi/ai_dpu_stwin_box/Projects/eLooM_Components/SensorManager/Src/ISM330DHCXTask.c:1286:18:ISM330DHCXTask_vtblSensorEnable	48	static
/Users/leonardoiacussi/eai-polimi/ai_dpu_stwin_box/Projects/eLooM_Components/SensorManager/Src/ISM330DHCXTask.c:1314:18:ISM330DHCXTask_vtblSensorDisable	48	static
/Users/leonardoiacussi/eai-polimi/ai_dpu_stwin_box/Projects/eLooM_Components/SensorManager/Src/ISM330DHCXTask.c:1342:11:ISM330DHCXTask_vtblSensorIsEnabled	24	static
/Users/leonardoiacussi/eai-polimi/ai_dpu_stwin_box/Projects/eLooM_Components/SensorManager/Src/ISM330DHCXTask.c:1358:20:ISM330DHCXTask_vtblAccGetDescription	24	static
/Users/leonardoiacussi/eai-polimi/ai_dpu_stwin_box/Projects/eLooM_Components/SensorManager/Src/ISM330DHCXTask.c:1365:20:ISM330DHCXTask_vtblGyroGetDescription	24	static
/Users/leonardoiacussi/eai-polimi/ai_dpu_stwin_box/Projects/eLooM_Components/SensorManager/Src/ISM330DHCXTask.c:1372:20:ISM330DHCXTask_vtblMlcGetDescription	24	static
/Users/leonardoiacussi/eai-polimi/ai_dpu_stwin_box/Projects/eLooM_Components/SensorManager/Src/ISM330DHCXTask.c:1379:16:ISM330DHCXTask_vtblAccGetStatus	32	static
/Users/leonardoiacussi/eai-polimi/ai_dpu_stwin_box/Projects/eLooM_Components/SensorManager/Src/ISM330DHCXTask.c:1386:16:ISM330DHCXTask_vtblGyroGetStatus	32	static
/Users/leonardoiacussi/eai-polimi/ai_dpu_stwin_box/Projects/eLooM_Components/SensorManager/Src/ISM330DHCXTask.c:1393:16:ISM330DHCXTask_vtblMlcGetStatus	32	static
/Users/leonardoiacussi/eai-polimi/ai_dpu_stwin_box/Projects/eLooM_Components/SensorManager/Src/ISM330DHCXTask.c:1400:11:ISM330DHCXTask_vtblSensorMlcIsEnabled	24	static
/Users/leonardoiacussi/eai-polimi/ai_dpu_stwin_box/Projects/eLooM_Components/SensorManager/Src/ISM330DHCXTask.c:1407:18:ISM330DHCXTask_vtblSensorMlcLoadUcf	56	static
/Users/leonardoiacussi/eai-polimi/ai_dpu_stwin_box/Projects/eLooM_Components/SensorManager/Src/ISM330DHCXTask.c:1453:25:ISM330DHCXTaskExecuteStepState1	48	static,ignoring_inline_asm
/Users/leonardoiacussi/eai-polimi/ai_dpu_stwin_box/Projects/eLooM_Components/SensorManager/Src/ISM330DHCXTask.c:1517:25:ISM330DHCXTaskExecuteStepDatalog	312	static,ignoring_inline_asm
/Users/leonardoiacussi/eai-polimi/ai_dpu_stwin_box/Projects/eLooM_Components/SensorManager/Src/ISM330DHCXTask.c:1825:32:ISM330DHCXTaskPostReportToFront	24	static
/Users/leonardoiacussi/eai-polimi/ai_dpu_stwin_box/Projects/eLooM_Components/SensorManager/Src/ISM330DHCXTask.c:1851:32:ISM330DHCXTaskPostReportToBack	24	static
/Users/leonardoiacussi/eai-polimi/ai_dpu_stwin_box/Projects/eLooM_Components/SensorManager/Src/ISM330DHCXTask.c:1877:25:ISM330DHCXTaskSensorInit	56	static
/Users/leonardoiacussi/eai-polimi/ai_dpu_stwin_box/Projects/eLooM_Components/SensorManager/Src/ISM330DHCXTask.c:2136:25:ISM330DHCXTaskSensorReadData	64	static
/Users/leonardoiacussi/eai-polimi/ai_dpu_stwin_box/Projects/eLooM_Components/SensorManager/Src/ISM330DHCXTask.c:2241:25:ISM330DHCXTaskSensorReadMLC	32	static
/Users/leonardoiacussi/eai-polimi/ai_dpu_stwin_box/Projects/eLooM_Components/SensorManager/Src/ISM330DHCXTask.c:2262:25:ISM330DHCXTaskSensorRegister	32	static
/Users/leonardoiacussi/eai-polimi/ai_dpu_stwin_box/Projects/eLooM_Components/SensorManager/Src/ISM330DHCXTask.c:2278:25:ISM330DHCXTaskSensorInitTaskParams	24	static
/Users/leonardoiacussi/eai-polimi/ai_dpu_stwin_box/Projects/eLooM_Components/SensorManager/Src/ISM330DHCXTask.c:2334:25:ISM330DHCXTaskSensorSetODR	32	static
/Users/leonardoiacussi/eai-polimi/ai_dpu_stwin_box/Projects/eLooM_Components/SensorManager/Src/ISM330DHCXTask.c:2473:25:ISM330DHCXTaskSensorSetFS	32	static
/Users/leonardoiacussi/eai-polimi/ai_dpu_stwin_box/Projects/eLooM_Components/SensorManager/Src/ISM330DHCXTask.c:2562:25:ISM330DHCXTaskSensorEnable	24	static
/Users/leonardoiacussi/eai-polimi/ai_dpu_stwin_box/Projects/eLooM_Components/SensorManager/Src/ISM330DHCXTask.c:2579:25:ISM330DHCXTaskSensorDisable	24	static
/Users/leonardoiacussi/eai-polimi/ai_dpu_stwin_box/Projects/eLooM_Components/SensorManager/Src/ISM330DHCXTask.c:2596:18:ISM330DHCXTaskSensorIsActive	16	static
/Users/leonardoiacussi/eai-polimi/ai_dpu_stwin_box/Projects/eLooM_Components/SensorManager/Src/ISM330DHCXTask.c:2602:25:ISM330DHCXTaskEnterLowPowerMode	32	static
/Users/leonardoiacussi/eai-polimi/ai_dpu_stwin_box/Projects/eLooM_Components/SensorManager/Src/ISM330DHCXTask.c:2621:25:ISM330DHCXTaskConfigureIrqPin	40	static
/Users/leonardoiacussi/eai-polimi/ai_dpu_stwin_box/Projects/eLooM_Components/SensorManager/Src/ISM330DHCXTask.c:2648:25:ISM330DHCXTaskConfigureMLCPin	40	static
/Users/leonardoiacussi/eai-polimi/ai_dpu_stwin_box/Projects/eLooM_Components/SensorManager/Src/ISM330DHCXTask.c:2675:31:ISM330DHCXTaskGetOwnerFromISensorIF	24	static
/Users/leonardoiacussi/eai-polimi/ai_dpu_stwin_box/Projects/eLooM_Components/SensorManager/Src/ISM330DHCXTask.c:2696:31:ISM330DHCXTaskGetOwnerFromISensorMlcIF	24	static
/Users/leonardoiacussi/eai-polimi/ai_dpu_stwin_box/Projects/eLooM_Components/SensorManager/Src/ISM330DHCXTask.c:2705:13:ISM330DHCXTaskTimerCallbackFunction	32	static
/Users/leonardoiacussi/eai-polimi/ai_dpu_stwin_box/Projects/eLooM_Components/SensorManager/Src/ISM330DHCXTask.c:2723:13:ISM330DHCXTaskMLCTimerCallbackFunction	32	static
/Users/leonardoiacussi/eai-polimi/ai_dpu_stwin_box/Projects/eLooM_Components/SensorManager/Src/ISM330DHCXTask.c:2747:6:ISM330DHCXTask_EXTI_Callback	32	static
/Users/leonardoiacussi/eai-polimi/ai_dpu_stwin_box/Projects/eLooM_Components/SensorManager/Src/ISM330DHCXTask.c:2765:6:INT2_DHCX_EXTI_Callback	32	static
/Users/leonardoiacussi/eai-polimi/ai_dpu_stwin_box/Projects/eLooM_Components/SensorManager/Src/ISM330DHCXTask.c:2783:25:ISM330DHCX_XL_ODR_From_UCF	32	static
/Users/leonardoiacussi/eai-polimi/ai_dpu_stwin_box/Projects/eLooM_Components/SensorManager/Src/ISM330DHCXTask.c:2854:25:ISM330DHCX_XL_FS_From_UCF	32	static
/Users/leonardoiacussi/eai-polimi/ai_dpu_stwin_box/Projects/eLooM_Components/SensorManager/Src/ISM330DHCXTask.c:2894:25:ISM330DHCX_GY_ODR_From_UCF	32	static
/Users/leonardoiacussi/eai-polimi/ai_dpu_stwin_box/Projects/eLooM_Components/SensorManager/Src/ISM330DHCXTask.c:2965:25:ISM330DHCX_GY_FS_From_UCF	32	static
