../../../../../../Middlewares/ST/eLooM/Inc/services/AManagedTaskEx_vtbl.h:142:18:AMTInitEx	16	static
../../../../../../Middlewares/ST/eLooM/Inc/services/AManagedTaskEx_vtbl.h:165:18:AMTExSetInactiveState	16	static
../../../../../../Middlewares/ST/eLooM/Inc/services/AManagedTaskEx_vtbl.h:174:11:AMTExIsTaskInactive	16	static
../../../../../../Middlewares/ST/eLooM/Inc/services/AManagedTaskEx_vtbl.h:181:18:AMTExSetPMClass	16	static
../../../../../../Middlewares/ST/eLooM/Inc/drivers/IDriver_vtbl.h:58:18:IDrvInit	16	static
../../../../../../Middlewares/ST/eLooM/Inc/drivers/IDriver_vtbl.h:63:18:IDrvStart	16	static
../../../../../../Middlewares/ST/eLooM/Inc/drivers/IDriver_vtbl.h:73:18:IDrvDoEnterPowerMode	16	static
../../../../../../Middlewares/ST/eLooM/Inc/drivers/IIODriver_vtbl.h:59:18:IIODrvWrite	32	static
../../../../../../Middlewares/ST/eLooM/Inc/drivers/IIODriver_vtbl.h:64:18:IIODrvRead	32	static
/Users/leonardoiacussi/eai-polimi/ai_dpu_stwin_box/Projects/eLooM_Components/SensorManager/Src/SPIBusTask.c:140:17:SPIBusTaskAlloc	16	static
/Users/leonardoiacussi/eai-polimi/ai_dpu_stwin_box/Projects/eLooM_Components/SensorManager/Src/SPIBusTask.c:154:18:SPIBusTaskConnectDevice	16	static
/Users/leonardoiacussi/eai-polimi/ai_dpu_stwin_box/Projects/eLooM_Components/SensorManager/Src/SPIBusTask.c:161:18:SPIBusTaskDisconnectDevice	16	static
/Users/leonardoiacussi/eai-polimi/ai_dpu_stwin_box/Projects/eLooM_Components/SensorManager/Src/SPIBusTask.c:168:7:SPIBusTaskGetBusIF	16	static
/Users/leonardoiacussi/eai-polimi/ai_dpu_stwin_box/Projects/eLooM_Components/SensorManager/Src/SPIBusTask.c:178:18:SPIBusTask_vtblHardwareInit	32	static
/Users/leonardoiacussi/eai-polimi/ai_dpu_stwin_box/Projects/eLooM_Components/SensorManager/Src/SPIBusTask.c:205:18:SPIBusTask_vtblOnCreateTask	48	static
/Users/leonardoiacussi/eai-polimi/ai_dpu_stwin_box/Projects/eLooM_Components/SensorManager/Src/SPIBusTask.c:257:18:SPIBusTask_vtblDoEnterPowerMode	24	static
/Users/leonardoiacussi/eai-polimi/ai_dpu_stwin_box/Projects/eLooM_Components/SensorManager/Src/SPIBusTask.c:280:18:SPIBusTask_vtblHandleError	24	static
/Users/leonardoiacussi/eai-polimi/ai_dpu_stwin_box/Projects/eLooM_Components/SensorManager/Src/SPIBusTask.c:289:18:SPIBusTask_vtblOnEnterTaskControlLoop	24	static
/Users/leonardoiacussi/eai-polimi/ai_dpu_stwin_box/Projects/eLooM_Components/SensorManager/Src/SPIBusTask.c:309:18:SPIBusTask_vtblForceExecuteStep	72	static
/Users/leonardoiacussi/eai-polimi/ai_dpu_stwin_box/Projects/eLooM_Components/SensorManager/Src/SPIBusTask.c:353:18:SPIBusTask_vtblOnEnterPowerMode	24	static
/Users/leonardoiacussi/eai-polimi/ai_dpu_stwin_box/Projects/eLooM_Components/SensorManager/Src/SPIBusTask.c:367:18:SPIBusTask_vtblCtrl	32	static
/Users/leonardoiacussi/eai-polimi/ai_dpu_stwin_box/Projects/eLooM_Components/SensorManager/Src/SPIBusTask.c:375:18:SPIBusTask_vtblConnectDevice	24	static
/Users/leonardoiacussi/eai-polimi/ai_dpu_stwin_box/Projects/eLooM_Components/SensorManager/Src/SPIBusTask.c:399:18:SPIBusTask_vtblDisconnectDevice	24	static
/Users/leonardoiacussi/eai-polimi/ai_dpu_stwin_box/Projects/eLooM_Components/SensorManager/Src/SPIBusTask.c:426:25:SPIBusTaskCtrl	24	static
/Users/leonardoiacussi/eai-polimi/ai_dpu_stwin_box/Projects/eLooM_Components/SensorManager/Src/SPIBusTask.c:431:25:SPIBusTaskExecuteStep	40	static,ignoring_inline_asm
/Users/leonardoiacussi/eai-polimi/ai_dpu_stwin_box/Projects/eLooM_Components/SensorManager/Src/SPIBusTask.c:480:16:SPIBusTaskWrite	48	static
/Users/leonardoiacussi/eai-polimi/ai_dpu_stwin_box/Projects/eLooM_Components/SensorManager/Src/SPIBusTask.c:521:16:SPIBusTaskRead	48	static
