/Users/leonardoiacussi/Desktop/PhD/Firmware/Projects/STM32L4R9ZI-STWIN/Applications/FP-AI-MONITOR1/SensorManager/Src/drivers/I2CMasterDriver.c:84:18:I2CMasterDriverSetDeviceAddr	16	static
/Users/leonardoiacussi/Desktop/PhD/Firmware/Projects/STM32L4R9ZI-STWIN/Applications/FP-AI-MONITOR1/SensorManager/Src/drivers/I2CMasterDriver.c:96:12:I2CMasterDriverAlloc	16	static
/Users/leonardoiacussi/Desktop/PhD/Firmware/Projects/STM32L4R9ZI-STWIN/Applications/FP-AI-MONITOR1/SensorManager/Src/drivers/I2CMasterDriver.c:110:18:I2CMasterDriver_vtblInit	32	static
/Users/leonardoiacussi/Desktop/PhD/Firmware/Projects/STM32L4R9ZI-STWIN/Applications/FP-AI-MONITOR1/SensorManager/Src/drivers/I2CMasterDriver.c:159:18:I2CMasterDriver_vtblStart	24	static
/Users/leonardoiacussi/Desktop/PhD/Firmware/Projects/STM32L4R9ZI-STWIN/Applications/FP-AI-MONITOR1/SensorManager/Src/drivers/I2CMasterDriver.c:175:18:I2CMasterDriver_vtblStop	24	static
/Users/leonardoiacussi/Desktop/PhD/Firmware/Projects/STM32L4R9ZI-STWIN/Applications/FP-AI-MONITOR1/SensorManager/Src/drivers/I2CMasterDriver.c:191:18:I2CMasterDriver_vtblDoEnterPowerMode	24	static
/Users/leonardoiacussi/Desktop/PhD/Firmware/Projects/STM32L4R9ZI-STWIN/Applications/FP-AI-MONITOR1/SensorManager/Src/drivers/I2CMasterDriver.c:199:18:I2CMasterDriver_vtblReset	24	static
/Users/leonardoiacussi/Desktop/PhD/Firmware/Projects/STM32L4R9ZI-STWIN/Applications/FP-AI-MONITOR1/SensorManager/Src/drivers/I2CMasterDriver.c:207:18:I2CMasterDriver_vtblWrite	48	static
/Users/leonardoiacussi/Desktop/PhD/Firmware/Projects/STM32L4R9ZI-STWIN/Applications/FP-AI-MONITOR1/SensorManager/Src/drivers/I2CMasterDriver.c:225:18:I2CMasterDriver_vtblRead	48	static
/Users/leonardoiacussi/Desktop/PhD/Firmware/Projects/STM32L4R9ZI-STWIN/Applications/FP-AI-MONITOR1/SensorManager/Src/drivers/I2CMasterDriver.c:251:13:I2CMasterDrvMemRxCpltCallback	16	static
/Users/leonardoiacussi/Desktop/PhD/Firmware/Projects/STM32L4R9ZI-STWIN/Applications/FP-AI-MONITOR1/SensorManager/Src/drivers/I2CMasterDriver.c:259:13:I2CMasterDrvMemTxCpltCallback	16	static
/Users/leonardoiacussi/Desktop/PhD/Firmware/Projects/STM32L4R9ZI-STWIN/Applications/FP-AI-MONITOR1/SensorManager/Src/drivers/I2CMasterDriver.c:267:13:I2CMasterDrvErrorCallback	16	static
