../../../../../../Middlewares/ST/eLooM/Inc/services/AManagedTask_vtbl.h:141:18:AMTHardwareInit	16	static
../../../../../../Middlewares/ST/eLooM/Inc/services/AManagedTask_vtbl.h:146:25:AMTOnCreateTask	56	static
../../../../../../Middlewares/ST/eLooM/Inc/services/AManagedTask_vtbl.h:155:18:AMTDoEnterPowerMode	24	static
../../../../../../Middlewares/ST/eLooM/Inc/services/AManagedTaskEx_vtbl.h:114:18:AMTExForceExecuteStep	24	static
../../../../../../Middlewares/ST/eLooM/Inc/services/AManagedTaskEx_vtbl.h:127:18:AMTExOnEnterPowerMode	24	static
../../../../../../Middlewares/ST/eLooM/Inc/services/AManagedTaskEx_vtbl.h:190:10:AMTExGetPMClass	16	static
../../../../../../Middlewares/ST/eLooM/Inc/services/ApplicationContext.h:112:9:ACGetTaskCount	16	static
../../../../../../Middlewares/ST/eLooM/Inc/services/ApplicationContext.h:119:15:ACGetFirstTask	16	static
../../../../../../Middlewares/ST/eLooM/Inc/services/ApplicationContext.h:126:15:ACGetNextTask	16	static
../../../../../../Middlewares/ST/eLooM/Inc/services/IApplicationErrorDelegateVtbl.h:75:18:IAEDInit	16	static
../../../../../../Middlewares/ST/eLooM/Inc/services/IApplicationErrorDelegateVtbl.h:80:18:IAEDOnStartApplication	16	static
../../../../../../Middlewares/ST/eLooM/Inc/services/IApplicationErrorDelegateVtbl.h:85:18:IAEDProcessEvent	24	static
../../../../../../Middlewares/ST/eLooM/Inc/services/IApplicationErrorDelegateVtbl.h:90:18:IAEDOnNewErrEvent	16	static
../../../../../../Middlewares/ST/eLooM/Inc/services/IApplicationErrorDelegateVtbl.h:95:11:IAEDIsLastErrorPending	16	static
../../../../../../Middlewares/ST/eLooM/Inc/services/IApplicationErrorDelegateVtbl.h:115:6:IAEDResetCounter	16	static
../../../../../../Middlewares/ST/eLooM/Inc/services/IAppPowerModeHelper_vtbl.h:70:18:IapmhInit	16	static
../../../../../../Middlewares/ST/eLooM/Inc/services/IAppPowerModeHelper_vtbl.h:75:12:IapmhComputeNewPowerMode	16	static
../../../../../../Middlewares/ST/eLooM/Inc/services/IAppPowerModeHelper_vtbl.h:80:11:IapmhCheckPowerModeTransaction	16	static
../../../../../../Middlewares/ST/eLooM/Inc/services/IAppPowerModeHelper_vtbl.h:85:18:IapmhDidEnterPowerMode	16	static
../../../../../../Middlewares/ST/eLooM/Inc/services/IAppPowerModeHelper_vtbl.h:90:12:IapmhGetActivePowerMode	16	static
../../../../../../Middlewares/ST/eLooM/Inc/services/IAppPowerModeHelper_vtbl.h:95:16:IapmhGetPowerStatus	16	static
../../../../../../Middlewares/ST/eLooM/Inc/services/IAppPowerModeHelper_vtbl.h:100:11:IapmhIsLowPowerMode	16	static
/Users/leonardoiacussi/eai-polimi/ai_dpu_stwin_box/Middlewares/ST/eLooM/Src/services/sysinit.c:163:25:SysLoadApplicationContext	16	static
/Users/leonardoiacussi/eai-polimi/ai_dpu_stwin_box/Middlewares/ST/eLooM/Src/services/sysinit.c:169:25:SysOnStartApplication	16	static
/Users/leonardoiacussi/eai-polimi/ai_dpu_stwin_box/Middlewares/ST/eLooM/Src/services/sysinit.c:175:18:SysInit	24	static
/Users/leonardoiacussi/eai-polimi/ai_dpu_stwin_box/Middlewares/ST/eLooM/Src/services/sysinit.c:252:18:SysPostEvent	24	static
/Users/leonardoiacussi/eai-polimi/ai_dpu_stwin_box/Middlewares/ST/eLooM/Src/services/sysinit.c:277:12:SysGetPowerMode	8	static
/Users/leonardoiacussi/eai-polimi/ai_dpu_stwin_box/Middlewares/ST/eLooM/Src/services/sysinit.c:281:18:SysTaskErrorHandler	24	static
/Users/leonardoiacussi/eai-polimi/ai_dpu_stwin_box/Middlewares/ST/eLooM/Src/services/sysinit.c:292:16:SysGetPowerStatus	8	static
/Users/leonardoiacussi/eai-polimi/ai_dpu_stwin_box/Middlewares/ST/eLooM/Src/services/sysinit.c:296:6:SysResetAEDCounter	8	static
/Users/leonardoiacussi/eai-polimi/ai_dpu_stwin_box/Middlewares/ST/eLooM/Src/services/sysinit.c:300:11:SysEventsPending	32	static
/Users/leonardoiacussi/eai-polimi/ai_dpu_stwin_box/Middlewares/ST/eLooM/Src/services/sysinit.c:308:7:SysAlloc	24	static
/Users/leonardoiacussi/eai-polimi/ai_dpu_stwin_box/Middlewares/ST/eLooM/Src/services/sysinit.c:316:6:SysFree	16	static
/Users/leonardoiacussi/eai-polimi/ai_dpu_stwin_box/Middlewares/ST/eLooM/Src/services/sysinit.c:320:35:SysGetErrorDelegate	8	static
/Users/leonardoiacussi/eai-polimi/ai_dpu_stwin_box/Middlewares/ST/eLooM/Src/services/sysinit.c:325:15:SysGetBootIF	4	static
/Users/leonardoiacussi/eai-polimi/ai_dpu_stwin_box/Middlewares/ST/eLooM/Src/services/sysinit.c:329:29:SysGetPowerModeHelper	8	static
/Users/leonardoiacussi/eai-polimi/ai_dpu_stwin_box/Middlewares/ST/eLooM/Src/services/sysinit.c:345:13:InitTaskRun	144	static,ignoring_inline_asm
/Users/leonardoiacussi/eai-polimi/ai_dpu_stwin_box/Middlewares/ST/eLooM/Src/services/sysinit.c:579:17:InitTaskDoEnterPowerModeForPMClass	32	static
/Users/leonardoiacussi/eai-polimi/ai_dpu_stwin_box/Middlewares/ST/eLooM/Src/services/sysinit.c:629:6:tx_application_define	64	static
