/Users/leonardoiacussi/Desktop/PhD/Firmware/Middlewares/ST/STM32_GenericFFT_Library/Src/fft.c:83:13:FFT_Init	24	static
/Users/leonardoiacussi/Desktop/PhD/Firmware/Middlewares/ST/STM32_GenericFFT_Library/Src/fft.c:143:13:FFT_DeInit	16	static
/Users/leonardoiacussi/Desktop/PhD/Firmware/Middlewares/ST/STM32_GenericFFT_Library/Src/fft.c:168:9:FFT_getMemorySize	32	static
/Users/leonardoiacussi/Desktop/PhD/Firmware/Middlewares/ST/STM32_GenericFFT_Library/Src/fft.c:208:9:FFT_Data_Input	64	static
/Users/leonardoiacussi/Desktop/PhD/Firmware/Middlewares/ST/STM32_GenericFFT_Library/Src/fft.c:261:13:FFT_Process	40	static
/Users/leonardoiacussi/Desktop/PhD/Firmware/Middlewares/ST/STM32_GenericFFT_Library/Src/fft.c:317:13:FFT_Direct_Process	56	static
/Users/leonardoiacussi/Desktop/PhD/Firmware/Middlewares/ST/STM32_GenericFFT_Library/Src/fft.c:353:13:FFT_create_window	16	static
/Users/leonardoiacussi/Desktop/PhD/Firmware/Middlewares/ST/STM32_GenericFFT_Library/Src/fft.c:385:15:FFT_Memory_Allocation	24	static
/Users/leonardoiacussi/Desktop/PhD/Firmware/Middlewares/ST/STM32_GenericFFT_Library/Src/fft.c:410:15:FFT_Dynamic_Allocation	24	static
/Users/leonardoiacussi/Desktop/PhD/Firmware/Middlewares/ST/STM32_GenericFFT_Library/Src/fft.c:486:13:FFT_Set_Normalize_Function	16	static
/Users/leonardoiacussi/Desktop/PhD/Firmware/Middlewares/ST/STM32_GenericFFT_Library/Src/fft.c:505:13:TukeyWin	40	static
/Users/leonardoiacussi/Desktop/PhD/Firmware/Middlewares/ST/STM32_GenericFFT_Library/Src/fft.c:522:13:HammingWin	40	static
/Users/leonardoiacussi/Desktop/PhD/Firmware/Middlewares/ST/STM32_GenericFFT_Library/Src/fft.c:534:13:BlackmanHarrisWin	48	static
/Users/leonardoiacussi/Desktop/PhD/Firmware/Middlewares/ST/STM32_GenericFFT_Library/Src/fft.c:547:18:FFT_NormalizeFloat	24	static
/Users/leonardoiacussi/Desktop/PhD/Firmware/Middlewares/ST/STM32_GenericFFT_Library/Src/fft.c:553:18:FFT_NormalizeInt32	24	static
/Users/leonardoiacussi/Desktop/PhD/Firmware/Middlewares/ST/STM32_GenericFFT_Library/Src/fft.c:559:18:FFT_NormalizeInt16	24	static
/Users/leonardoiacussi/Desktop/PhD/Firmware/Middlewares/ST/STM32_GenericFFT_Library/Src/fft.c:567:6:FFT_set_allocation_functions	16	static
