../Drivers/BSP/Components/iis3dwb/iis3dwb_reg.c:49:9:iis3dwb_read_reg	40	static
../Drivers/BSP/Components/iis3dwb/iis3dwb_reg.c:70:9:iis3dwb_write_reg	40	static
../Drivers/BSP/Components/iis3dwb/iis3dwb_reg.c:93:9:iis3dwb_from_fs2g_to_mg	16	static
../Drivers/BSP/Components/iis3dwb/iis3dwb_reg.c:98:9:iis3dwb_from_fs4g_to_mg	16	static
../Drivers/BSP/Components/iis3dwb/iis3dwb_reg.c:103:9:iis3dwb_from_fs8g_to_mg	16	static
../Drivers/BSP/Components/iis3dwb/iis3dwb_reg.c:108:9:iis3dwb_from_fs16g_to_mg	16	static
../Drivers/BSP/Components/iis3dwb/iis3dwb_reg.c:113:9:iis3dwb_from_lsb_to_celsius	16	static
../Drivers/BSP/Components/iis3dwb/iis3dwb_reg.c:118:9:iis3dwb_from_lsb_to_nsec	16	static
../Drivers/BSP/Components/iis3dwb/iis3dwb_reg.c:144:9:iis3dwb_xl_full_scale_set	24	static
../Drivers/BSP/Components/iis3dwb/iis3dwb_reg.c:170:9:iis3dwb_xl_full_scale_get	24	static
../Drivers/BSP/Components/iis3dwb/iis3dwb_reg.c:212:9:iis3dwb_xl_data_rate_set	24	static
../Drivers/BSP/Components/iis3dwb/iis3dwb_reg.c:238:9:iis3dwb_xl_data_rate_get	24	static
../Drivers/BSP/Components/iis3dwb/iis3dwb_reg.c:272:9:iis3dwb_block_data_update_set	24	static
../Drivers/BSP/Components/iis3dwb/iis3dwb_reg.c:296:9:iis3dwb_block_data_update_get	24	static
../Drivers/BSP/Components/iis3dwb/iis3dwb_reg.c:316:9:iis3dwb_xl_offset_weight_set	24	static
../Drivers/BSP/Components/iis3dwb/iis3dwb_reg.c:342:9:iis3dwb_xl_offset_weight_get	24	static
../Drivers/BSP/Components/iis3dwb/iis3dwb_reg.c:377:9:iis3dwb_xl_axis_selection_set	32	static
../Drivers/BSP/Components/iis3dwb/iis3dwb_reg.c:415:9:iis3dwb_xl_axis_selection_get	32	static
../Drivers/BSP/Components/iis3dwb/iis3dwb_reg.c:476:9:iis3dwb_all_sources_get	24	static
../Drivers/BSP/Components/iis3dwb/iis3dwb_reg.c:507:9:iis3dwb_status_reg_get	24	static
../Drivers/BSP/Components/iis3dwb/iis3dwb_reg.c:525:9:iis3dwb_xl_flag_data_ready_get	24	static
../Drivers/BSP/Components/iis3dwb/iis3dwb_reg.c:546:9:iis3dwb_temp_flag_data_ready_get	24	static
../Drivers/BSP/Components/iis3dwb/iis3dwb_reg.c:569:9:iis3dwb_xl_usr_offset_x_set	24	static
../Drivers/BSP/Components/iis3dwb/iis3dwb_reg.c:588:9:iis3dwb_xl_usr_offset_x_get	24	static
../Drivers/BSP/Components/iis3dwb/iis3dwb_reg.c:607:9:iis3dwb_xl_usr_offset_y_set	24	static
../Drivers/BSP/Components/iis3dwb/iis3dwb_reg.c:626:9:iis3dwb_xl_usr_offset_y_get	24	static
../Drivers/BSP/Components/iis3dwb/iis3dwb_reg.c:645:9:iis3dwb_xl_usr_offset_z_set	24	static
../Drivers/BSP/Components/iis3dwb/iis3dwb_reg.c:664:9:iis3dwb_xl_usr_offset_z_get	24	static
../Drivers/BSP/Components/iis3dwb/iis3dwb_reg.c:693:9:iis3dwb_timestamp_rst	24	static
../Drivers/BSP/Components/iis3dwb/iis3dwb_reg.c:707:9:iis3dwb_timestamp_set	24	static
../Drivers/BSP/Components/iis3dwb/iis3dwb_reg.c:732:9:iis3dwb_timestamp_get	24	static
../Drivers/BSP/Components/iis3dwb/iis3dwb_reg.c:753:9:iis3dwb_timestamp_raw_get	24	static
../Drivers/BSP/Components/iis3dwb/iis3dwb_reg.c:787:9:iis3dwb_rounding_mode_set	24	static
../Drivers/BSP/Components/iis3dwb/iis3dwb_reg.c:812:9:iis3dwb_rounding_mode_get	24	static
../Drivers/BSP/Components/iis3dwb/iis3dwb_reg.c:848:9:iis3dwb_temperature_raw_get	24	static
../Drivers/BSP/Components/iis3dwb/iis3dwb_reg.c:869:9:iis3dwb_acceleration_raw_get	32	static
../Drivers/BSP/Components/iis3dwb/iis3dwb_reg.c:893:9:iis3dwb_fifo_out_raw_get	24	static
../Drivers/BSP/Components/iis3dwb/iis3dwb_reg.c:924:9:iis3dwb_odr_cal_reg_set	24	static
../Drivers/BSP/Components/iis3dwb/iis3dwb_reg.c:952:9:iis3dwb_odr_cal_reg_get	24	static
../Drivers/BSP/Components/iis3dwb/iis3dwb_reg.c:973:9:iis3dwb_data_ready_mode_set	24	static
../Drivers/BSP/Components/iis3dwb/iis3dwb_reg.c:1001:9:iis3dwb_data_ready_mode_get	24	static
../Drivers/BSP/Components/iis3dwb/iis3dwb_reg.c:1036:9:iis3dwb_device_id_get	24	static
../Drivers/BSP/Components/iis3dwb/iis3dwb_reg.c:1053:9:iis3dwb_reset_set	24	static
../Drivers/BSP/Components/iis3dwb/iis3dwb_reg.c:1077:9:iis3dwb_reset_get	24	static
../Drivers/BSP/Components/iis3dwb/iis3dwb_reg.c:1097:9:iis3dwb_auto_increment_set	24	static
../Drivers/BSP/Components/iis3dwb/iis3dwb_reg.c:1122:9:iis3dwb_auto_increment_get	24	static
../Drivers/BSP/Components/iis3dwb/iis3dwb_reg.c:1141:9:iis3dwb_boot_set	24	static
../Drivers/BSP/Components/iis3dwb/iis3dwb_reg.c:1165:9:iis3dwb_boot_get	24	static
../Drivers/BSP/Components/iis3dwb/iis3dwb_reg.c:1186:9:iis3dwb_xl_self_test_set	24	static
../Drivers/BSP/Components/iis3dwb/iis3dwb_reg.c:1211:9:iis3dwb_xl_self_test_get	24	static
../Drivers/BSP/Components/iis3dwb/iis3dwb_reg.c:1265:9:iis3dwb_filter_settling_mask_set	24	static
../Drivers/BSP/Components/iis3dwb/iis3dwb_reg.c:1291:9:iis3dwb_filter_settling_mask_get	24	static
../Drivers/BSP/Components/iis3dwb/iis3dwb_reg.c:1311:9:iis3dwb_xl_filt_path_on_out_set	32	static
../Drivers/BSP/Components/iis3dwb/iis3dwb_reg.c:1350:9:iis3dwb_xl_filt_path_on_out_get	32	static
../Drivers/BSP/Components/iis3dwb/iis3dwb_reg.c:1453:9:iis3dwb_xl_fast_settling_set	24	static
../Drivers/BSP/Components/iis3dwb/iis3dwb_reg.c:1480:9:iis3dwb_xl_fast_settling_get	24	static
../Drivers/BSP/Components/iis3dwb/iis3dwb_reg.c:1500:9:iis3dwb_xl_hp_path_internal_set	24	static
../Drivers/BSP/Components/iis3dwb/iis3dwb_reg.c:1527:9:iis3dwb_xl_hp_path_internal_get	24	static
../Drivers/BSP/Components/iis3dwb/iis3dwb_reg.c:1574:9:iis3dwb_sdo_sa0_mode_set	24	static
../Drivers/BSP/Components/iis3dwb/iis3dwb_reg.c:1599:9:iis3dwb_sdo_sa0_mode_get	24	static
../Drivers/BSP/Components/iis3dwb/iis3dwb_reg.c:1633:9:iis3dwb_spi_mode_set	24	static
../Drivers/BSP/Components/iis3dwb/iis3dwb_reg.c:1657:9:iis3dwb_spi_mode_get	24	static
../Drivers/BSP/Components/iis3dwb/iis3dwb_reg.c:1690:9:iis3dwb_i2c_interface_set	24	static
../Drivers/BSP/Components/iis3dwb/iis3dwb_reg.c:1715:9:iis3dwb_i2c_interface_get	24	static
../Drivers/BSP/Components/iis3dwb/iis3dwb_reg.c:1762:9:iis3dwb_pin_int1_route_set	32	static
../Drivers/BSP/Components/iis3dwb/iis3dwb_reg.c:1818:9:iis3dwb_pin_int1_route_get	32	static
../Drivers/BSP/Components/iis3dwb/iis3dwb_reg.c:1868:9:iis3dwb_pin_int2_route_set	32	static
../Drivers/BSP/Components/iis3dwb/iis3dwb_reg.c:1925:9:iis3dwb_pin_int2_route_get	32	static
../Drivers/BSP/Components/iis3dwb/iis3dwb_reg.c:1976:9:iis3dwb_pin_mode_set	24	static
../Drivers/BSP/Components/iis3dwb/iis3dwb_reg.c:2000:9:iis3dwb_pin_mode_get	24	static
../Drivers/BSP/Components/iis3dwb/iis3dwb_reg.c:2033:9:iis3dwb_pin_polarity_set	24	static
../Drivers/BSP/Components/iis3dwb/iis3dwb_reg.c:2058:9:iis3dwb_pin_polarity_get	24	static
../Drivers/BSP/Components/iis3dwb/iis3dwb_reg.c:2092:9:iis3dwb_all_on_int1_set	24	static
../Drivers/BSP/Components/iis3dwb/iis3dwb_reg.c:2116:9:iis3dwb_all_on_int1_get	24	static
../Drivers/BSP/Components/iis3dwb/iis3dwb_reg.c:2135:9:iis3dwb_int_notification_set	24	static
../Drivers/BSP/Components/iis3dwb/iis3dwb_reg.c:2160:9:iis3dwb_int_notification_get	24	static
../Drivers/BSP/Components/iis3dwb/iis3dwb_reg.c:2209:9:iis3dwb_wkup_ths_weight_set	24	static
../Drivers/BSP/Components/iis3dwb/iis3dwb_reg.c:2238:9:iis3dwb_wkup_ths_weight_get	24	static
../Drivers/BSP/Components/iis3dwb/iis3dwb_reg.c:2275:9:iis3dwb_wkup_threshold_set	32	static
../Drivers/BSP/Components/iis3dwb/iis3dwb_reg.c:2316:9:iis3dwb_wkup_threshold_get	24	static
../Drivers/BSP/Components/iis3dwb/iis3dwb_reg.c:2336:9:iis3dwb_xl_usr_offset_on_wkup_set	24	static
../Drivers/BSP/Components/iis3dwb/iis3dwb_reg.c:2363:9:iis3dwb_xl_usr_offset_on_wkup_get	24	static
../Drivers/BSP/Components/iis3dwb/iis3dwb_reg.c:2384:9:iis3dwb_wkup_dur_set	24	static
../Drivers/BSP/Components/iis3dwb/iis3dwb_reg.c:2410:9:iis3dwb_wkup_dur_get	24	static
../Drivers/BSP/Components/iis3dwb/iis3dwb_reg.c:2443:9:iis3dwb_act_sleep_dur_set	24	static
../Drivers/BSP/Components/iis3dwb/iis3dwb_reg.c:2469:9:iis3dwb_act_sleep_dur_get	24	static
../Drivers/BSP/Components/iis3dwb/iis3dwb_reg.c:2502:9:iis3dwb_fifo_watermark_set	32	static
../Drivers/BSP/Components/iis3dwb/iis3dwb_reg.c:2536:9:iis3dwb_fifo_watermark_get	32	static
../Drivers/BSP/Components/iis3dwb/iis3dwb_reg.c:2567:9:iis3dwb_fifo_stop_on_wtm_set	24	static
../Drivers/BSP/Components/iis3dwb/iis3dwb_reg.c:2594:9:iis3dwb_fifo_stop_on_wtm_get	24	static
../Drivers/BSP/Components/iis3dwb/iis3dwb_reg.c:2615:9:iis3dwb_fifo_xl_batch_set	24	static
../Drivers/BSP/Components/iis3dwb/iis3dwb_reg.c:2643:9:iis3dwb_fifo_xl_batch_get	24	static
../Drivers/BSP/Components/iis3dwb/iis3dwb_reg.c:2678:9:iis3dwb_fifo_mode_set	24	static
../Drivers/BSP/Components/iis3dwb/iis3dwb_reg.c:2705:9:iis3dwb_fifo_mode_get	24	static
../Drivers/BSP/Components/iis3dwb/iis3dwb_reg.c:2757:9:iis3dwb_fifo_temp_batch_set	24	static
../Drivers/BSP/Components/iis3dwb/iis3dwb_reg.c:2785:9:iis3dwb_fifo_temp_batch_get	24	static
../Drivers/BSP/Components/iis3dwb/iis3dwb_reg.c:2822:9:iis3dwb_fifo_timestamp_decimation_set	24	static
../Drivers/BSP/Components/iis3dwb/iis3dwb_reg.c:2852:9:iis3dwb_fifo_timestamp_decimation_get	24	static
../Drivers/BSP/Components/iis3dwb/iis3dwb_reg.c:2896:9:iis3dwb_rst_batch_counter_set	24	static
../Drivers/BSP/Components/iis3dwb/iis3dwb_reg.c:2923:9:iis3dwb_rst_batch_counter_get	24	static
../Drivers/BSP/Components/iis3dwb/iis3dwb_reg.c:2944:9:iis3dwb_batch_counter_threshold_set	32	static
../Drivers/BSP/Components/iis3dwb/iis3dwb_reg.c:2980:9:iis3dwb_batch_counter_threshold_get	32	static
../Drivers/BSP/Components/iis3dwb/iis3dwb_reg.c:3011:9:iis3dwb_fifo_data_level_get	32	static
../Drivers/BSP/Components/iis3dwb/iis3dwb_reg.c:3040:9:iis3dwb_fifo_status_get	24	static
../Drivers/BSP/Components/iis3dwb/iis3dwb_reg.c:3058:9:iis3dwb_fifo_full_flag_get	24	static
../Drivers/BSP/Components/iis3dwb/iis3dwb_reg.c:3079:9:iis3dwb_fifo_ovr_flag_get	24	static
../Drivers/BSP/Components/iis3dwb/iis3dwb_reg.c:3099:9:iis3dwb_fifo_wtm_flag_get	24	static
../Drivers/BSP/Components/iis3dwb/iis3dwb_reg.c:3119:9:iis3dwb_fifo_sensor_tag_get	24	static
