/Users/leonardoiacussi/STM32CubeIDE/workspace_1.9.0/AI_STWIN_BM/Drivers/BSP/STWIN/STWIN_bus.c:163:9:BSP_I2C1_DeInit	8	static
/Users/leonardoiacussi/STM32CubeIDE/workspace_1.9.0/AI_STWIN_BM/Drivers/BSP/STWIN/STWIN_bus.c:184:9:BSP_I2C1_IsReady	8	static
/Users/leonardoiacussi/STM32CubeIDE/workspace_1.9.0/AI_STWIN_BM/Drivers/BSP/STWIN/STWIN_bus.c:205:9:BSP_I2C1_WriteReg	24	static
/Users/leonardoiacussi/STM32CubeIDE/workspace_1.9.0/AI_STWIN_BM/Drivers/BSP/STWIN/STWIN_bus.c:225:10:BSP_I2C1_ReadReg	24	static
/Users/leonardoiacussi/STM32CubeIDE/workspace_1.9.0/AI_STWIN_BM/Drivers/BSP/STWIN/STWIN_bus.c:246:9:BSP_I2C1_WriteReg16	24	static
/Users/leonardoiacussi/STM32CubeIDE/workspace_1.9.0/AI_STWIN_BM/Drivers/BSP/STWIN/STWIN_bus.c:266:10:BSP_I2C1_ReadReg16	24	static
/Users/leonardoiacussi/STM32CubeIDE/workspace_1.9.0/AI_STWIN_BM/Drivers/BSP/STWIN/STWIN_bus.c:287:9:BSP_I2C1_Send	16	static
/Users/leonardoiacussi/STM32CubeIDE/workspace_1.9.0/AI_STWIN_BM/Drivers/BSP/STWIN/STWIN_bus.c:306:9:BSP_I2C1_Recv	16	static
/Users/leonardoiacussi/STM32CubeIDE/workspace_1.9.0/AI_STWIN_BM/Drivers/BSP/STWIN/STWIN_bus.c:326:9:BSP_I2C1_SendRecv	24	static
/Users/leonardoiacussi/STM32CubeIDE/workspace_1.9.0/AI_STWIN_BM/Drivers/BSP/STWIN/STWIN_bus.c:395:9:BSP_I2C2_DeInit	8	static
/Users/leonardoiacussi/STM32CubeIDE/workspace_1.9.0/AI_STWIN_BM/Drivers/BSP/STWIN/STWIN_bus.c:416:9:BSP_I2C2_IsReady	8	static
/Users/leonardoiacussi/STM32CubeIDE/workspace_1.9.0/AI_STWIN_BM/Drivers/BSP/STWIN/STWIN_bus.c:437:9:BSP_I2C2_WriteReg	24	static
/Users/leonardoiacussi/STM32CubeIDE/workspace_1.9.0/AI_STWIN_BM/Drivers/BSP/STWIN/STWIN_bus.c:457:10:BSP_I2C2_ReadReg	24	static
/Users/leonardoiacussi/STM32CubeIDE/workspace_1.9.0/AI_STWIN_BM/Drivers/BSP/STWIN/STWIN_bus.c:478:9:BSP_I2C2_WriteReg16	24	static
/Users/leonardoiacussi/STM32CubeIDE/workspace_1.9.0/AI_STWIN_BM/Drivers/BSP/STWIN/STWIN_bus.c:498:10:BSP_I2C2_ReadReg16	24	static
/Users/leonardoiacussi/STM32CubeIDE/workspace_1.9.0/AI_STWIN_BM/Drivers/BSP/STWIN/STWIN_bus.c:519:9:BSP_I2C2_Send	16	static
/Users/leonardoiacussi/STM32CubeIDE/workspace_1.9.0/AI_STWIN_BM/Drivers/BSP/STWIN/STWIN_bus.c:538:9:BSP_I2C2_Recv	16	static
/Users/leonardoiacussi/STM32CubeIDE/workspace_1.9.0/AI_STWIN_BM/Drivers/BSP/STWIN/STWIN_bus.c:558:9:BSP_I2C2_SendRecv	24	static
/Users/leonardoiacussi/STM32CubeIDE/workspace_1.9.0/AI_STWIN_BM/Drivers/BSP/STWIN/STWIN_bus.c:627:9:BSP_I2C3_DeInit	8	static
/Users/leonardoiacussi/STM32CubeIDE/workspace_1.9.0/AI_STWIN_BM/Drivers/BSP/STWIN/STWIN_bus.c:648:9:BSP_I2C3_IsReady	8	static
/Users/leonardoiacussi/STM32CubeIDE/workspace_1.9.0/AI_STWIN_BM/Drivers/BSP/STWIN/STWIN_bus.c:669:9:BSP_I2C3_WriteReg	24	static
/Users/leonardoiacussi/STM32CubeIDE/workspace_1.9.0/AI_STWIN_BM/Drivers/BSP/STWIN/STWIN_bus.c:689:10:BSP_I2C3_ReadReg	24	static
/Users/leonardoiacussi/STM32CubeIDE/workspace_1.9.0/AI_STWIN_BM/Drivers/BSP/STWIN/STWIN_bus.c:710:9:BSP_I2C3_WriteReg16	24	static
/Users/leonardoiacussi/STM32CubeIDE/workspace_1.9.0/AI_STWIN_BM/Drivers/BSP/STWIN/STWIN_bus.c:730:10:BSP_I2C3_ReadReg16	24	static
/Users/leonardoiacussi/STM32CubeIDE/workspace_1.9.0/AI_STWIN_BM/Drivers/BSP/STWIN/STWIN_bus.c:751:9:BSP_I2C3_Send	16	static
/Users/leonardoiacussi/STM32CubeIDE/workspace_1.9.0/AI_STWIN_BM/Drivers/BSP/STWIN/STWIN_bus.c:770:9:BSP_I2C3_Recv	16	static
/Users/leonardoiacussi/STM32CubeIDE/workspace_1.9.0/AI_STWIN_BM/Drivers/BSP/STWIN/STWIN_bus.c:790:9:BSP_I2C3_SendRecv	24	static
/Users/leonardoiacussi/STM32CubeIDE/workspace_1.9.0/AI_STWIN_BM/Drivers/BSP/STWIN/STWIN_bus.c:858:9:BSP_I2C4_DeInit	8	static
/Users/leonardoiacussi/STM32CubeIDE/workspace_1.9.0/AI_STWIN_BM/Drivers/BSP/STWIN/STWIN_bus.c:879:9:BSP_I2C4_IsReady	8	static
/Users/leonardoiacussi/STM32CubeIDE/workspace_1.9.0/AI_STWIN_BM/Drivers/BSP/STWIN/STWIN_bus.c:900:9:BSP_I2C4_WriteReg	24	static
/Users/leonardoiacussi/STM32CubeIDE/workspace_1.9.0/AI_STWIN_BM/Drivers/BSP/STWIN/STWIN_bus.c:920:10:BSP_I2C4_ReadReg	24	static
/Users/leonardoiacussi/STM32CubeIDE/workspace_1.9.0/AI_STWIN_BM/Drivers/BSP/STWIN/STWIN_bus.c:941:9:BSP_I2C4_WriteReg16	24	static
/Users/leonardoiacussi/STM32CubeIDE/workspace_1.9.0/AI_STWIN_BM/Drivers/BSP/STWIN/STWIN_bus.c:961:10:BSP_I2C4_ReadReg16	24	static
/Users/leonardoiacussi/STM32CubeIDE/workspace_1.9.0/AI_STWIN_BM/Drivers/BSP/STWIN/STWIN_bus.c:982:9:BSP_I2C4_Send	16	static
/Users/leonardoiacussi/STM32CubeIDE/workspace_1.9.0/AI_STWIN_BM/Drivers/BSP/STWIN/STWIN_bus.c:1001:9:BSP_I2C4_Recv	16	static
/Users/leonardoiacussi/STM32CubeIDE/workspace_1.9.0/AI_STWIN_BM/Drivers/BSP/STWIN/STWIN_bus.c:1021:9:BSP_I2C4_SendRecv	24	static
/Users/leonardoiacussi/STM32CubeIDE/workspace_1.9.0/AI_STWIN_BM/Drivers/BSP/STWIN/STWIN_bus.c:1084:9:BSP_SPI1_DeInit	8	static
/Users/leonardoiacussi/STM32CubeIDE/workspace_1.9.0/AI_STWIN_BM/Drivers/BSP/STWIN/STWIN_bus.c:1106:9:BSP_SPI1_Send	8	static
/Users/leonardoiacussi/STM32CubeIDE/workspace_1.9.0/AI_STWIN_BM/Drivers/BSP/STWIN/STWIN_bus.c:1123:10:BSP_SPI1_Recv	8	static
/Users/leonardoiacussi/STM32CubeIDE/workspace_1.9.0/AI_STWIN_BM/Drivers/BSP/STWIN/STWIN_bus.c:1140:9:BSP_SPI1_SendRecv	16	static
/Users/leonardoiacussi/STM32CubeIDE/workspace_1.9.0/AI_STWIN_BM/Drivers/BSP/STWIN/STWIN_bus.c:1193:9:BSP_SPI2_DeInit	8	static
/Users/leonardoiacussi/STM32CubeIDE/workspace_1.9.0/AI_STWIN_BM/Drivers/BSP/STWIN/STWIN_bus.c:1215:9:BSP_SPI2_Send	8	static
/Users/leonardoiacussi/STM32CubeIDE/workspace_1.9.0/AI_STWIN_BM/Drivers/BSP/STWIN/STWIN_bus.c:1232:9:BSP_SPI2_Recv	8	static
/Users/leonardoiacussi/STM32CubeIDE/workspace_1.9.0/AI_STWIN_BM/Drivers/BSP/STWIN/STWIN_bus.c:1249:9:BSP_SPI2_SendRecv	16	static
/Users/leonardoiacussi/STM32CubeIDE/workspace_1.9.0/AI_STWIN_BM/Drivers/BSP/STWIN/STWIN_bus.c:1300:9:BSP_SPI3_DeInit	8	static
/Users/leonardoiacussi/STM32CubeIDE/workspace_1.9.0/AI_STWIN_BM/Drivers/BSP/STWIN/STWIN_bus.c:1322:9:BSP_SPI3_Send	8	static
/Users/leonardoiacussi/STM32CubeIDE/workspace_1.9.0/AI_STWIN_BM/Drivers/BSP/STWIN/STWIN_bus.c:1339:10:BSP_SPI3_Recv	8	static
/Users/leonardoiacussi/STM32CubeIDE/workspace_1.9.0/AI_STWIN_BM/Drivers/BSP/STWIN/STWIN_bus.c:1356:9:BSP_SPI3_SendRecv	16	static
/Users/leonardoiacussi/STM32CubeIDE/workspace_1.9.0/AI_STWIN_BM/Drivers/BSP/STWIN/STWIN_bus.c:1405:9:BSP_USART3_DeInit	8	static
/Users/leonardoiacussi/STM32CubeIDE/workspace_1.9.0/AI_STWIN_BM/Drivers/BSP/STWIN/STWIN_bus.c:1798:9:BSP_GetTick	0	static
/Users/leonardoiacussi/STM32CubeIDE/workspace_1.9.0/AI_STWIN_BM/Drivers/BSP/STWIN/STWIN_bus.c:1804:26:MX_SPI1_Init	8	static
/Users/leonardoiacussi/STM32CubeIDE/workspace_1.9.0/AI_STWIN_BM/Drivers/BSP/STWIN/STWIN_bus.c:1049:9:BSP_SPI1_Init	48	static
/Users/leonardoiacussi/STM32CubeIDE/workspace_1.9.0/AI_STWIN_BM/Drivers/BSP/STWIN/STWIN_bus.c:1870:26:MX_SPI2_Init	8	static
/Users/leonardoiacussi/STM32CubeIDE/workspace_1.9.0/AI_STWIN_BM/Drivers/BSP/STWIN/STWIN_bus.c:1156:9:BSP_SPI2_Init	48	static
/Users/leonardoiacussi/STM32CubeIDE/workspace_1.9.0/AI_STWIN_BM/Drivers/BSP/STWIN/STWIN_bus.c:1940:26:MX_SPI3_Init	8	static
/Users/leonardoiacussi/STM32CubeIDE/workspace_1.9.0/AI_STWIN_BM/Drivers/BSP/STWIN/STWIN_bus.c:1265:9:BSP_SPI3_Init	40	static
/Users/leonardoiacussi/STM32CubeIDE/workspace_1.9.0/AI_STWIN_BM/Drivers/BSP/STWIN/STWIN_bus.c:2004:26:MX_I2C1_Init	16	static
/Users/leonardoiacussi/STM32CubeIDE/workspace_1.9.0/AI_STWIN_BM/Drivers/BSP/STWIN/STWIN_bus.c:119:9:BSP_I2C1_Init	48	static
/Users/leonardoiacussi/STM32CubeIDE/workspace_1.9.0/AI_STWIN_BM/Drivers/BSP/STWIN/STWIN_bus.c:2070:26:MX_I2C2_Init	16	static
/Users/leonardoiacussi/STM32CubeIDE/workspace_1.9.0/AI_STWIN_BM/Drivers/BSP/STWIN/STWIN_bus.c:350:9:BSP_I2C2_Init	208	static
/Users/leonardoiacussi/STM32CubeIDE/workspace_1.9.0/AI_STWIN_BM/Drivers/BSP/STWIN/STWIN_bus.c:2153:26:MX_I2C3_Init	16	static
/Users/leonardoiacussi/STM32CubeIDE/workspace_1.9.0/AI_STWIN_BM/Drivers/BSP/STWIN/STWIN_bus.c:582:9:BSP_I2C3_Init	56	static
/Users/leonardoiacussi/STM32CubeIDE/workspace_1.9.0/AI_STWIN_BM/Drivers/BSP/STWIN/STWIN_bus.c:2232:26:MX_I2C4_Init	16	static
/Users/leonardoiacussi/STM32CubeIDE/workspace_1.9.0/AI_STWIN_BM/Drivers/BSP/STWIN/STWIN_bus.c:814:9:BSP_I2C4_Init	32	static
/Users/leonardoiacussi/STM32CubeIDE/workspace_1.9.0/AI_STWIN_BM/Drivers/BSP/STWIN/STWIN_bus.c:2301:26:MX_USART3_UART_Init	16	static
/Users/leonardoiacussi/STM32CubeIDE/workspace_1.9.0/AI_STWIN_BM/Drivers/BSP/STWIN/STWIN_bus.c:1377:9:BSP_USART3_Init	56	static
