/Users/leonardoiacussi/STM32CubeIDE/workspace_1.9.0/AI_STWIN_BM/Drivers/BSP/STWIN/STWIN_motion_sensors_ex.c:33:9:BSP_MOTION_SENSOR_Enable_HP_Filter	8	static
/Users/leonardoiacussi/STM32CubeIDE/workspace_1.9.0/AI_STWIN_BM/Drivers/BSP/STWIN/STWIN_motion_sensors_ex.c:79:9:BSP_MOTION_SENSOR_Set_INT1_DRDY	8	static
/Users/leonardoiacussi/STM32CubeIDE/workspace_1.9.0/AI_STWIN_BM/Drivers/BSP/STWIN/STWIN_motion_sensors_ex.c:124:9:BSP_MOTION_SENSOR_Set_INT2_DRDY	8	static
/Users/leonardoiacussi/STM32CubeIDE/workspace_1.9.0/AI_STWIN_BM/Drivers/BSP/STWIN/STWIN_motion_sensors_ex.c:170:9:BSP_MOTION_SENSOR_DRDY_Set_Mode	8	static
/Users/leonardoiacussi/STM32CubeIDE/workspace_1.9.0/AI_STWIN_BM/Drivers/BSP/STWIN/STWIN_motion_sensors_ex.c:217:9:BSP_MOTION_SENSOR_FIFO_Set_BDR	8	static
/Users/leonardoiacussi/STM32CubeIDE/workspace_1.9.0/AI_STWIN_BM/Drivers/BSP/STWIN/STWIN_motion_sensors_ex.c:282:9:BSP_MOTION_SENSOR_FIFO_Set_INT1_FIFO_Full	8	static
/Users/leonardoiacussi/STM32CubeIDE/workspace_1.9.0/AI_STWIN_BM/Drivers/BSP/STWIN/STWIN_motion_sensors_ex.c:329:9:BSP_MOTION_SENSOR_FIFO_Set_INT2_FIFO_Full	8	static
/Users/leonardoiacussi/STM32CubeIDE/workspace_1.9.0/AI_STWIN_BM/Drivers/BSP/STWIN/STWIN_motion_sensors_ex.c:376:9:BSP_MOTION_SENSOR_FIFO_Set_Watermark_Level	8	static
/Users/leonardoiacussi/STM32CubeIDE/workspace_1.9.0/AI_STWIN_BM/Drivers/BSP/STWIN/STWIN_motion_sensors_ex.c:422:9:BSP_MOTION_SENSOR_FIFO_Set_Stop_On_Fth	8	static
/Users/leonardoiacussi/STM32CubeIDE/workspace_1.9.0/AI_STWIN_BM/Drivers/BSP/STWIN/STWIN_motion_sensors_ex.c:471:9:BSP_MOTION_SENSOR_FIFO_Get_Data_Word	8	static
/Users/leonardoiacussi/STM32CubeIDE/workspace_1.9.0/AI_STWIN_BM/Drivers/BSP/STWIN/STWIN_motion_sensors_ex.c:526:9:BSP_MOTION_SENSOR_Enable_Wake_Up_Detection	8	static
/Users/leonardoiacussi/STM32CubeIDE/workspace_1.9.0/AI_STWIN_BM/Drivers/BSP/STWIN/STWIN_motion_sensors_ex.c:572:9:BSP_MOTION_SENSOR_Disable_Wake_Up_Detection	8	static
/Users/leonardoiacussi/STM32CubeIDE/workspace_1.9.0/AI_STWIN_BM/Drivers/BSP/STWIN/STWIN_motion_sensors_ex.c:618:9:BSP_MOTION_SENSOR_Set_Wake_Up_Threshold	8	static
/Users/leonardoiacussi/STM32CubeIDE/workspace_1.9.0/AI_STWIN_BM/Drivers/BSP/STWIN/STWIN_motion_sensors_ex.c:664:9:BSP_MOTION_SENSOR_Set_Wake_Up_Duration	8	static
/Users/leonardoiacussi/STM32CubeIDE/workspace_1.9.0/AI_STWIN_BM/Drivers/BSP/STWIN/STWIN_motion_sensors_ex.c:711:9:BSP_MOTION_SENSOR_Enable_Inactivity_Detection	0	static
/Users/leonardoiacussi/STM32CubeIDE/workspace_1.9.0/AI_STWIN_BM/Drivers/BSP/STWIN/STWIN_motion_sensors_ex.c:745:9:BSP_MOTION_SENSOR_Disable_Inactivity_Detection	0	static
/Users/leonardoiacussi/STM32CubeIDE/workspace_1.9.0/AI_STWIN_BM/Drivers/BSP/STWIN/STWIN_motion_sensors_ex.c:778:9:BSP_MOTION_SENSOR_Set_Sleep_Duration	0	static
/Users/leonardoiacussi/STM32CubeIDE/workspace_1.9.0/AI_STWIN_BM/Drivers/BSP/STWIN/STWIN_motion_sensors_ex.c:812:9:BSP_MOTION_SENSOR_Enable_6D_Orientation	8	static
/Users/leonardoiacussi/STM32CubeIDE/workspace_1.9.0/AI_STWIN_BM/Drivers/BSP/STWIN/STWIN_motion_sensors_ex.c:858:9:BSP_MOTION_SENSOR_Disable_6D_Orientation	8	static
/Users/leonardoiacussi/STM32CubeIDE/workspace_1.9.0/AI_STWIN_BM/Drivers/BSP/STWIN/STWIN_motion_sensors_ex.c:904:9:BSP_MOTION_SENSOR_Set_6D_Orientation_Threshold	8	static
/Users/leonardoiacussi/STM32CubeIDE/workspace_1.9.0/AI_STWIN_BM/Drivers/BSP/STWIN/STWIN_motion_sensors_ex.c:950:9:BSP_MOTION_SENSOR_Get_6D_Orientation_XL	8	static
/Users/leonardoiacussi/STM32CubeIDE/workspace_1.9.0/AI_STWIN_BM/Drivers/BSP/STWIN/STWIN_motion_sensors_ex.c:996:9:BSP_MOTION_SENSOR_Get_6D_Orientation_XH	8	static
/Users/leonardoiacussi/STM32CubeIDE/workspace_1.9.0/AI_STWIN_BM/Drivers/BSP/STWIN/STWIN_motion_sensors_ex.c:1042:9:BSP_MOTION_SENSOR_Get_6D_Orientation_YL	8	static
/Users/leonardoiacussi/STM32CubeIDE/workspace_1.9.0/AI_STWIN_BM/Drivers/BSP/STWIN/STWIN_motion_sensors_ex.c:1088:9:BSP_MOTION_SENSOR_Get_6D_Orientation_YH	8	static
/Users/leonardoiacussi/STM32CubeIDE/workspace_1.9.0/AI_STWIN_BM/Drivers/BSP/STWIN/STWIN_motion_sensors_ex.c:1134:9:BSP_MOTION_SENSOR_Get_6D_Orientation_ZL	8	static
/Users/leonardoiacussi/STM32CubeIDE/workspace_1.9.0/AI_STWIN_BM/Drivers/BSP/STWIN/STWIN_motion_sensors_ex.c:1180:9:BSP_MOTION_SENSOR_Get_6D_Orientation_ZH	8	static
/Users/leonardoiacussi/STM32CubeIDE/workspace_1.9.0/AI_STWIN_BM/Drivers/BSP/STWIN/STWIN_motion_sensors_ex.c:1226:9:BSP_MOTION_SENSOR_Get_Event_Status	8	static
/Users/leonardoiacussi/STM32CubeIDE/workspace_1.9.0/AI_STWIN_BM/Drivers/BSP/STWIN/STWIN_motion_sensors_ex.c:1275:9:BSP_MOTION_SENSOR_Get_DRDY_Status	8	static
/Users/leonardoiacussi/STM32CubeIDE/workspace_1.9.0/AI_STWIN_BM/Drivers/BSP/STWIN/STWIN_motion_sensors_ex.c:1366:9:BSP_MOTION_SENSOR_Read_Register	8	static
/Users/leonardoiacussi/STM32CubeIDE/workspace_1.9.0/AI_STWIN_BM/Drivers/BSP/STWIN/STWIN_motion_sensors_ex.c:1439:9:BSP_MOTION_SENSOR_Write_Register	8	static
/Users/leonardoiacussi/STM32CubeIDE/workspace_1.9.0/AI_STWIN_BM/Drivers/BSP/STWIN/STWIN_motion_sensors_ex.c:1511:9:BSP_MOTION_SENSOR_FIFO_Set_Mode	8	static
/Users/leonardoiacussi/STM32CubeIDE/workspace_1.9.0/AI_STWIN_BM/Drivers/BSP/STWIN/STWIN_motion_sensors_ex.c:1570:9:BSP_MOTION_SENSOR_FIFO_Get_Num_Samples	8	static
