/Users/leonardoiacussi/STM32CubeIDE/workspace_1.9.0/AI_STWIN_BM/Core/Src/stm32l4xx_it.c:72:6:NMI_Handler	0	static
/Users/leonardoiacussi/STM32CubeIDE/workspace_1.9.0/AI_STWIN_BM/Core/Src/stm32l4xx_it.c:87:6:HardFault_Handler	0	static
/Users/leonardoiacussi/STM32CubeIDE/workspace_1.9.0/AI_STWIN_BM/Core/Src/stm32l4xx_it.c:102:6:MemManage_Handler	0	static
/Users/leonardoiacussi/STM32CubeIDE/workspace_1.9.0/AI_STWIN_BM/Core/Src/stm32l4xx_it.c:117:6:BusFault_Handler	0	static
/Users/leonardoiacussi/STM32CubeIDE/workspace_1.9.0/AI_STWIN_BM/Core/Src/stm32l4xx_it.c:132:6:UsageFault_Handler	0	static
/Users/leonardoiacussi/STM32CubeIDE/workspace_1.9.0/AI_STWIN_BM/Core/Src/stm32l4xx_it.c:147:6:SVC_Handler	0	static
/Users/leonardoiacussi/STM32CubeIDE/workspace_1.9.0/AI_STWIN_BM/Core/Src/stm32l4xx_it.c:160:6:DebugMon_Handler	0	static
/Users/leonardoiacussi/STM32CubeIDE/workspace_1.9.0/AI_STWIN_BM/Core/Src/stm32l4xx_it.c:173:6:PendSV_Handler	0	static
/Users/leonardoiacussi/STM32CubeIDE/workspace_1.9.0/AI_STWIN_BM/Core/Src/stm32l4xx_it.c:186:6:SysTick_Handler	0	static
/Users/leonardoiacussi/STM32CubeIDE/workspace_1.9.0/AI_STWIN_BM/Core/Src/stm32l4xx_it.c:207:6:OTG_FS_IRQHandler	0	static
/Users/leonardoiacussi/STM32CubeIDE/workspace_1.9.0/AI_STWIN_BM/Core/Src/stm32l4xx_it.c:226:13:BSP_PB_Callback	0	static
/Users/leonardoiacussi/STM32CubeIDE/workspace_1.9.0/AI_STWIN_BM/Core/Src/stm32l4xx_it.c:233:6:EXTI0_IRQHandler	8	static
/Users/leonardoiacussi/STM32CubeIDE/workspace_1.9.0/AI_STWIN_BM/Core/Src/stm32l4xx_it.c:240:6:EXTI9_5_IRQHandler	0	static
