/Users/leonardoiacussi/Desktop/PhD/Firmware/Projects/STM32L4R9ZI-STWIN/Applications/FP-AI-MONITOR1/SensorManager/Src/IMP23ABSUTask.c:344:20:IMP23ABSUTaskGetMicSensorIF	16	static
/Users/leonardoiacussi/Desktop/PhD/Firmware/Projects/STM32L4R9ZI-STWIN/Applications/FP-AI-MONITOR1/SensorManager/Src/IMP23ABSUTask.c:348:17:IMP23ABSUTaskAlloc	16	static
/Users/leonardoiacussi/Desktop/PhD/Firmware/Projects/STM32L4R9ZI-STWIN/Applications/FP-AI-MONITOR1/SensorManager/Src/IMP23ABSUTask.c:364:12:IMP23ABSUTaskGetEventSrcIF	16	static
/Users/leonardoiacussi/Desktop/PhD/Firmware/Projects/STM32L4R9ZI-STWIN/Applications/FP-AI-MONITOR1/SensorManager/Src/IMP23ABSUTask.c:374:18:IMP23ABSUTask_vtblHardwareInit	40	static
/Users/leonardoiacussi/Desktop/PhD/Firmware/Projects/STM32L4R9ZI-STWIN/Applications/FP-AI-MONITOR1/SensorManager/Src/IMP23ABSUTask.c:404:18:IMP23ABSUTask_vtblOnCreateTask	32	static
/Users/leonardoiacussi/Desktop/PhD/Firmware/Projects/STM32L4R9ZI-STWIN/Applications/FP-AI-MONITOR1/SensorManager/Src/IMP23ABSUTask.c:466:18:IMP23ABSUTask_vtblDoEnterPowerMode	40	static
/Users/leonardoiacussi/Desktop/PhD/Firmware/Projects/STM32L4R9ZI-STWIN/Applications/FP-AI-MONITOR1/SensorManager/Src/IMP23ABSUTask.c:517:18:IMP23ABSUTask_vtblHandleError	24	static
/Users/leonardoiacussi/Desktop/PhD/Firmware/Projects/STM32L4R9ZI-STWIN/Applications/FP-AI-MONITOR1/SensorManager/Src/IMP23ABSUTask.c:526:18:IMP23ABSUTask_vtblOnEnterTaskControlLoop	24	static
/Users/leonardoiacussi/Desktop/PhD/Firmware/Projects/STM32L4R9ZI-STWIN/Applications/FP-AI-MONITOR1/SensorManager/Src/IMP23ABSUTask.c:543:18:IMP23ABSUTask_vtblForceExecuteStep	40	static
/Users/leonardoiacussi/Desktop/PhD/Firmware/Projects/STM32L4R9ZI-STWIN/Applications/FP-AI-MONITOR1/SensorManager/Src/IMP23ABSUTask.c:569:18:IMP23ABSUTask_vtblOnEnterPowerMode	24	static
/Users/leonardoiacussi/Desktop/PhD/Firmware/Projects/STM32L4R9ZI-STWIN/Applications/FP-AI-MONITOR1/SensorManager/Src/IMP23ABSUTask.c:582:9:IMP23ABSUTask_vtblMicGetId	24	static
/Users/leonardoiacussi/Desktop/PhD/Firmware/Projects/STM32L4R9ZI-STWIN/Applications/FP-AI-MONITOR1/SensorManager/Src/IMP23ABSUTask.c:590:12:IMP23ABSUTask_vtblGetEventSourceIF	24	static
/Users/leonardoiacussi/Desktop/PhD/Firmware/Projects/STM32L4R9ZI-STWIN/Applications/FP-AI-MONITOR1/SensorManager/Src/IMP23ABSUTask.c:596:18:IMP23ABSUTask_vtblMicGetODR	32	static
/Users/leonardoiacussi/Desktop/PhD/Firmware/Projects/STM32L4R9ZI-STWIN/Applications/FP-AI-MONITOR1/SensorManager/Src/IMP23ABSUTask.c:617:7:IMP23ABSUTask_vtblMicGetFS	24	static
/Users/leonardoiacussi/Desktop/PhD/Firmware/Projects/STM32L4R9ZI-STWIN/Applications/FP-AI-MONITOR1/SensorManager/Src/IMP23ABSUTask.c:625:7:IMP23ABSUTask_vtblMicGetSensitivity	24	static
/Users/leonardoiacussi/Desktop/PhD/Firmware/Projects/STM32L4R9ZI-STWIN/Applications/FP-AI-MONITOR1/SensorManager/Src/IMP23ABSUTask.c:633:18:IMP23ABSUTask_vtblSensorStart	24	static
/Users/leonardoiacussi/Desktop/PhD/Firmware/Projects/STM32L4R9ZI-STWIN/Applications/FP-AI-MONITOR1/SensorManager/Src/IMP23ABSUTask.c:640:18:IMP23ABSUTask_vtblSensorStop	24	static
/Users/leonardoiacussi/Desktop/PhD/Firmware/Projects/STM32L4R9ZI-STWIN/Applications/FP-AI-MONITOR1/SensorManager/Src/IMP23ABSUTask.c:647:18:IMP23ABSUTask_vtblSensorSetODR	40	static
/Users/leonardoiacussi/Desktop/PhD/Firmware/Projects/STM32L4R9ZI-STWIN/Applications/FP-AI-MONITOR1/SensorManager/Src/IMP23ABSUTask.c:674:18:IMP23ABSUTask_vtblSensorSetFS	40	static
/Users/leonardoiacussi/Desktop/PhD/Firmware/Projects/STM32L4R9ZI-STWIN/Applications/FP-AI-MONITOR1/SensorManager/Src/IMP23ABSUTask.c:701:18:IMP23ABSUTask_vtblSensorEnable	40	static
/Users/leonardoiacussi/Desktop/PhD/Firmware/Projects/STM32L4R9ZI-STWIN/Applications/FP-AI-MONITOR1/SensorManager/Src/IMP23ABSUTask.c:726:18:IMP23ABSUTask_vtblSensorDisable	40	static
/Users/leonardoiacussi/Desktop/PhD/Firmware/Projects/STM32L4R9ZI-STWIN/Applications/FP-AI-MONITOR1/SensorManager/Src/IMP23ABSUTask.c:751:11:IMP23ABSUTask_vtblSensorIsEnabled	24	static
/Users/leonardoiacussi/Desktop/PhD/Firmware/Projects/STM32L4R9ZI-STWIN/Applications/FP-AI-MONITOR1/SensorManager/Src/IMP23ABSUTask.c:762:20:IMP23ABSUTask_vtblSensorGetDescription	24	static
/Users/leonardoiacussi/Desktop/PhD/Firmware/Projects/STM32L4R9ZI-STWIN/Applications/FP-AI-MONITOR1/SensorManager/Src/IMP23ABSUTask.c:772:23:IMP23ABSUTaskGetInstance	4	static
/Users/leonardoiacussi/Desktop/PhD/Firmware/Projects/STM32L4R9ZI-STWIN/Applications/FP-AI-MONITOR1/SensorManager/Src/IMP23ABSUTask.c:776:25:IMP23ABSUTaskExecuteStepRun	40	static,ignoring_inline_asm
/Users/leonardoiacussi/Desktop/PhD/Firmware/Projects/STM32L4R9ZI-STWIN/Applications/FP-AI-MONITOR1/SensorManager/Src/IMP23ABSUTask.c:845:25:IMP23ABSUTaskExecuteStepDatalog	152	static,ignoring_inline_asm
/Users/leonardoiacussi/Desktop/PhD/Firmware/Projects/STM32L4R9ZI-STWIN/Applications/FP-AI-MONITOR1/SensorManager/Src/IMP23ABSUTask.c:972:32:IMP23ABSUTaskPostReportToFront	24	static
/Users/leonardoiacussi/Desktop/PhD/Firmware/Projects/STM32L4R9ZI-STWIN/Applications/FP-AI-MONITOR1/SensorManager/Src/IMP23ABSUTask.c:998:32:IMP23ABSUTaskPostReportToBack	24	static
/Users/leonardoiacussi/Desktop/PhD/Firmware/Projects/STM32L4R9ZI-STWIN/Applications/FP-AI-MONITOR1/SensorManager/Src/IMP23ABSUTask.c:1024:25:IMP23ABSUTaskSensorReadData	40	static
/Users/leonardoiacussi/Desktop/PhD/Firmware/Projects/STM32L4R9ZI-STWIN/Applications/FP-AI-MONITOR1/SensorManager/Src/IMP23ABSUTask.c:1052:25:IMP23ABSUTaskSensorRegister	24	static
/Users/leonardoiacussi/Desktop/PhD/Firmware/Projects/STM32L4R9ZI-STWIN/Applications/FP-AI-MONITOR1/SensorManager/Src/IMP23ABSUTask.c:1064:25:IMP23ABSUTaskSensorInitTaskParams	24	static
/Users/leonardoiacussi/Desktop/PhD/Firmware/Projects/STM32L4R9ZI-STWIN/Applications/FP-AI-MONITOR1/SensorManager/Src/IMP23ABSUTask.c:1105:25:IMP23ABSUTaskSensorStart	32	static
/Users/leonardoiacussi/Desktop/PhD/Firmware/Projects/STM32L4R9ZI-STWIN/Applications/FP-AI-MONITOR1/SensorManager/Src/IMP23ABSUTask.c:1112:25:IMP23ABSUTaskSensorStop	32	static
/Users/leonardoiacussi/Desktop/PhD/Firmware/Projects/STM32L4R9ZI-STWIN/Applications/FP-AI-MONITOR1/SensorManager/Src/IMP23ABSUTask.c:1119:25:IMP23ABSUTaskSensorSetODR	40	static
/Users/leonardoiacussi/Desktop/PhD/Firmware/Projects/STM32L4R9ZI-STWIN/Applications/FP-AI-MONITOR1/SensorManager/Src/IMP23ABSUTask.c:1145:25:IMP23ABSUTaskSensorSetFS	40	static
/Users/leonardoiacussi/Desktop/PhD/Firmware/Projects/STM32L4R9ZI-STWIN/Applications/FP-AI-MONITOR1/SensorManager/Src/IMP23ABSUTask.c:1170:25:IMP23ABSUTaskSensorEnable	32	static
/Users/leonardoiacussi/Desktop/PhD/Firmware/Projects/STM32L4R9ZI-STWIN/Applications/FP-AI-MONITOR1/SensorManager/Src/IMP23ABSUTask.c:1184:25:IMP23ABSUTaskSensorDisable	32	static
/Users/leonardoiacussi/Desktop/PhD/Firmware/Projects/STM32L4R9ZI-STWIN/Applications/FP-AI-MONITOR1/SensorManager/Src/IMP23ABSUTask.c:1198:18:IMP23ABSUTaskSensorIsActive	24	static
/Users/leonardoiacussi/Desktop/PhD/Firmware/Projects/STM32L4R9ZI-STWIN/Applications/FP-AI-MONITOR1/SensorManager/Src/IMP23ABSUTask.c:1214:6:DFSDM_Filter_1_Complete_Callback	24	static
/Users/leonardoiacussi/Desktop/PhD/Firmware/Projects/STM32L4R9ZI-STWIN/Applications/FP-AI-MONITOR1/SensorManager/Src/IMP23ABSUTask.c:1230:6:DFSDM_Filter_1_HalfComplete_Callback	24	static
