/Users/leonardoiacussi/Desktop/PhD/Firmware/Projects/STM32L4R9ZI-STWIN/Applications/FP-AI-MONITOR1/SensorManager/Src/ISM330DHCXTask.c:388:20:ISM330DHCXTaskGetAccSensorIF	16	static
/Users/leonardoiacussi/Desktop/PhD/Firmware/Projects/STM32L4R9ZI-STWIN/Applications/FP-AI-MONITOR1/SensorManager/Src/ISM330DHCXTask.c:392:20:ISM330DHCXTaskGetGyroSensorIF	16	static
/Users/leonardoiacussi/Desktop/PhD/Firmware/Projects/STM32L4R9ZI-STWIN/Applications/FP-AI-MONITOR1/SensorManager/Src/ISM330DHCXTask.c:396:17:ISM330DHCXTaskAlloc	8	static
/Users/leonardoiacussi/Desktop/PhD/Firmware/Projects/STM32L4R9ZI-STWIN/Applications/FP-AI-MONITOR1/SensorManager/Src/ISM330DHCXTask.c:410:11:ISM330DHCXTaskGetSensorIF	16	static
/Users/leonardoiacussi/Desktop/PhD/Firmware/Projects/STM32L4R9ZI-STWIN/Applications/FP-AI-MONITOR1/SensorManager/Src/ISM330DHCXTask.c:416:12:ISM330DHCXTaskGetAccEventSrcIF	16	static
/Users/leonardoiacussi/Desktop/PhD/Firmware/Projects/STM32L4R9ZI-STWIN/Applications/FP-AI-MONITOR1/SensorManager/Src/ISM330DHCXTask.c:422:12:ISM330DHCXTaskGetGyroEventSrcIF	16	static
/Users/leonardoiacussi/Desktop/PhD/Firmware/Projects/STM32L4R9ZI-STWIN/Applications/FP-AI-MONITOR1/SensorManager/Src/ISM330DHCXTask.c:432:18:ISM330DHCXTask_vtblHardwareInit	24	static
/Users/leonardoiacussi/Desktop/PhD/Firmware/Projects/STM32L4R9ZI-STWIN/Applications/FP-AI-MONITOR1/SensorManager/Src/ISM330DHCXTask.c:442:18:ISM330DHCXTask_vtblOnCreateTask	32	static
/Users/leonardoiacussi/Desktop/PhD/Firmware/Projects/STM32L4R9ZI-STWIN/Applications/FP-AI-MONITOR1/SensorManager/Src/ISM330DHCXTask.c:520:18:ISM330DHCXTask_vtblDoEnterPowerMode	40	static
/Users/leonardoiacussi/Desktop/PhD/Firmware/Projects/STM32L4R9ZI-STWIN/Applications/FP-AI-MONITOR1/SensorManager/Src/ISM330DHCXTask.c:577:18:ISM330DHCXTask_vtblHandleError	24	static
/Users/leonardoiacussi/Desktop/PhD/Firmware/Projects/STM32L4R9ZI-STWIN/Applications/FP-AI-MONITOR1/SensorManager/Src/ISM330DHCXTask.c:584:18:ISM330DHCXTask_vtblOnEnterTaskControlLoop	24	static
/Users/leonardoiacussi/Desktop/PhD/Firmware/Projects/STM32L4R9ZI-STWIN/Applications/FP-AI-MONITOR1/SensorManager/Src/ISM330DHCXTask.c:596:18:ISM330DHCXTask_vtblForceExecuteStep	40	static
/Users/leonardoiacussi/Desktop/PhD/Firmware/Projects/STM32L4R9ZI-STWIN/Applications/FP-AI-MONITOR1/SensorManager/Src/ISM330DHCXTask.c:624:18:ISM330DHCXTask_vtblOnEnterPowerMode	24	static
/Users/leonardoiacussi/Desktop/PhD/Firmware/Projects/STM32L4R9ZI-STWIN/Applications/FP-AI-MONITOR1/SensorManager/Src/ISM330DHCXTask.c:635:9:ISM330DHCXTask_vtblAccGetId	24	static
/Users/leonardoiacussi/Desktop/PhD/Firmware/Projects/STM32L4R9ZI-STWIN/Applications/FP-AI-MONITOR1/SensorManager/Src/ISM330DHCXTask.c:643:9:ISM330DHCXTask_vtblGyroGetId	24	static
/Users/leonardoiacussi/Desktop/PhD/Firmware/Projects/STM32L4R9ZI-STWIN/Applications/FP-AI-MONITOR1/SensorManager/Src/ISM330DHCXTask.c:651:12:ISM330DHCXTask_vtblAccGetEventSourceIF	24	static
/Users/leonardoiacussi/Desktop/PhD/Firmware/Projects/STM32L4R9ZI-STWIN/Applications/FP-AI-MONITOR1/SensorManager/Src/ISM330DHCXTask.c:657:12:ISM330DHCXTask_vtblGyroGetEventSourceIF	24	static
/Users/leonardoiacussi/Desktop/PhD/Firmware/Projects/STM32L4R9ZI-STWIN/Applications/FP-AI-MONITOR1/SensorManager/Src/ISM330DHCXTask.c:663:18:ISM330DHCXTask_vtblAccGetODR	32	static
/Users/leonardoiacussi/Desktop/PhD/Firmware/Projects/STM32L4R9ZI-STWIN/Applications/FP-AI-MONITOR1/SensorManager/Src/ISM330DHCXTask.c:684:7:ISM330DHCXTask_vtblAccGetFS	24	static
/Users/leonardoiacussi/Desktop/PhD/Firmware/Projects/STM32L4R9ZI-STWIN/Applications/FP-AI-MONITOR1/SensorManager/Src/ISM330DHCXTask.c:692:7:ISM330DHCXTask_vtblAccGetSensitivity	24	static
/Users/leonardoiacussi/Desktop/PhD/Firmware/Projects/STM32L4R9ZI-STWIN/Applications/FP-AI-MONITOR1/SensorManager/Src/ISM330DHCXTask.c:700:18:ISM330DHCXTask_vtblGyroGetODR	32	static
/Users/leonardoiacussi/Desktop/PhD/Firmware/Projects/STM32L4R9ZI-STWIN/Applications/FP-AI-MONITOR1/SensorManager/Src/ISM330DHCXTask.c:721:7:ISM330DHCXTask_vtblGyroGetFS	24	static
/Users/leonardoiacussi/Desktop/PhD/Firmware/Projects/STM32L4R9ZI-STWIN/Applications/FP-AI-MONITOR1/SensorManager/Src/ISM330DHCXTask.c:729:7:ISM330DHCXTask_vtblGyroGetSensitivity	24	static
/Users/leonardoiacussi/Desktop/PhD/Firmware/Projects/STM32L4R9ZI-STWIN/Applications/FP-AI-MONITOR1/SensorManager/Src/ISM330DHCXTask.c:737:18:ISM330DHCXTask_vtblSensorStart	24	static
/Users/leonardoiacussi/Desktop/PhD/Firmware/Projects/STM32L4R9ZI-STWIN/Applications/FP-AI-MONITOR1/SensorManager/Src/ISM330DHCXTask.c:744:18:ISM330DHCXTask_vtblSensorStop	24	static
/Users/leonardoiacussi/Desktop/PhD/Firmware/Projects/STM32L4R9ZI-STWIN/Applications/FP-AI-MONITOR1/SensorManager/Src/ISM330DHCXTask.c:751:18:ISM330DHCXTask_vtblSensorSetODR	40	static
/Users/leonardoiacussi/Desktop/PhD/Firmware/Projects/STM32L4R9ZI-STWIN/Applications/FP-AI-MONITOR1/SensorManager/Src/ISM330DHCXTask.c:778:18:ISM330DHCXTask_vtblSensorSetFS	40	static
/Users/leonardoiacussi/Desktop/PhD/Firmware/Projects/STM32L4R9ZI-STWIN/Applications/FP-AI-MONITOR1/SensorManager/Src/ISM330DHCXTask.c:806:18:ISM330DHCXTask_vtblSensorEnable	40	static
/Users/leonardoiacussi/Desktop/PhD/Firmware/Projects/STM32L4R9ZI-STWIN/Applications/FP-AI-MONITOR1/SensorManager/Src/ISM330DHCXTask.c:832:18:ISM330DHCXTask_vtblSensorDisable	40	static
/Users/leonardoiacussi/Desktop/PhD/Firmware/Projects/STM32L4R9ZI-STWIN/Applications/FP-AI-MONITOR1/SensorManager/Src/ISM330DHCXTask.c:858:11:ISM330DHCXTask_vtblSensorIsEnabled	24	static
/Users/leonardoiacussi/Desktop/PhD/Firmware/Projects/STM32L4R9ZI-STWIN/Applications/FP-AI-MONITOR1/SensorManager/Src/ISM330DHCXTask.c:871:20:ISM330DHCXTask_vtblSensorGetDescription	24	static
/Users/leonardoiacussi/Desktop/PhD/Firmware/Projects/STM32L4R9ZI-STWIN/Applications/FP-AI-MONITOR1/SensorManager/Src/ISM330DHCXTask.c:881:24:ISM330DHCXTaskGetInstance	4	static
/Users/leonardoiacussi/Desktop/PhD/Firmware/Projects/STM32L4R9ZI-STWIN/Applications/FP-AI-MONITOR1/SensorManager/Src/ISM330DHCXTask.c:886:25:ISM330DHCXTaskExecuteStepState1	40	static,ignoring_inline_asm
/Users/leonardoiacussi/Desktop/PhD/Firmware/Projects/STM32L4R9ZI-STWIN/Applications/FP-AI-MONITOR1/SensorManager/Src/ISM330DHCXTask.c:956:25:ISM330DHCXTaskExecuteStepDatalog	264	static,ignoring_inline_asm
/Users/leonardoiacussi/Desktop/PhD/Firmware/Projects/STM32L4R9ZI-STWIN/Applications/FP-AI-MONITOR1/SensorManager/Src/ISM330DHCXTask.c:1154:32:ISM330DHCXTaskPostReportToFront	24	static
/Users/leonardoiacussi/Desktop/PhD/Firmware/Projects/STM32L4R9ZI-STWIN/Applications/FP-AI-MONITOR1/SensorManager/Src/ISM330DHCXTask.c:1175:32:ISM330DHCXTaskPostReportToBack	24	static
/Users/leonardoiacussi/Desktop/PhD/Firmware/Projects/STM32L4R9ZI-STWIN/Applications/FP-AI-MONITOR1/SensorManager/Src/ISM330DHCXTask.c:1196:25:ISM330DHCXTaskSensorInit	48	static
/Users/leonardoiacussi/Desktop/PhD/Firmware/Projects/STM32L4R9ZI-STWIN/Applications/FP-AI-MONITOR1/SensorManager/Src/ISM330DHCXTask.c:1426:25:ISM330DHCXTaskSensorReadData	64	static
/Users/leonardoiacussi/Desktop/PhD/Firmware/Projects/STM32L4R9ZI-STWIN/Applications/FP-AI-MONITOR1/SensorManager/Src/ISM330DHCXTask.c:1533:25:ISM330DHCXTaskSensorRegister	32	static
/Users/leonardoiacussi/Desktop/PhD/Firmware/Projects/STM32L4R9ZI-STWIN/Applications/FP-AI-MONITOR1/SensorManager/Src/ISM330DHCXTask.c:1547:25:ISM330DHCXTaskSensorInitTaskParams	24	static
/Users/leonardoiacussi/Desktop/PhD/Firmware/Projects/STM32L4R9ZI-STWIN/Applications/FP-AI-MONITOR1/SensorManager/Src/ISM330DHCXTask.c:1643:25:ISM330DHCXTaskSensorStart	32	static
/Users/leonardoiacussi/Desktop/PhD/Firmware/Projects/STM32L4R9ZI-STWIN/Applications/FP-AI-MONITOR1/SensorManager/Src/ISM330DHCXTask.c:1650:25:ISM330DHCXTaskSensorStop	32	static
/Users/leonardoiacussi/Desktop/PhD/Firmware/Projects/STM32L4R9ZI-STWIN/Applications/FP-AI-MONITOR1/SensorManager/Src/ISM330DHCXTask.c:1657:25:ISM330DHCXTaskSensorSetODR	40	static
/Users/leonardoiacussi/Desktop/PhD/Firmware/Projects/STM32L4R9ZI-STWIN/Applications/FP-AI-MONITOR1/SensorManager/Src/ISM330DHCXTask.c:1791:25:ISM330DHCXTaskSensorSetFS	40	static
/Users/leonardoiacussi/Desktop/PhD/Firmware/Projects/STM32L4R9ZI-STWIN/Applications/FP-AI-MONITOR1/SensorManager/Src/ISM330DHCXTask.c:1873:25:ISM330DHCXTaskSensorEnable	32	static
/Users/leonardoiacussi/Desktop/PhD/Firmware/Projects/STM32L4R9ZI-STWIN/Applications/FP-AI-MONITOR1/SensorManager/Src/ISM330DHCXTask.c:1889:25:ISM330DHCXTaskSensorDisable	32	static
/Users/leonardoiacussi/Desktop/PhD/Firmware/Projects/STM32L4R9ZI-STWIN/Applications/FP-AI-MONITOR1/SensorManager/Src/ISM330DHCXTask.c:1905:18:ISM330DHCXTaskSensorIsActive	24	static
/Users/leonardoiacussi/Desktop/PhD/Firmware/Projects/STM32L4R9ZI-STWIN/Applications/FP-AI-MONITOR1/SensorManager/Src/ISM330DHCXTask.c:1920:25:ISM330DHCXTaskEnterLowPowerMode	32	static
/Users/leonardoiacussi/Desktop/PhD/Firmware/Projects/STM32L4R9ZI-STWIN/Applications/FP-AI-MONITOR1/SensorManager/Src/ISM330DHCXTask.c:1938:25:ISM330DHCXTaskConfigureIrqPin	48	static
/Users/leonardoiacussi/Desktop/PhD/Firmware/Projects/STM32L4R9ZI-STWIN/Applications/FP-AI-MONITOR1/SensorManager/Src/ISM330DHCXTask.c:1993:6:ISM330DHCXTask_EXTI_Callback	24	static
