/Users/leonardoiacussi/Desktop/PhD/Firmware/Projects/STM32L4R9ZI-STWIN/Applications/FP-AI-MONITOR1/SensorManager/Src/SensorManager.c:38:9:SMAddSensor	24	static
/Users/leonardoiacussi/Desktop/PhD/Firmware/Projects/STM32L4R9ZI-STWIN/Applications/FP-AI-MONITOR1/SensorManager/Src/SensorManager.c:63:18:SMRemoveSensor	24	static
/Users/leonardoiacussi/Desktop/PhD/Firmware/Projects/STM32L4R9ZI-STWIN/Applications/FP-AI-MONITOR1/SensorManager/Src/SensorManager.c:87:10:SMGetNsensor	4	static
/Users/leonardoiacussi/Desktop/PhD/Firmware/Projects/STM32L4R9ZI-STWIN/Applications/FP-AI-MONITOR1/SensorManager/Src/SensorManager.c:92:21:SMGetSensorObserver	24	static
/Users/leonardoiacussi/Desktop/PhD/Firmware/Projects/STM32L4R9ZI-STWIN/Applications/FP-AI-MONITOR1/SensorManager/Src/SensorManager.c:105:18:SMSensorStart	32	static
/Users/leonardoiacussi/Desktop/PhD/Firmware/Projects/STM32L4R9ZI-STWIN/Applications/FP-AI-MONITOR1/SensorManager/Src/SensorManager.c:123:18:SMSensorStop	32	static
/Users/leonardoiacussi/Desktop/PhD/Firmware/Projects/STM32L4R9ZI-STWIN/Applications/FP-AI-MONITOR1/SensorManager/Src/SensorManager.c:141:18:SMSensorSetODR	32	static
/Users/leonardoiacussi/Desktop/PhD/Firmware/Projects/STM32L4R9ZI-STWIN/Applications/FP-AI-MONITOR1/SensorManager/Src/SensorManager.c:159:18:SMSensorSetFS	32	static
/Users/leonardoiacussi/Desktop/PhD/Firmware/Projects/STM32L4R9ZI-STWIN/Applications/FP-AI-MONITOR1/SensorManager/Src/SensorManager.c:177:18:SMSensorEnable	32	static
/Users/leonardoiacussi/Desktop/PhD/Firmware/Projects/STM32L4R9ZI-STWIN/Applications/FP-AI-MONITOR1/SensorManager/Src/SensorManager.c:195:18:SMSensorDisable	32	static
/Users/leonardoiacussi/Desktop/PhD/Firmware/Projects/STM32L4R9ZI-STWIN/Applications/FP-AI-MONITOR1/SensorManager/Src/SensorManager.c:213:20:SMSensorGetDescription	864	static
/Users/leonardoiacussi/Desktop/PhD/Firmware/Projects/STM32L4R9ZI-STWIN/Applications/FP-AI-MONITOR1/SensorManager/Src/SensorManager.c:231:18:SMDeviceGetDescription	872	static
/Users/leonardoiacussi/Desktop/PhD/Firmware/Projects/STM32L4R9ZI-STWIN/Applications/FP-AI-MONITOR1/SensorManager/Src/SensorManager.c:254:19:SMGetSensorManager	4	static
