/Users/leonardoiacussi/Desktop/PhD/Firmware/Projects/STM32L4R9ZI-STWIN/Applications/FP-AI-MONITOR1/SensorManager/Src/SPIBusTask.c:146:17:SPIBusTaskAlloc	16	static
/Users/leonardoiacussi/Desktop/PhD/Firmware/Projects/STM32L4R9ZI-STWIN/Applications/FP-AI-MONITOR1/SensorManager/Src/SPIBusTask.c:159:18:SPIBusTaskConnectDevice	16	static
/Users/leonardoiacussi/Desktop/PhD/Firmware/Projects/STM32L4R9ZI-STWIN/Applications/FP-AI-MONITOR1/SensorManager/Src/SPIBusTask.c:165:18:SPIBusTaskDisconnectDevice	16	static
/Users/leonardoiacussi/Desktop/PhD/Firmware/Projects/STM32L4R9ZI-STWIN/Applications/FP-AI-MONITOR1/SensorManager/Src/SPIBusTask.c:171:7:SPIBusTaskGetBusIF	16	static
/Users/leonardoiacussi/Desktop/PhD/Firmware/Projects/STM32L4R9ZI-STWIN/Applications/FP-AI-MONITOR1/SensorManager/Src/SPIBusTask.c:181:18:SPIBusTask_vtblHardwareInit	32	static
/Users/leonardoiacussi/Desktop/PhD/Firmware/Projects/STM32L4R9ZI-STWIN/Applications/FP-AI-MONITOR1/SensorManager/Src/SPIBusTask.c:204:18:SPIBusTask_vtblOnCreateTask	32	static
/Users/leonardoiacussi/Desktop/PhD/Firmware/Projects/STM32L4R9ZI-STWIN/Applications/FP-AI-MONITOR1/SensorManager/Src/SPIBusTask.c:243:18:SPIBusTask_vtblDoEnterPowerMode	24	static
/Users/leonardoiacussi/Desktop/PhD/Firmware/Projects/STM32L4R9ZI-STWIN/Applications/FP-AI-MONITOR1/SensorManager/Src/SPIBusTask.c:263:18:SPIBusTask_vtblHandleError	24	static
/Users/leonardoiacussi/Desktop/PhD/Firmware/Projects/STM32L4R9ZI-STWIN/Applications/FP-AI-MONITOR1/SensorManager/Src/SPIBusTask.c:271:18:SPIBusTask_vtblOnEnterTaskControlLoop	24	static
/Users/leonardoiacussi/Desktop/PhD/Firmware/Projects/STM32L4R9ZI-STWIN/Applications/FP-AI-MONITOR1/SensorManager/Src/SPIBusTask.c:288:18:SPIBusTask_vtblForceExecuteStep	40	static
/Users/leonardoiacussi/Desktop/PhD/Firmware/Projects/STM32L4R9ZI-STWIN/Applications/FP-AI-MONITOR1/SensorManager/Src/SPIBusTask.c:321:18:SPIBusTask_vtblOnEnterPowerMode	24	static
/Users/leonardoiacussi/Desktop/PhD/Firmware/Projects/STM32L4R9ZI-STWIN/Applications/FP-AI-MONITOR1/SensorManager/Src/SPIBusTask.c:335:18:SPIBusTask_vtblCtrl	32	static
/Users/leonardoiacussi/Desktop/PhD/Firmware/Projects/STM32L4R9ZI-STWIN/Applications/FP-AI-MONITOR1/SensorManager/Src/SPIBusTask.c:342:18:SPIBusTask_vtblConnectDevice	24	static
/Users/leonardoiacussi/Desktop/PhD/Firmware/Projects/STM32L4R9ZI-STWIN/Applications/FP-AI-MONITOR1/SensorManager/Src/SPIBusTask.c:363:18:SPIBusTask_vtblDisconnectDevice	24	static
/Users/leonardoiacussi/Desktop/PhD/Firmware/Projects/STM32L4R9ZI-STWIN/Applications/FP-AI-MONITOR1/SensorManager/Src/SPIBusTask.c:387:25:SPIBusTaskCtrl	24	static
/Users/leonardoiacussi/Desktop/PhD/Firmware/Projects/STM32L4R9ZI-STWIN/Applications/FP-AI-MONITOR1/SensorManager/Src/SPIBusTask.c:391:25:SPIBusTaskExecuteStep	40	static,ignoring_inline_asm
/Users/leonardoiacussi/Desktop/PhD/Firmware/Projects/STM32L4R9ZI-STWIN/Applications/FP-AI-MONITOR1/SensorManager/Src/SPIBusTask.c:433:16:SPIBusTaskWrite	48	static
/Users/leonardoiacussi/Desktop/PhD/Firmware/Projects/STM32L4R9ZI-STWIN/Applications/FP-AI-MONITOR1/SensorManager/Src/SPIBusTask.c:469:16:SPIBusTaskRead	48	static
