/Users/leonardoiacussi/STM32CubeIDE/workspace_1.9.0/AI_STWIN_BM/Drivers/STM32L4xx_HAL_Driver/Src/stm32l4xx_ll_usb.c:83:19:USB_CoreInit	16	static
/Users/leonardoiacussi/STM32CubeIDE/workspace_1.9.0/AI_STWIN_BM/Drivers/STM32L4xx_HAL_Driver/Src/stm32l4xx_ll_usb.c:114:19:USB_SetTurnaroundTime	0	static
/Users/leonardoiacussi/STM32CubeIDE/workspace_1.9.0/AI_STWIN_BM/Drivers/STM32L4xx_HAL_Driver/Src/stm32l4xx_ll_usb.c:193:19:USB_EnableGlobalInt	0	static
/Users/leonardoiacussi/STM32CubeIDE/workspace_1.9.0/AI_STWIN_BM/Drivers/STM32L4xx_HAL_Driver/Src/stm32l4xx_ll_usb.c:205:19:USB_DisableGlobalInt	0	static
/Users/leonardoiacussi/STM32CubeIDE/workspace_1.9.0/AI_STWIN_BM/Drivers/STM32L4xx_HAL_Driver/Src/stm32l4xx_ll_usb.c:220:19:USB_SetCurrentMode	16	static
/Users/leonardoiacussi/STM32CubeIDE/workspace_1.9.0/AI_STWIN_BM/Drivers/STM32L4xx_HAL_Driver/Src/stm32l4xx_ll_usb.c:403:19:USB_FlushTxFifo	8	static
/Users/leonardoiacussi/STM32CubeIDE/workspace_1.9.0/AI_STWIN_BM/Drivers/STM32L4xx_HAL_Driver/Src/stm32l4xx_ll_usb.c:440:19:USB_FlushRxFifo	8	static
/Users/leonardoiacussi/STM32CubeIDE/workspace_1.9.0/AI_STWIN_BM/Drivers/STM32L4xx_HAL_Driver/Src/stm32l4xx_ll_usb.c:481:19:USB_SetDevSpeed	0	static
/Users/leonardoiacussi/STM32CubeIDE/workspace_1.9.0/AI_STWIN_BM/Drivers/STM32L4xx_HAL_Driver/Src/stm32l4xx_ll_usb.c:267:19:USB_DevInit	32	static
/Users/leonardoiacussi/STM32CubeIDE/workspace_1.9.0/AI_STWIN_BM/Drivers/STM32L4xx_HAL_Driver/Src/stm32l4xx_ll_usb.c:496:9:USB_GetDevSpeed	0	static
/Users/leonardoiacussi/STM32CubeIDE/workspace_1.9.0/AI_STWIN_BM/Drivers/STM32L4xx_HAL_Driver/Src/stm32l4xx_ll_usb.c:521:19:USB_ActivateEndpoint	12	static
/Users/leonardoiacussi/STM32CubeIDE/workspace_1.9.0/AI_STWIN_BM/Drivers/STM32L4xx_HAL_Driver/Src/stm32l4xx_ll_usb.c:559:19:USB_ActivateDedicatedEndpoint	20	static
/Users/leonardoiacussi/STM32CubeIDE/workspace_1.9.0/AI_STWIN_BM/Drivers/STM32L4xx_HAL_Driver/Src/stm32l4xx_ll_usb.c:598:19:USB_DeactivateEndpoint	8	static
/Users/leonardoiacussi/STM32CubeIDE/workspace_1.9.0/AI_STWIN_BM/Drivers/STM32L4xx_HAL_Driver/Src/stm32l4xx_ll_usb.c:645:19:USB_DeactivateDedicatedEndpoint	0	static
/Users/leonardoiacussi/STM32CubeIDE/workspace_1.9.0/AI_STWIN_BM/Drivers/STM32L4xx_HAL_Driver/Src/stm32l4xx_ll_usb.c:791:19:USB_EP0StartXfer	20	static
/Users/leonardoiacussi/STM32CubeIDE/workspace_1.9.0/AI_STWIN_BM/Drivers/STM32L4xx_HAL_Driver/Src/stm32l4xx_ll_usb.c:867:19:USB_EPStopXfer	8	static
/Users/leonardoiacussi/STM32CubeIDE/workspace_1.9.0/AI_STWIN_BM/Drivers/STM32L4xx_HAL_Driver/Src/stm32l4xx_ll_usb.c:927:19:USB_WritePacket	0	static
/Users/leonardoiacussi/STM32CubeIDE/workspace_1.9.0/AI_STWIN_BM/Drivers/STM32L4xx_HAL_Driver/Src/stm32l4xx_ll_usb.c:683:19:USB_EPStartXfer	24	static
/Users/leonardoiacussi/STM32CubeIDE/workspace_1.9.0/AI_STWIN_BM/Drivers/STM32L4xx_HAL_Driver/Src/stm32l4xx_ll_usb.c:955:7:USB_ReadPacket	16	static
/Users/leonardoiacussi/STM32CubeIDE/workspace_1.9.0/AI_STWIN_BM/Drivers/STM32L4xx_HAL_Driver/Src/stm32l4xx_ll_usb.c:997:19:USB_EPSetStall	0	static
/Users/leonardoiacussi/STM32CubeIDE/workspace_1.9.0/AI_STWIN_BM/Drivers/STM32L4xx_HAL_Driver/Src/stm32l4xx_ll_usb.c:1028:19:USB_EPClearStall	0	static
/Users/leonardoiacussi/STM32CubeIDE/workspace_1.9.0/AI_STWIN_BM/Drivers/STM32L4xx_HAL_Driver/Src/stm32l4xx_ll_usb.c:1057:19:USB_StopDevice	8	static
/Users/leonardoiacussi/STM32CubeIDE/workspace_1.9.0/AI_STWIN_BM/Drivers/STM32L4xx_HAL_Driver/Src/stm32l4xx_ll_usb.c:1098:20:USB_SetDevAddress	0	static
/Users/leonardoiacussi/STM32CubeIDE/workspace_1.9.0/AI_STWIN_BM/Drivers/STM32L4xx_HAL_Driver/Src/stm32l4xx_ll_usb.c:1113:20:USB_DevConnect	0	static
/Users/leonardoiacussi/STM32CubeIDE/workspace_1.9.0/AI_STWIN_BM/Drivers/STM32L4xx_HAL_Driver/Src/stm32l4xx_ll_usb.c:1130:20:USB_DevDisconnect	0	static
/Users/leonardoiacussi/STM32CubeIDE/workspace_1.9.0/AI_STWIN_BM/Drivers/STM32L4xx_HAL_Driver/Src/stm32l4xx_ll_usb.c:1147:11:USB_ReadInterrupts	0	static
/Users/leonardoiacussi/STM32CubeIDE/workspace_1.9.0/AI_STWIN_BM/Drivers/STM32L4xx_HAL_Driver/Src/stm32l4xx_ll_usb.c:1162:10:USB_ReadDevAllOutEpInterrupt	0	static
/Users/leonardoiacussi/STM32CubeIDE/workspace_1.9.0/AI_STWIN_BM/Drivers/STM32L4xx_HAL_Driver/Src/stm32l4xx_ll_usb.c:1178:10:USB_ReadDevAllInEpInterrupt	0	static
/Users/leonardoiacussi/STM32CubeIDE/workspace_1.9.0/AI_STWIN_BM/Drivers/STM32L4xx_HAL_Driver/Src/stm32l4xx_ll_usb.c:1196:10:USB_ReadDevOutEPInterrupt	0	static
/Users/leonardoiacussi/STM32CubeIDE/workspace_1.9.0/AI_STWIN_BM/Drivers/STM32L4xx_HAL_Driver/Src/stm32l4xx_ll_usb.c:1214:10:USB_ReadDevInEPInterrupt	8	static
/Users/leonardoiacussi/STM32CubeIDE/workspace_1.9.0/AI_STWIN_BM/Drivers/STM32L4xx_HAL_Driver/Src/stm32l4xx_ll_usb.c:1235:7:USB_ClearInterrupts	0	static
/Users/leonardoiacussi/STM32CubeIDE/workspace_1.9.0/AI_STWIN_BM/Drivers/STM32L4xx_HAL_Driver/Src/stm32l4xx_ll_usb.c:1248:10:USB_GetMode	0	static
/Users/leonardoiacussi/STM32CubeIDE/workspace_1.9.0/AI_STWIN_BM/Drivers/STM32L4xx_HAL_Driver/Src/stm32l4xx_ll_usb.c:1258:20:USB_ActivateSetup	0	static
/Users/leonardoiacussi/STM32CubeIDE/workspace_1.9.0/AI_STWIN_BM/Drivers/STM32L4xx_HAL_Driver/Src/stm32l4xx_ll_usb.c:1276:19:USB_EP0_OutStart	0	static
/Users/leonardoiacussi/STM32CubeIDE/workspace_1.9.0/AI_STWIN_BM/Drivers/STM32L4xx_HAL_Driver/Src/stm32l4xx_ll_usb.c:1343:19:USB_HostInit	16	static
/Users/leonardoiacussi/STM32CubeIDE/workspace_1.9.0/AI_STWIN_BM/Drivers/STM32L4xx_HAL_Driver/Src/stm32l4xx_ll_usb.c:1410:19:USB_InitFSLSPClkSel	8	static
/Users/leonardoiacussi/STM32CubeIDE/workspace_1.9.0/AI_STWIN_BM/Drivers/STM32L4xx_HAL_Driver/Src/stm32l4xx_ll_usb.c:1440:19:USB_ResetPort	24	static
/Users/leonardoiacussi/STM32CubeIDE/workspace_1.9.0/AI_STWIN_BM/Drivers/STM32L4xx_HAL_Driver/Src/stm32l4xx_ll_usb.c:1467:19:USB_DriveVbus	8	static
/Users/leonardoiacussi/STM32CubeIDE/workspace_1.9.0/AI_STWIN_BM/Drivers/STM32L4xx_HAL_Driver/Src/stm32l4xx_ll_usb.c:1496:10:USB_GetHostSpeed	8	static
/Users/leonardoiacussi/STM32CubeIDE/workspace_1.9.0/AI_STWIN_BM/Drivers/STM32L4xx_HAL_Driver/Src/stm32l4xx_ll_usb.c:1510:10:USB_GetCurrentFrame	0	static
/Users/leonardoiacussi/STM32CubeIDE/workspace_1.9.0/AI_STWIN_BM/Drivers/STM32L4xx_HAL_Driver/Src/stm32l4xx_ll_usb.c:1540:19:USB_HC_Init	24	static
/Users/leonardoiacussi/STM32CubeIDE/workspace_1.9.0/AI_STWIN_BM/Drivers/STM32L4xx_HAL_Driver/Src/stm32l4xx_ll_usb.c:1654:19:USB_HC_StartXfer	32	static
/Users/leonardoiacussi/STM32CubeIDE/workspace_1.9.0/AI_STWIN_BM/Drivers/STM32L4xx_HAL_Driver/Src/stm32l4xx_ll_usb.c:1764:10:USB_HC_ReadInterrupt	0	static
/Users/leonardoiacussi/STM32CubeIDE/workspace_1.9.0/AI_STWIN_BM/Drivers/STM32L4xx_HAL_Driver/Src/stm32l4xx_ll_usb.c:1778:19:USB_HC_Halt	24	static
/Users/leonardoiacussi/STM32CubeIDE/workspace_1.9.0/AI_STWIN_BM/Drivers/STM32L4xx_HAL_Driver/Src/stm32l4xx_ll_usb.c:1853:19:USB_DoPing	0	static
/Users/leonardoiacussi/STM32CubeIDE/workspace_1.9.0/AI_STWIN_BM/Drivers/STM32L4xx_HAL_Driver/Src/stm32l4xx_ll_usb.c:1877:19:USB_StopHost	24	static
/Users/leonardoiacussi/STM32CubeIDE/workspace_1.9.0/AI_STWIN_BM/Drivers/STM32L4xx_HAL_Driver/Src/stm32l4xx_ll_usb.c:1942:19:USB_ActivateRemoteWakeup	0	static
/Users/leonardoiacussi/STM32CubeIDE/workspace_1.9.0/AI_STWIN_BM/Drivers/STM32L4xx_HAL_Driver/Src/stm32l4xx_ll_usb.c:1960:19:USB_DeActivateRemoteWakeup	0	static
