../../../../../../Middlewares/ST/eLooM/Inc/events/IEventListener_vtbl.h:70:7:IEventListenerGetOwner	16	static
../../../../../../Middlewares/ST/eLooM/Inc/events/IEventSrc_vtbl.h:66:18:IEventSrcInit	16	static
../../../../../../Middlewares/ST/eLooM/Inc/events/IEventSrc_vtbl.h:71:18:IEventSrcAddEventListener	16	static
../../../../../../Middlewares/ST/eLooM/Inc/events/IEventSrc_vtbl.h:76:18:IEventSrcRemoveEventListener	16	static
../../../../../../Middlewares/ST/eLooM/Inc/events/IEventSrc_vtbl.h:86:18:IEventSrcSendEvent	24	static
../../../../../../Middlewares/ST/eLooM/Inc/events/ISourceObservable_vtbl.h:69:23:ISourceGetId	16	static
../../../../../../Middlewares/ST/eLooM/Inc/events/ISourceObservable_vtbl.h:76:27:ISourceGetEventSrcIF	16	static
/Users/leonardoiacussi/eai-polimi/ai_dpu_stwin_box/Projects/eLooM_Components/DPU/Src/ADPU.c:59:18:ADPU_Init_vtbl	24	static
/Users/leonardoiacussi/eai-polimi/ai_dpu_stwin_box/Projects/eLooM_Components/DPU/Src/ADPU.c:85:18:ADPU_AttachToSensor_vtbl	48	static
/Users/leonardoiacussi/eai-polimi/ai_dpu_stwin_box/Projects/eLooM_Components/DPU/Src/ADPU.c:136:18:ADPU_DetachFromSensor_vtbl	32	static
/Users/leonardoiacussi/eai-polimi/ai_dpu_stwin_box/Projects/eLooM_Components/DPU/Src/ADPU.c:177:18:ADPU_AttachInputADPU_vtbl	40	static
/Users/leonardoiacussi/eai-polimi/ai_dpu_stwin_box/Projects/eLooM_Components/DPU/Src/ADPU.c:223:18:ADPU_DetachFromADPU_vtbl	24	static
/Users/leonardoiacussi/eai-polimi/ai_dpu_stwin_box/Projects/eLooM_Components/DPU/Src/ADPU.c:246:18:ADPU_DispatchEvents_vtbl	24	static
/Users/leonardoiacussi/eai-polimi/ai_dpu_stwin_box/Projects/eLooM_Components/DPU/Src/ADPU.c:273:25:ADPU_NotifyDPUDataReady_vtbl	32	static
/Users/leonardoiacussi/eai-polimi/ai_dpu_stwin_box/Projects/eLooM_Components/DPU/Src/ADPU.c:312:18:ADPU_RegisterNotifyCallbacks_vtbl	32	static
/Users/leonardoiacussi/eai-polimi/ai_dpu_stwin_box/Projects/eLooM_Components/DPU/Src/ADPU.c:327:6:ADPU_SetOwner_vtbl	24	static
/Users/leonardoiacussi/eai-polimi/ai_dpu_stwin_box/Projects/eLooM_Components/DPU/Src/ADPU.c:336:7:ADPU_GetOwner_vtbl	24	static
/Users/leonardoiacussi/eai-polimi/ai_dpu_stwin_box/Projects/eLooM_Components/DPU/Src/ADPU.c:347:18:ADP_OnNewDataReady_vtbl	32	static
/Users/leonardoiacussi/eai-polimi/ai_dpu_stwin_box/Projects/eLooM_Components/DPU/Src/ADPU.c:397:17:ADPU_GetEventListenerIF	16	static
/Users/leonardoiacussi/eai-polimi/ai_dpu_stwin_box/Projects/eLooM_Components/DPU/Src/ADPU.c:403:12:ADPU_GetEventSrcIF	16	static
/Users/leonardoiacussi/eai-polimi/ai_dpu_stwin_box/Projects/eLooM_Components/DPU/Src/ADPU.c:409:18:ADPU_SetTag	16	static
/Users/leonardoiacussi/eai-polimi/ai_dpu_stwin_box/Projects/eLooM_Components/DPU/Src/ADPU.c:415:10:ADPU_GetTag	16	static
/Users/leonardoiacussi/eai-polimi/ai_dpu_stwin_box/Projects/eLooM_Components/DPU/Src/ADPU.c:421:18:ADPU_Reset	40	static
/Users/leonardoiacussi/eai-polimi/ai_dpu_stwin_box/Projects/eLooM_Components/DPU/Src/ADPU.c:455:18:ADPU_Resume	24	static
/Users/leonardoiacussi/eai-polimi/ai_dpu_stwin_box/Projects/eLooM_Components/DPU/Src/ADPU.c:464:18:ADPU_Suspend	24	static
/Users/leonardoiacussi/eai-polimi/ai_dpu_stwin_box/Projects/eLooM_Components/DPU/Src/ADPU.c:476:25:CB_storing_int16_toInt16_helper	160	static
/Users/leonardoiacussi/eai-polimi/ai_dpu_stwin_box/Projects/eLooM_Components/DPU/Src/ADPU.c:646:25:CB_storing_int16_toFloat_helper	160	static
/Users/leonardoiacussi/eai-polimi/ai_dpu_stwin_box/Projects/eLooM_Components/DPU/Src/ADPU.c:794:25:CB_storing_float_toFloat_helper	160	static
/Users/leonardoiacussi/eai-polimi/ai_dpu_stwin_box/Projects/eLooM_Components/DPU/Src/ADPU.c:935:21:GetSensor	16	static
/Users/leonardoiacussi/eai-polimi/ai_dpu_stwin_box/Projects/eLooM_Components/DPU/Src/ADPU.c:941:13:SetNextDPU	16	static
