../../../../../../Middlewares/ST/eLooM/Inc/events/IEventListener_vtbl.h:65:6:IEventListenerSetOwner	16	static
../../../../../../Middlewares/ST/eLooM/Inc/events/IEvent.h:74:18:IEventInit	16	static
../../../../../../Projects/eLooM_Components/DPU/Inc/events/ProcessEvent.h:87:18:ProcessEventInit	32	static
../../../../../../Projects/eLooM_Components/DPU/Inc/AiDPU.h:177:11:AiDPUGetProcessingMode	24	static
/Users/leonardoiacussi/eai-polimi/ai_dpu_stwin_box/Projects/eLooM_Components/DPU/Src/AiDPU.c:71:7:AiDPUAlloc	16	static
/Users/leonardoiacussi/eai-polimi/ai_dpu_stwin_box/Projects/eLooM_Components/DPU/Src/AiDPU.c:81:7:AiDPUStaticAlloc	24	static
/Users/leonardoiacussi/eai-polimi/ai_dpu_stwin_box/Projects/eLooM_Components/DPU/Src/AiDPU.c:92:18:AiDPUSetSensitivity	16	static
/Users/leonardoiacussi/eai-polimi/ai_dpu_stwin_box/Projects/eLooM_Components/DPU/Src/AiDPU.c:101:18:AiDPUSetProcessingMode	24	static
/Users/leonardoiacussi/eai-polimi/ai_dpu_stwin_box/Projects/eLooM_Components/DPU/Src/AiDPU.c:118:10:AiDPUSetStreamsParam	16	static
/Users/leonardoiacussi/eai-polimi/ai_dpu_stwin_box/Projects/eLooM_Components/DPU/Src/AiDPU.c:153:18:AiDPUPrepareToProcessData	24	static
/Users/leonardoiacussi/eai-polimi/ai_dpu_stwin_box/Projects/eLooM_Components/DPU/Src/AiDPU.c:169:18:AiDPU_vtblInit	24	static
/Users/leonardoiacussi/eai-polimi/ai_dpu_stwin_box/Projects/eLooM_Components/DPU/Src/AiDPU.c:194:18:AiDPU_vtblProcess	656	static
/Users/leonardoiacussi/eai-polimi/ai_dpu_stwin_box/Projects/eLooM_Components/DPU/Src/AiDPU.c:271:25:AiDPUAreStreamsInitialized	16	static
