/Users/leonardoiacussi/Desktop/PhD/Firmware/Projects/STM32L4R9ZI-STWIN/Applications/FP-AI-MONITOR1/signal_processing_lib/lib_features_extraction/Src/ai_logging.c:32:6:ai_logging_clear_packet	16	static
/Users/leonardoiacussi/Desktop/PhD/Firmware/Projects/STM32L4R9ZI-STWIN/Applications/FP-AI-MONITOR1/signal_processing_lib/lib_features_extraction/Src/ai_logging.c:43:6:ai_logging_create_shape_0d	16	static
/Users/leonardoiacussi/Desktop/PhD/Firmware/Projects/STM32L4R9ZI-STWIN/Applications/FP-AI-MONITOR1/signal_processing_lib/lib_features_extraction/Src/ai_logging.c:49:6:ai_logging_create_shape_1d	16	static
/Users/leonardoiacussi/Desktop/PhD/Firmware/Projects/STM32L4R9ZI-STWIN/Applications/FP-AI-MONITOR1/signal_processing_lib/lib_features_extraction/Src/ai_logging.c:56:6:ai_logging_create_shape_2d	16	static
/Users/leonardoiacussi/Desktop/PhD/Firmware/Projects/STM32L4R9ZI-STWIN/Applications/FP-AI-MONITOR1/signal_processing_lib/lib_features_extraction/Src/ai_logging.c:62:6:ai_logging_create_shape_3d	24	static
