/Users/leonardoiacussi/Desktop/PhD/Firmware/Projects/STM32L4R9ZI-STWIN/Applications/FP-AI-MONITOR1/signal_processing_lib/lib_features_extraction/Src/features_extraction.c:33:9:fmtCheckFloat32	24	static
/Users/leonardoiacussi/Desktop/PhD/Firmware/Projects/STM32L4R9ZI-STWIN/Applications/FP-AI-MONITOR1/signal_processing_lib/lib_features_extraction/Src/features_extraction.c:154:9:getOutputDim2D	40	static
/Users/leonardoiacussi/Desktop/PhD/Firmware/Projects/STM32L4R9ZI-STWIN/Applications/FP-AI-MONITOR1/signal_processing_lib/lib_features_extraction/Src/features_extraction.c:211:9:AI_SP_Stat_GetOutputDim	32	static
/Users/leonardoiacussi/Desktop/PhD/Firmware/Projects/STM32L4R9ZI-STWIN/Applications/FP-AI-MONITOR1/signal_processing_lib/lib_features_extraction/Src/features_extraction.c:224:9:AI_SP_Stat_Process	184	static
/Users/leonardoiacussi/Desktop/PhD/Firmware/Projects/STM32L4R9ZI-STWIN/Applications/FP-AI-MONITOR1/signal_processing_lib/lib_features_extraction/Src/features_extraction.c:305:9:AI_SP_Mag_GetOutputDim	32	static
/Users/leonardoiacussi/Desktop/PhD/Firmware/Projects/STM32L4R9ZI-STWIN/Applications/FP-AI-MONITOR1/signal_processing_lib/lib_features_extraction/Src/features_extraction.c:318:9:AI_SP_Mag_Process	160	static
/Users/leonardoiacussi/Desktop/PhD/Firmware/Projects/STM32L4R9ZI-STWIN/Applications/FP-AI-MONITOR1/signal_processing_lib/lib_features_extraction/Src/features_extraction.c:350:9:AI_SP_Rms_GetOutputDim	32	static
/Users/leonardoiacussi/Desktop/PhD/Firmware/Projects/STM32L4R9ZI-STWIN/Applications/FP-AI-MONITOR1/signal_processing_lib/lib_features_extraction/Src/features_extraction.c:362:9:AI_SP_Rms_Process	160	static
/Users/leonardoiacussi/Desktop/PhD/Firmware/Projects/STM32L4R9ZI-STWIN/Applications/FP-AI-MONITOR1/signal_processing_lib/lib_features_extraction/Src/features_extraction.c:394:9:AI_SP_Skewness_GetOutputDim	32	static
/Users/leonardoiacussi/Desktop/PhD/Firmware/Projects/STM32L4R9ZI-STWIN/Applications/FP-AI-MONITOR1/signal_processing_lib/lib_features_extraction/Src/features_extraction.c:406:9:AI_SP_Skewness_Process	184	static
/Users/leonardoiacussi/Desktop/PhD/Firmware/Projects/STM32L4R9ZI-STWIN/Applications/FP-AI-MONITOR1/signal_processing_lib/lib_features_extraction/Src/features_extraction.c:476:9:AI_SP_Flatness_GetOutputDim	32	static
/Users/leonardoiacussi/Desktop/PhD/Firmware/Projects/STM32L4R9ZI-STWIN/Applications/FP-AI-MONITOR1/signal_processing_lib/lib_features_extraction/Src/features_extraction.c:488:9:AI_SP_Flatness_Process	168	static
/Users/leonardoiacussi/Desktop/PhD/Firmware/Projects/STM32L4R9ZI-STWIN/Applications/FP-AI-MONITOR1/signal_processing_lib/lib_features_extraction/Src/features_extraction.c:528:9:AI_SP_Zcr_GetOutputDim	32	static
/Users/leonardoiacussi/Desktop/PhD/Firmware/Projects/STM32L4R9ZI-STWIN/Applications/FP-AI-MONITOR1/signal_processing_lib/lib_features_extraction/Src/features_extraction.c:540:9:AI_SP_Zcr_Process	176	static
/Users/leonardoiacussi/Desktop/PhD/Firmware/Projects/STM32L4R9ZI-STWIN/Applications/FP-AI-MONITOR1/signal_processing_lib/lib_features_extraction/Src/features_extraction.c:581:9:AI_SP_Entropy_GetOutputDim	32	static
/Users/leonardoiacussi/Desktop/PhD/Firmware/Projects/STM32L4R9ZI-STWIN/Applications/FP-AI-MONITOR1/signal_processing_lib/lib_features_extraction/Src/features_extraction.c:593:9:AI_SP_Entropy_Process	224	dynamic
/Users/leonardoiacussi/Desktop/PhD/Firmware/Projects/STM32L4R9ZI-STWIN/Applications/FP-AI-MONITOR1/signal_processing_lib/lib_features_extraction/Src/features_extraction.c:664:9:AI_SP_Ar3_GetOutputDim	32	static
/Users/leonardoiacussi/Desktop/PhD/Firmware/Projects/STM32L4R9ZI-STWIN/Applications/FP-AI-MONITOR1/signal_processing_lib/lib_features_extraction/Src/features_extraction.c:676:9:AI_SP_Ar3_Process	208	static
/Users/leonardoiacussi/Desktop/PhD/Firmware/Projects/STM32L4R9ZI-STWIN/Applications/FP-AI-MONITOR1/signal_processing_lib/lib_features_extraction/Src/features_extraction.c:754:9:AI_SP_SpectralFlatness_GetOutputDim	32	static
/Users/leonardoiacussi/Desktop/PhD/Firmware/Projects/STM32L4R9ZI-STWIN/Applications/FP-AI-MONITOR1/signal_processing_lib/lib_features_extraction/Src/features_extraction.c:766:9:AI_SP_SpectralFlatness_Process	176	static
/Users/leonardoiacussi/Desktop/PhD/Firmware/Projects/STM32L4R9ZI-STWIN/Applications/FP-AI-MONITOR1/signal_processing_lib/lib_features_extraction/Src/features_extraction.c:817:9:AI_SP_SpectralCentroid_GetOutputDim	32	static
/Users/leonardoiacussi/Desktop/PhD/Firmware/Projects/STM32L4R9ZI-STWIN/Applications/FP-AI-MONITOR1/signal_processing_lib/lib_features_extraction/Src/features_extraction.c:829:9:AI_SP_SpectralCentroid_Process	192	static
/Users/leonardoiacussi/Desktop/PhD/Firmware/Projects/STM32L4R9ZI-STWIN/Applications/FP-AI-MONITOR1/signal_processing_lib/lib_features_extraction/Src/features_extraction.c:952:9:AI_SP_SpectralCrest_GetOutputDim	32	static
/Users/leonardoiacussi/Desktop/PhD/Firmware/Projects/STM32L4R9ZI-STWIN/Applications/FP-AI-MONITOR1/signal_processing_lib/lib_features_extraction/Src/features_extraction.c:964:9:AI_SP_SpectralCrest_Process	176	static
/Users/leonardoiacussi/Desktop/PhD/Firmware/Projects/STM32L4R9ZI-STWIN/Applications/FP-AI-MONITOR1/signal_processing_lib/lib_features_extraction/Src/features_extraction.c:1015:9:AI_SP_SpectralEntropy_GetOutputDim	32	static
/Users/leonardoiacussi/Desktop/PhD/Firmware/Projects/STM32L4R9ZI-STWIN/Applications/FP-AI-MONITOR1/signal_processing_lib/lib_features_extraction/Src/features_extraction.c:1027:9:AI_SP_SpectralEntropy_Process	176	static
/Users/leonardoiacussi/Desktop/PhD/Firmware/Projects/STM32L4R9ZI-STWIN/Applications/FP-AI-MONITOR1/signal_processing_lib/lib_features_extraction/Src/features_extraction.c:1070:9:AI_SP_SpectralPeak_GetOutputDim	32	static
/Users/leonardoiacussi/Desktop/PhD/Firmware/Projects/STM32L4R9ZI-STWIN/Applications/FP-AI-MONITOR1/signal_processing_lib/lib_features_extraction/Src/features_extraction.c:1082:9:AI_SP_SpectralPeak_Process	192	static
