../Drivers/BSP/Components/ilps22qs/ilps22qs_reg.c:49:9:ilps22qs_read_reg	40	static
../Drivers/BSP/Components/ilps22qs/ilps22qs_reg.c:67:9:ilps22qs_write_reg	40	static
../Drivers/BSP/Components/ilps22qs/ilps22qs_reg.c:87:13:bytecpy	16	static
../Drivers/BSP/Components/ilps22qs/ilps22qs_reg.c:107:9:ilps22qs_from_fs1260_to_hPa	16	static
../Drivers/BSP/Components/ilps22qs/ilps22qs_reg.c:112:9:ilps22qs_from_fs4000_to_hPa	16	static
../Drivers/BSP/Components/ilps22qs/ilps22qs_reg.c:117:9:ilps22qs_from_lsb_to_celsius	16	static
../Drivers/BSP/Components/ilps22qs/ilps22qs_reg.c:143:9:ilps22qs_id_get	24	static
../Drivers/BSP/Components/ilps22qs/ilps22qs_reg.c:162:9:ilps22qs_bus_mode_set	32	static
../Drivers/BSP/Components/ilps22qs/ilps22qs_reg.c:197:9:ilps22qs_bus_mode_get	32	static
../Drivers/BSP/Components/ilps22qs/ilps22qs_reg.c:249:9:ilps22qs_init_set	32	static
../Drivers/BSP/Components/ilps22qs/ilps22qs_reg.c:297:9:ilps22qs_status_get	40	static
../Drivers/BSP/Components/ilps22qs/ilps22qs_reg.c:340:9:ilps22qs_pin_conf_set	24	static
../Drivers/BSP/Components/ilps22qs/ilps22qs_reg.c:365:9:ilps22qs_pin_conf_get	24	static
../Drivers/BSP/Components/ilps22qs/ilps22qs_reg.c:386:9:ilps22qs_all_sources_get	32	static
../Drivers/BSP/Components/ilps22qs/ilps22qs_reg.c:427:9:ilps22qs_mode_set	32	static
../Drivers/BSP/Components/ilps22qs/ilps22qs_reg.c:463:9:ilps22qs_mode_get	32	static
../Drivers/BSP/Components/ilps22qs/ilps22qs_reg.c:582:9:ilps22qs_trigger_sw	24	static
../Drivers/BSP/Components/ilps22qs/ilps22qs_reg.c:607:9:ilps22qs_ah_qvar_en_set	24	static
../Drivers/BSP/Components/ilps22qs/ilps22qs_reg.c:631:9:ilps22qs_ah_qvar_en_get	24	static
../Drivers/BSP/Components/ilps22qs/ilps22qs_reg.c:651:9:ilps22qs_data_get	40	static
../Drivers/BSP/Components/ilps22qs/ilps22qs_reg.c:695:9:ilps22qs_ah_qvar_data_get	32	static
../Drivers/BSP/Components/ilps22qs/ilps22qs_reg.c:734:9:ilps22qs_fifo_mode_set	32	static
../Drivers/BSP/Components/ilps22qs/ilps22qs_reg.c:777:9:ilps22qs_fifo_mode_get	32	static
../Drivers/BSP/Components/ilps22qs/ilps22qs_reg.c:828:9:ilps22qs_fifo_level_get	24	static
../Drivers/BSP/Components/ilps22qs/ilps22qs_reg.c:852:9:ilps22qs_fifo_data_get	48	static
../Drivers/BSP/Components/ilps22qs/ilps22qs_reg.c:906:9:ilps22qs_interrupt_mode_set	24	static
../Drivers/BSP/Components/ilps22qs/ilps22qs_reg.c:931:9:ilps22qs_interrupt_mode_get	24	static
../Drivers/BSP/Components/ilps22qs/ilps22qs_reg.c:952:9:ilps22qs_ah_qvar_disable	24	static
../Drivers/BSP/Components/ilps22qs/ilps22qs_reg.c:983:9:ilps22qs_int_on_threshold_mode_set	40	static
../Drivers/BSP/Components/ilps22qs/ilps22qs_reg.c:1021:9:ilps22qs_int_on_threshold_mode_get	40	static
../Drivers/BSP/Components/ilps22qs/ilps22qs_reg.c:1065:9:ilps22qs_reference_mode_set	24	static
../Drivers/BSP/Components/ilps22qs/ilps22qs_reg.c:1095:9:ilps22qs_reference_mode_get	24	static
../Drivers/BSP/Components/ilps22qs/ilps22qs_reg.c:1130:9:ilps22qs_opc_set	24	static
../Drivers/BSP/Components/ilps22qs/ilps22qs_reg.c:1151:9:ilps22qs_opc_get	24	static
