../../Inc/AITask.h:149:15:AITaskGetInQueue	16	static
/Users/leonardoiacussi/Desktop/PhD/Firmware/Projects/STM32L4R9ZI-STWIN/Applications/FP-AI-MONITOR1/Src/AITask.c:161:17:AITaskAlloc	8	static
/Users/leonardoiacussi/Desktop/PhD/Firmware/Projects/STM32L4R9ZI-STWIN/Applications/FP-AI-MONITOR1/Src/AITask.c:175:18:AiTaskAttachToSensorEx	32	static
/Users/leonardoiacussi/Desktop/PhD/Firmware/Projects/STM32L4R9ZI-STWIN/Applications/FP-AI-MONITOR1/Src/AITask.c:206:18:AiTaskAttachToSensor	32	static
/Users/leonardoiacussi/Desktop/PhD/Firmware/Projects/STM32L4R9ZI-STWIN/Applications/FP-AI-MONITOR1/Src/AITask.c:211:18:AiTaskAddDPUListener	32	static
/Users/leonardoiacussi/Desktop/PhD/Firmware/Projects/STM32L4R9ZI-STWIN/Applications/FP-AI-MONITOR1/Src/AITask.c:239:18:AiTaskRemoveDPUListener	32	static
/Users/leonardoiacussi/Desktop/PhD/Firmware/Projects/STM32L4R9ZI-STWIN/Applications/FP-AI-MONITOR1/Src/AITask.c:271:18:AITask_vtblHardwareInit	24	static
/Users/leonardoiacussi/Desktop/PhD/Firmware/Projects/STM32L4R9ZI-STWIN/Applications/FP-AI-MONITOR1/Src/AITask.c:282:18:AITask_vtblOnCreateTask	40	static
/Users/leonardoiacussi/Desktop/PhD/Firmware/Projects/STM32L4R9ZI-STWIN/Applications/FP-AI-MONITOR1/Src/AITask.c:322:18:AITask_vtblDoEnterPowerMode	32	static
/Users/leonardoiacussi/Desktop/PhD/Firmware/Projects/STM32L4R9ZI-STWIN/Applications/FP-AI-MONITOR1/Src/AITask.c:346:18:AITask_vtblHandleError	24	static
/Users/leonardoiacussi/Desktop/PhD/Firmware/Projects/STM32L4R9ZI-STWIN/Applications/FP-AI-MONITOR1/Src/AITask.c:355:18:AITask_vtblOnEnterTaskControlLoop	24	static
/Users/leonardoiacussi/Desktop/PhD/Firmware/Projects/STM32L4R9ZI-STWIN/Applications/FP-AI-MONITOR1/Src/AITask.c:370:18:AITask_vtblForceExecuteStep	32	static
/Users/leonardoiacussi/Desktop/PhD/Firmware/Projects/STM32L4R9ZI-STWIN/Applications/FP-AI-MONITOR1/Src/AITask.c:388:18:AITask_vtblOnEnterPowerMode	24	static
/Users/leonardoiacussi/Desktop/PhD/Firmware/Projects/STM32L4R9ZI-STWIN/Applications/FP-AI-MONITOR1/Src/AITask.c:401:25:AITaskExecuteStepState1	40	static,ignoring_inline_asm
/Users/leonardoiacussi/Desktop/PhD/Firmware/Projects/STM32L4R9ZI-STWIN/Applications/FP-AI-MONITOR1/Src/AITask.c:461:25:AITaskExecuteStepAIActive	32	static,ignoring_inline_asm
/Users/leonardoiacussi/Desktop/PhD/Firmware/Projects/STM32L4R9ZI-STWIN/Applications/FP-AI-MONITOR1/Src/AITask.c:534:13:AiTaskDPUCallback	32	static
/Users/leonardoiacussi/Desktop/PhD/Firmware/Projects/STM32L4R9ZI-STWIN/Applications/FP-AI-MONITOR1/Src/AITask.c:548:25:AiTaskDetachFromSensor	24	static
