../../Inc/NeaiTask.h:175:15:NeaiTaskGetInQueue	16	static
../../Inc/NeaiTask.h:182:7:NeaiTaskGetDPU	16	static
/Users/leonardoiacussi/Desktop/PhD/Firmware/Projects/STM32L4R9ZI-STWIN/Applications/FP-AI-MONITOR1/Src/NeaiTask.c:160:17:NeaiTaskAlloc	8	static
/Users/leonardoiacussi/Desktop/PhD/Firmware/Projects/STM32L4R9ZI-STWIN/Applications/FP-AI-MONITOR1/Src/NeaiTask.c:174:18:NeaiTaskAttachToSensorEx	32	static
/Users/leonardoiacussi/Desktop/PhD/Firmware/Projects/STM32L4R9ZI-STWIN/Applications/FP-AI-MONITOR1/Src/NeaiTask.c:203:18:NeaiTaskAttachToSensor	32	static
/Users/leonardoiacussi/Desktop/PhD/Firmware/Projects/STM32L4R9ZI-STWIN/Applications/FP-AI-MONITOR1/Src/NeaiTask.c:208:18:NeaiTaskAddDPUListener	32	static
/Users/leonardoiacussi/Desktop/PhD/Firmware/Projects/STM32L4R9ZI-STWIN/Applications/FP-AI-MONITOR1/Src/NeaiTask.c:236:18:NeaiTaskRemoveDPUListener	32	static
/Users/leonardoiacussi/Desktop/PhD/Firmware/Projects/STM32L4R9ZI-STWIN/Applications/FP-AI-MONITOR1/Src/NeaiTask.c:264:18:NeaiTaskSetSensitivity	32	static
/Users/leonardoiacussi/Desktop/PhD/Firmware/Projects/STM32L4R9ZI-STWIN/Applications/FP-AI-MONITOR1/Src/NeaiTask.c:301:6:NeaiTaskIsStubLibrary	4	static
/Users/leonardoiacussi/Desktop/PhD/Firmware/Projects/STM32L4R9ZI-STWIN/Applications/FP-AI-MONITOR1/Src/NeaiTask.c:317:18:NeaiTask_vtblHardwareInit	24	static
/Users/leonardoiacussi/Desktop/PhD/Firmware/Projects/STM32L4R9ZI-STWIN/Applications/FP-AI-MONITOR1/Src/NeaiTask.c:326:18:NeaiTask_vtblOnCreateTask	40	static
/Users/leonardoiacussi/Desktop/PhD/Firmware/Projects/STM32L4R9ZI-STWIN/Applications/FP-AI-MONITOR1/Src/NeaiTask.c:369:18:NeaiTask_vtblDoEnterPowerMode	40	static
/Users/leonardoiacussi/Desktop/PhD/Firmware/Projects/STM32L4R9ZI-STWIN/Applications/FP-AI-MONITOR1/Src/NeaiTask.c:398:18:NeaiTask_vtblHandleError	24	static
/Users/leonardoiacussi/Desktop/PhD/Firmware/Projects/STM32L4R9ZI-STWIN/Applications/FP-AI-MONITOR1/Src/NeaiTask.c:407:18:NeaiTask_vtblOnEnterTaskControlLoop	24	static
/Users/leonardoiacussi/Desktop/PhD/Firmware/Projects/STM32L4R9ZI-STWIN/Applications/FP-AI-MONITOR1/Src/NeaiTask.c:422:18:NeaiTask_vtblForceExecuteStep	32	static
/Users/leonardoiacussi/Desktop/PhD/Firmware/Projects/STM32L4R9ZI-STWIN/Applications/FP-AI-MONITOR1/Src/NeaiTask.c:440:18:NeaiTask_vtblOnEnterPowerMode	24	static
/Users/leonardoiacussi/Desktop/PhD/Firmware/Projects/STM32L4R9ZI-STWIN/Applications/FP-AI-MONITOR1/Src/NeaiTask.c:453:25:NeaiTaskExecuteStepState1	40	static,ignoring_inline_asm
/Users/leonardoiacussi/Desktop/PhD/Firmware/Projects/STM32L4R9ZI-STWIN/Applications/FP-AI-MONITOR1/Src/NeaiTask.c:520:25:NeaiTaskExecuteStepNEAIActive	32	static,ignoring_inline_asm
/Users/leonardoiacussi/Desktop/PhD/Firmware/Projects/STM32L4R9ZI-STWIN/Applications/FP-AI-MONITOR1/Src/NeaiTask.c:557:13:NeaiTaskDPUCallback	32	static
/Users/leonardoiacussi/Desktop/PhD/Firmware/Projects/STM32L4R9ZI-STWIN/Applications/FP-AI-MONITOR1/Src/NeaiTask.c:571:25:NeaiTaskDetachFromSensor	24	static
