/Users/leonardoiacussi/Desktop/PhD/Firmware/Projects/STM32L4R9ZI-STWIN/Applications/FP-AI-MONITOR1/Src/usbd_cdc_if.c:173:15:CDC_Init_FS	8	static
/Users/leonardoiacussi/Desktop/PhD/Firmware/Projects/STM32L4R9ZI-STWIN/Applications/FP-AI-MONITOR1/Src/usbd_cdc_if.c:189:15:CDC_DeInit_FS	4	static
/Users/leonardoiacussi/Desktop/PhD/Firmware/Projects/STM32L4R9ZI-STWIN/Applications/FP-AI-MONITOR1/Src/usbd_cdc_if.c:203:15:CDC_Control_FS	16	static
/Users/leonardoiacussi/Desktop/PhD/Firmware/Projects/STM32L4R9ZI-STWIN/Applications/FP-AI-MONITOR1/Src/usbd_cdc_if.c:305:8:CDC_Receive_FS	24	static
/Users/leonardoiacussi/Desktop/PhD/Firmware/Projects/STM32L4R9ZI-STWIN/Applications/FP-AI-MONITOR1/Src/usbd_cdc_if.c:356:9:CDC_Transmit_FS	24	static
/Users/leonardoiacussi/Desktop/PhD/Firmware/Projects/STM32L4R9ZI-STWIN/Applications/FP-AI-MONITOR1/Src/usbd_cdc_if.c:375:6:CDC_SetOutQueue	16	static
