../../Inc/UtilTask.h:254:18:UtilTaskSetCtrlInQueue	16	static
../../Inc/UtilTask.h:264:18:UtilTaskSetLED2Enable	16	static
../../Inc/UtilTask.h:281:15:UtilTaskGetInQueue	16	static
/Users/leonardoiacussi/Desktop/PhD/Firmware/Projects/STM32L4R9ZI-STWIN/Applications/FP-AI-MONITOR1/Src/UtilTask.c:182:17:UtilTaskAlloc	24	static
/Users/leonardoiacussi/Desktop/PhD/Firmware/Projects/STM32L4R9ZI-STWIN/Applications/FP-AI-MONITOR1/Src/UtilTask.c:199:18:UtilTaskSetAutoLowPowerModePeriod	16	static
/Users/leonardoiacussi/Desktop/PhD/Firmware/Projects/STM32L4R9ZI-STWIN/Applications/FP-AI-MONITOR1/Src/UtilTask.c:208:20:GetSMUtilityDriver	4	static
/Users/leonardoiacussi/Desktop/PhD/Firmware/Projects/STM32L4R9ZI-STWIN/Applications/FP-AI-MONITOR1/Src/UtilTask.c:216:18:UtilTask_vtblHardwareInit	80	static
/Users/leonardoiacussi/Desktop/PhD/Firmware/Projects/STM32L4R9ZI-STWIN/Applications/FP-AI-MONITOR1/Src/UtilTask.c:306:18:UtilTask_vtblOnCreateTask	40	static
/Users/leonardoiacussi/Desktop/PhD/Firmware/Projects/STM32L4R9ZI-STWIN/Applications/FP-AI-MONITOR1/Src/UtilTask.c:383:18:UtilTask_vtblDoEnterPowerMode	48	static
/Users/leonardoiacussi/Desktop/PhD/Firmware/Projects/STM32L4R9ZI-STWIN/Applications/FP-AI-MONITOR1/Src/UtilTask.c:485:18:UtilTask_vtblHandleError	24	static
/Users/leonardoiacussi/Desktop/PhD/Firmware/Projects/STM32L4R9ZI-STWIN/Applications/FP-AI-MONITOR1/Src/UtilTask.c:494:18:UtilTask_vtblOnEnterTaskControlLoop	24	static
/Users/leonardoiacussi/Desktop/PhD/Firmware/Projects/STM32L4R9ZI-STWIN/Applications/FP-AI-MONITOR1/Src/UtilTask.c:514:18:UtilTask_vtblForceExecuteStep	32	static
/Users/leonardoiacussi/Desktop/PhD/Firmware/Projects/STM32L4R9ZI-STWIN/Applications/FP-AI-MONITOR1/Src/UtilTask.c:536:18:UtilTask_vtblOnEnterPowerMode	24	static
/Users/leonardoiacussi/Desktop/PhD/Firmware/Projects/STM32L4R9ZI-STWIN/Applications/FP-AI-MONITOR1/Src/UtilTask.c:549:25:UtilTaskExecuteStepState1	64	static,ignoring_inline_asm
/Users/leonardoiacussi/Desktop/PhD/Firmware/Projects/STM32L4R9ZI-STWIN/Applications/FP-AI-MONITOR1/Src/UtilTask.c:683:25:UtilTaskExecuteStepSensorsActive	40	static,ignoring_inline_asm
/Users/leonardoiacussi/Desktop/PhD/Firmware/Projects/STM32L4R9ZI-STWIN/Applications/FP-AI-MONITOR1/Src/UtilTask.c:737:13:UtilTaskSwTimerAutoLowPowerCallbackFunction	24	static
/Users/leonardoiacussi/Desktop/PhD/Firmware/Projects/STM32L4R9ZI-STWIN/Applications/FP-AI-MONITOR1/Src/UtilTask.c:746:13:UtilTaskSwTimerDoubleClickCallbackFunction	32	static
/Users/leonardoiacussi/Desktop/PhD/Firmware/Projects/STM32L4R9ZI-STWIN/Applications/FP-AI-MONITOR1/Src/UtilTask.c:757:13:UtilTaskSwTimerLEDCallbackFunction	24	static
/Users/leonardoiacussi/Desktop/PhD/Firmware/Projects/STM32L4R9ZI-STWIN/Applications/FP-AI-MONITOR1/Src/UtilTask.c:806:18:UtilTaskSetLED	24	static
/Users/leonardoiacussi/Desktop/PhD/Firmware/Projects/STM32L4R9ZI-STWIN/Applications/FP-AI-MONITOR1/Src/UtilTask.c:825:6:Util_UB_EXTI_Callback	32	static
/Users/leonardoiacussi/Desktop/PhD/Firmware/Projects/STM32L4R9ZI-STWIN/Applications/FP-AI-MONITOR1/Src/UtilTask.c:850:6:Util_PB_EXTI_Callback	24	static
