/Users/leonardoiacussi/eai-polimi/ai_dpu_stwin_box/Projects/STWIN.box/Applications/AiDpuDemo_prj/X-CUBE-AI/App/app_x-cube-ai.c:119:9:ai_mnetwork_is_valid	24	static
/Users/leonardoiacussi/eai-polimi/ai_dpu_stwin_box/Projects/STWIN.box/Applications/AiDpuDemo_prj/X-CUBE-AI/App/app_x-cube-ai.c:129:26:ai_mnetwork_handle	24	static
/Users/leonardoiacussi/eai-polimi/ai_dpu_stwin_box/Projects/STWIN.box/Applications/AiDpuDemo_prj/X-CUBE-AI/App/app_x-cube-ai.c:141:6:ai_mnetwork_release_handle	24	static
/Users/leonardoiacussi/eai-polimi/ai_dpu_stwin_box/Projects/STWIN.box/Applications/AiDpuDemo_prj/X-CUBE-AI/App/app_x-cube-ai.c:152:13:ai_mnetwork_find	24	static
/Users/leonardoiacussi/eai-polimi/ai_dpu_stwin_box/Projects/STWIN.box/Applications/AiDpuDemo_prj/X-CUBE-AI/App/app_x-cube-ai.c:169:10:ai_mnetwork_create	48	static
/Users/leonardoiacussi/eai-polimi/ai_dpu_stwin_box/Projects/STWIN.box/Applications/AiDpuDemo_prj/X-CUBE-AI/App/app_x-cube-ai.c:211:11:ai_mnetwork_destroy	24	static
/Users/leonardoiacussi/eai-polimi/ai_dpu_stwin_box/Projects/STWIN.box/Applications/AiDpuDemo_prj/X-CUBE-AI/App/app_x-cube-ai.c:226:9:ai_mnetwork_get_report	24	static
/Users/leonardoiacussi/eai-polimi/ai_dpu_stwin_box/Projects/STWIN.box/Applications/AiDpuDemo_prj/X-CUBE-AI/App/app_x-cube-ai.c:237:10:ai_mnetwork_get_error	24	static
/Users/leonardoiacussi/eai-polimi/ai_dpu_stwin_box/Projects/STWIN.box/Applications/AiDpuDemo_prj/X-CUBE-AI/App/app_x-cube-ai.c:252:9:ai_mnetwork_init	80	static
/Users/leonardoiacussi/eai-polimi/ai_dpu_stwin_box/Projects/STWIN.box/Applications/AiDpuDemo_prj/X-CUBE-AI/App/app_x-cube-ai.c:269:8:ai_mnetwork_run	32	static
/Users/leonardoiacussi/eai-polimi/ai_dpu_stwin_box/Projects/STWIN.box/Applications/AiDpuDemo_prj/X-CUBE-AI/App/app_x-cube-ai.c:281:8:ai_mnetwork_forward	24	static
/Users/leonardoiacussi/eai-polimi/ai_dpu_stwin_box/Projects/STWIN.box/Applications/AiDpuDemo_prj/X-CUBE-AI/App/app_x-cube-ai.c:292:6:ai_mnetwork_get_private_handle	40	static
